{
  "aggregator": "gated_attention",
  "completed_fold_count": 1,
  "fold_count": 5,
  "fold_metrics": [
    {
      "best_epoch": 20,
      "early_stopping_monitor": null,
      "epochs_ran": 20,
      "fold": 0,
      "macro_f1": 0.27807486631016043,
      "macro_pr_auc": 0.6091703956104542,
      "macro_recall": 0.19528619528619529,
      "per_code": {
        "blur": {
          "f1": 0.47058823529411764,
          "pr_auc": 0.7891708437761069,
          "recall": 0.36363636363636365,
          "valid_positive_count": 11
        },
        "flash": {
          "f1": 0.36363636363636365,
          "pr_auc": 0.9214572261721387,
          "recall": 0.2222222222222222,
          "valid_positive_count": 18
        },
        "tunnel": {
          "f1": 0.0,
          "pr_auc": 0.11688311688311688,
          "recall": 0.0,
          "valid_positive_count": 2
        }
      },
      "threshold": 0.5,
      "valid_code_count": 3
    }
  ],
  "fold_scheme": "weld_independent",
  "mode": "window_mil",
  "run_folds": [
    0
  ],
  "sample_count": 20
}
runs=1 ok=True
OK /home/user/PROJECT/MMDII/MMDII-Core/outputs/time-frequency-smoke/smoke-cwt_morl-cnn2d-gated_attention samples=20
{
  "aggregator": "gated_attention",
  "completed_fold_count": 1,
  "fold_count": 5,
  "fold_metrics": [
    {
      "best_epoch": 20,
      "early_stopping_monitor": null,
      "epochs_ran": 20,
      "fold": 0,
      "macro_f1": 0.44063492063492066,
      "macro_pr_auc": 0.6353319142126331,
      "macro_recall": 0.372053872053872,
      "per_code": {
        "blur": {
          "f1": 0.7619047619047619,
          "pr_auc": 0.8440825514354926,
          "recall": 0.7272727272727273,
          "valid_positive_count": 11
        },
        "flash": {
          "f1": 0.56,
          "pr_auc": 0.9769458709409691,
          "recall": 0.3888888888888889,
          "valid_positive_count": 18
        },
        "tunnel": {
          "f1": 0.0,
          "pr_auc": 0.08496732026143791,
          "recall": 0.0,
          "valid_positive_count": 2
        }
      },
      "threshold": 0.5,
      "valid_code_count": 3
    }
  ],
  "fold_scheme": "weld_independent",
  "mode": "window_mil",
  "run_folds": [
    0
  ],
  "sample_count": 20
}
runs=1 ok=True
OK /home/user/PROJECT/MMDII/MMDII-Core/outputs/time-frequency-smoke/smoke-cwt_morl-separable_cnn2d-gated_attention samples=20
{
  "aggregator": "gated_attention",
  "completed_fold_count": 1,
  "fold_count": 5,
  "fold_metrics": [
    {
      "best_epoch": 20,
      "early_stopping_monitor": null,
      "epochs_ran": 20,
      "fold": 0,
      "macro_f1": 0.5660818713450292,
      "macro_pr_auc": 0.6679231394182765,
      "macro_recall": 0.6818181818181818,
      "per_code": {
        "blur": {
          "f1": 0.631578947368421,
          "pr_auc": 0.816877440741077,
          "recall": 0.5454545454545454,
          "valid_positive_count": 11
        },
        "flash": {
          "f1": 0.6666666666666666,
          "pr_auc": 0.9607015013232765,
          "recall": 0.5,
          "valid_positive_count": 18
        },
        "tunnel": {
          "f1": 0.4,
          "pr_auc": 0.22619047619047616,
          "recall": 1.0,
          "valid_positive_count": 2
        }
      },
      "threshold": 0.5,
      "valid_code_count": 3
    }
  ],
  "fold_scheme": "weld_independent",
  "mode": "window_mil",
  "run_folds": [
    0
  ],
  "sample_count": 20
}
runs=1 ok=True
OK /home/user/PROJECT/MMDII/MMDII-Core/outputs/time-frequency-smoke/smoke-cwt_morl-resnet2d_small-gated_attention samples=20
{
  "aggregator": "gated_attention",
  "completed_fold_count": 1,
  "fold_count": 5,
  "fold_metrics": [
    {
      "best_epoch": 20,
      "early_stopping_monitor": null,
      "epochs_ran": 20,
      "fold": 0,
      "macro_f1": 0.419753086419753,
      "macro_pr_auc": 0.598094953833258,
      "macro_recall": 0.32996632996632996,
      "per_code": {
        "blur": {
          "f1": 0.6666666666666666,
          "pr_auc": 0.7722985347985348,
          "recall": 0.5454545454545454,
          "valid_positive_count": 11
        },
        "flash": {
          "f1": 0.5925925925925926,
          "pr_auc": 0.9307164854313978,
          "recall": 0.4444444444444444,
          "valid_positive_count": 18
        },
        "tunnel": {
          "f1": 0.0,
          "pr_auc": 0.09126984126984126,
          "recall": 0.0,
          "valid_positive_count": 2
        }
      },
      "threshold": 0.5,
      "valid_code_count": 3
    }
  ],
  "fold_scheme": "weld_independent",
  "mode": "window_mil",
  "run_folds": [
    0
  ],
  "sample_count": 20
}
runs=1 ok=True
OK /home/user/PROJECT/MMDII/MMDII-Core/outputs/time-frequency-smoke/smoke-cwt_morl-convnext2d_lite-gated_attention samples=20
{
  "aggregator": "gated_attention",
  "completed_fold_count": 1,
  "fold_count": 5,
  "fold_metrics": [
    {
      "best_epoch": 20,
      "early_stopping_monitor": null,
      "epochs_ran": 20,
      "fold": 0,
      "macro_f1": 0.5206349206349207,
      "macro_pr_auc": 0.6798954684360602,
      "macro_recall": 0.4646464646464647,
      "per_code": {
        "blur": {
          "f1": 0.7619047619047619,
          "pr_auc": 0.9228896103896105,
          "recall": 0.7272727272727273,
          "valid_positive_count": 11
        },
        "flash": {
          "f1": 0.8,
          "pr_auc": 0.9758877040094791,
          "recall": 0.6666666666666666,
          "valid_positive_count": 18
        },
        "tunnel": {
          "f1": 0.0,
          "pr_auc": 0.14090909090909093,
          "recall": 0.0,
          "valid_positive_count": 2
        }
      },
      "threshold": 0.5,
      "valid_code_count": 3
    }
  ],
  "fold_scheme": "weld_independent",
  "mode": "window_mil",
  "run_folds": [
    0
  ],
  "sample_count": 20
}
runs=1 ok=True
OK /home/user/PROJECT/MMDII/MMDII-Core/outputs/time-frequency-smoke/smoke-dwt_swt_db4-cnn2d-gated_attention samples=20
{
  "aggregator": "gated_attention",
  "completed_fold_count": 1,
  "fold_count": 5,
  "fold_metrics": [
    {
      "best_epoch": 20,
      "early_stopping_monitor": null,
      "epochs_ran": 20,
      "fold": 0,
      "macro_f1": 0.4945652173913044,
      "macro_pr_auc": 0.6301001743704703,
      "macro_recall": 0.4713804713804714,
      "per_code": {
        "blur": {
          "f1": 0.6086956521739131,
          "pr_auc": 0.7636280386280387,
          "recall": 0.6363636363636364,
          "valid_positive_count": 11
        },
        "flash": {
          "f1": 0.875,
          "pr_auc": 0.9872494075602952,
          "recall": 0.7777777777777778,
          "valid_positive_count": 18
        },
        "tunnel": {
          "f1": 0.0,
          "pr_auc": 0.13942307692307693,
          "recall": 0.0,
          "valid_positive_count": 2
        }
      },
      "threshold": 0.5,
      "valid_code_count": 3
    }
  ],
  "fold_scheme": "weld_independent",
  "mode": "window_mil",
  "run_folds": [
    0
  ],
  "sample_count": 20
}
runs=1 ok=True
OK /home/user/PROJECT/MMDII/MMDII-Core/outputs/time-frequency-smoke/smoke-dwt_swt_db4-separable_cnn2d-gated_attention samples=20
{
  "aggregator": "gated_attention",
  "completed_fold_count": 1,
  "fold_count": 5,
  "fold_metrics": [
    {
      "best_epoch": 20,
      "early_stopping_monitor": null,
      "epochs_ran": 20,
      "fold": 0,
      "macro_f1": 0.5789473684210525,
      "macro_pr_auc": 0.6847296244280797,
      "macro_recall": 0.601010101010101,
      "per_code": {
        "blur": {
          "f1": 0.7368421052631579,
          "pr_auc": 0.8892197374817696,
          "recall": 0.6363636363636364,
          "valid_positive_count": 11
        },
        "flash": {
          "f1": 0.8,
          "pr_auc": 0.9913580246913581,
          "recall": 0.6666666666666666,
          "valid_positive_count": 18
        },
        "tunnel": {
          "f1": 0.2,
          "pr_auc": 0.1736111111111111,
          "recall": 0.5,
          "valid_positive_count": 2
        }
      },
      "threshold": 0.5,
      "valid_code_count": 3
    }
  ],
  "fold_scheme": "weld_independent",
  "mode": "window_mil",
  "run_folds": [
    0
  ],
  "sample_count": 20
}
runs=1 ok=True
OK /home/user/PROJECT/MMDII/MMDII-Core/outputs/time-frequency-smoke/smoke-dwt_swt_db4-resnet2d_small-gated_attention samples=20
{
  "aggregator": "gated_attention",
  "completed_fold_count": 1,
  "fold_count": 5,
  "fold_metrics": [
    {
      "best_epoch": 20,
      "early_stopping_monitor": null,
      "epochs_ran": 20,
      "fold": 0,
      "macro_f1": 0.6185185185185185,
      "macro_pr_auc": 0.6910612504949842,
      "macro_recall": 0.8417508417508417,
      "per_code": {
        "blur": {
          "f1": 0.7,
          "pr_auc": 0.7589348716142975,
          "recall": 0.6363636363636364,
          "valid_positive_count": 11
        },
        "flash": {
          "f1": 0.8888888888888888,
          "pr_auc": 0.9475822132039884,
          "recall": 0.8888888888888888,
          "valid_positive_count": 18
        },
        "tunnel": {
          "f1": 0.26666666666666666,
          "pr_auc": 0.3666666666666667,
          "recall": 1.0,
          "valid_positive_count": 2
        }
      },
      "threshold": 0.5,
      "valid_code_count": 3
    }
  ],
  "fold_scheme": "weld_independent",
  "mode": "window_mil",
  "run_folds": [
    0
  ],
  "sample_count": 20
}
runs=1 ok=True
OK /home/user/PROJECT/MMDII/MMDII-Core/outputs/time-frequency-smoke/smoke-dwt_swt_db4-convnext2d_lite-gated_attention samples=20
{
  "aggregator": "gated_attention",
  "completed_fold_count": 1,
  "fold_count": 5,
  "fold_metrics": [
    {
      "best_epoch": 20,
      "early_stopping_monitor": null,
      "epochs_ran": 20,
      "fold": 0,
      "macro_f1": 0.7902691511387164,
      "macro_pr_auc": 0.9577176987464068,
      "macro_recall": 0.9629629629629629,
      "per_code": {
        "blur": {
          "f1": 0.9565217391304348,
          "pr_auc": 0.8845566050111504,
          "recall": 1.0,
          "valid_positive_count": 11
        },
        "flash": {
          "f1": 0.9142857142857143,
          "pr_auc": 0.9885964912280703,
          "recall": 0.8888888888888888,
          "valid_positive_count": 18
        },
        "tunnel": {
          "f1": 0.5,
          "pr_auc": 1.0,
          "recall": 1.0,
          "valid_positive_count": 2
        }
      },
      "threshold": 0.5,
      "valid_code_count": 3
    }
  ],
  "fold_scheme": "weld_independent",
  "mode": "window_mil",
  "run_folds": [
    0
  ],
  "sample_count": 20
}
runs=1 ok=True
OK /home/user/PROJECT/MMDII/MMDII-Core/outputs/time-frequency-smoke/smoke-raw_plus_stft-cnn2d-gated_attention samples=20
{
  "aggregator": "gated_attention",
  "completed_fold_count": 1,
  "fold_count": 5,
  "fold_metrics": [
    {
      "best_epoch": 20,
      "early_stopping_monitor": null,
      "epochs_ran": 20,
      "fold": 0,
      "macro_f1": 0.6909698488645857,
      "macro_pr_auc": 0.9513036693711476,
      "macro_recall": 0.9090909090909092,
      "per_code": {
        "blur": {
          "f1": 0.7619047619047619,
          "pr_auc": 0.8992358651449561,
          "recall": 0.7272727272727273,
          "valid_positive_count": 11
        },
        "flash": {
          "f1": 0.9473684210526315,
          "pr_auc": 0.9546751429684868,
          "recall": 1.0,
          "valid_positive_count": 18
        },
        "tunnel": {
          "f1": 0.36363636363636365,
          "pr_auc": 1.0,
          "recall": 1.0,
          "valid_positive_count": 2
        }
      },
      "threshold": 0.5,
      "valid_code_count": 3
    }
  ],
  "fold_scheme": "weld_independent",
  "mode": "window_mil",
  "run_folds": [
    0
  ],
  "sample_count": 20
}
runs=1 ok=True
OK /home/user/PROJECT/MMDII/MMDII-Core/outputs/time-frequency-smoke/smoke-raw_plus_stft-separable_cnn2d-gated_attention samples=20
{
  "aggregator": "gated_attention",
  "completed_fold_count": 1,
  "fold_count": 5,
  "fold_metrics": [
    {
      "best_epoch": 20,
      "early_stopping_monitor": null,
      "epochs_ran": 20,
      "fold": 0,
      "macro_f1": 0.783422459893048,
      "macro_pr_auc": 0.8324651734938816,
      "macro_recall": 0.9326599326599326,
      "per_code": {
        "blur": {
          "f1": 0.9090909090909091,
          "pr_auc": 0.9254656959202414,
          "recall": 0.9090909090909091,
          "valid_positive_count": 11
        },
        "flash": {
          "f1": 0.9411764705882353,
          "pr_auc": 0.9885964912280703,
          "recall": 0.8888888888888888,
          "valid_positive_count": 18
        },
        "tunnel": {
          "f1": 0.5,
          "pr_auc": 0.5833333333333333,
          "recall": 1.0,
          "valid_positive_count": 2
        }
      },
      "threshold": 0.5,
      "valid_code_count": 3
    }
  ],
  "fold_scheme": "weld_independent",
  "mode": "window_mil",
  "run_folds": [
    0
  ],
  "sample_count": 20
}
runs=1 ok=True
OK /home/user/PROJECT/MMDII/MMDII-Core/outputs/time-frequency-smoke/smoke-raw_plus_stft-resnet2d_small-gated_attention samples=20
{
  "aggregator": "gated_attention",
  "completed_fold_count": 1,
  "fold_count": 5,
  "fold_metrics": [
    {
      "best_epoch": 20,
      "early_stopping_monitor": null,
      "epochs_ran": 20,
      "fold": 0,
      "macro_f1": 0.8458247066942719,
      "macro_pr_auc": 0.8421483136315282,
      "macro_recall": 0.9629629629629629,
      "per_code": {
        "blur": {
          "f1": 0.9565217391304348,
          "pr_auc": 0.9750688705234161,
          "recall": 1.0,
          "valid_positive_count": 11
        },
        "flash": {
          "f1": 0.9142857142857143,
          "pr_auc": 0.9680427370378353,
          "recall": 0.8888888888888888,
          "valid_positive_count": 18
        },
        "tunnel": {
          "f1": 0.6666666666666666,
          "pr_auc": 0.5833333333333333,
          "recall": 1.0,
          "valid_positive_count": 2
        }
      },
      "threshold": 0.5,
      "valid_code_count": 3
    }
  ],
  "fold_scheme": "weld_independent",
  "mode": "window_mil",
  "run_folds": [
    0
  ],
  "sample_count": 20
}
runs=1 ok=True
OK /home/user/PROJECT/MMDII/MMDII-Core/outputs/time-frequency-smoke/smoke-raw_plus_stft-convnext2d_lite-gated_attention samples=20
{
  "aggregator": "gated_attention",
  "completed_fold_count": 1,
  "fold_count": 5,
  "fold_metrics": [
    {
      "best_epoch": 20,
      "early_stopping_monitor": null,
      "epochs_ran": 20,
      "fold": 0,
      "macro_f1": 0.8095238095238096,
      "macro_pr_auc": 0.8362663430845249,
      "macro_recall": 0.9393939393939394,
      "per_code": {
        "blur": {
          "f1": 0.8571428571428571,
          "pr_auc": 0.9254656959202414,
          "recall": 0.8181818181818182,
          "valid_positive_count": 11
        },
        "flash": {
          "f1": 1.0,
          "pr_auc": 1.0,
          "recall": 1.0,
          "valid_positive_count": 18
        },
        "tunnel": {
          "f1": 0.5714285714285714,
          "pr_auc": 0.5833333333333333,
          "recall": 1.0,
          "valid_positive_count": 2
        }
      },
      "threshold": 0.5,
      "valid_code_count": 3
    }
  ],
  "fold_scheme": "weld_independent",
  "mode": "window_mil",
  "run_folds": [
    0
  ],
  "sample_count": 20
}
runs=1 ok=True
OK /home/user/PROJECT/MMDII/MMDII-Core/outputs/time-frequency-smoke/smoke-raw_plus_cwt-cnn2d-gated_attention samples=20
{
  "aggregator": "gated_attention",
  "completed_fold_count": 1,
  "fold_count": 5,
  "fold_metrics": [
    {
      "best_epoch": 20,
      "early_stopping_monitor": null,
      "epochs_ran": 20,
      "fold": 0,
      "macro_f1": 0.6178451178451178,
      "macro_pr_auc": 0.7176533641365787,
      "macro_recall": 0.6178451178451178,
      "per_code": {
        "blur": {
          "f1": 0.9090909090909091,
          "pr_auc": 0.9649678604224059,
          "recall": 0.9090909090909091,
          "valid_positive_count": 11
        },
        "flash": {
          "f1": 0.9444444444444444,
          "pr_auc": 0.9629922319873301,
          "recall": 0.9444444444444444,
          "valid_positive_count": 18
        },
        "tunnel": {
          "f1": 0.0,
          "pr_auc": 0.225,
          "recall": 0.0,
          "valid_positive_count": 2
        }
      },
      "threshold": 0.5,
      "valid_code_count": 3
    }
  ],
  "fold_scheme": "weld_independent",
  "mode": "window_mil",
  "run_folds": [
    0
  ],
  "sample_count": 20
}
runs=1 ok=True
OK /home/user/PROJECT/MMDII/MMDII-Core/outputs/time-frequency-smoke/smoke-raw_plus_cwt-separable_cnn2d-gated_attention samples=20
{
  "aggregator": "gated_attention",
  "completed_fold_count": 1,
  "fold_count": 5,
  "fold_metrics": [
    {
      "best_epoch": 20,
      "early_stopping_monitor": null,
      "epochs_ran": 20,
      "fold": 0,
      "macro_f1": 0.5503759398496241,
      "macro_pr_auc": 0.6696704665922777,
      "macro_recall": 0.5084175084175083,
      "per_code": {
        "blur": {
          "f1": 0.7368421052631579,
          "pr_auc": 0.8845566050111504,
          "recall": 0.6363636363636364,
          "valid_positive_count": 11
        },
        "flash": {
          "f1": 0.9142857142857143,
          "pr_auc": 0.9835457038565916,
          "recall": 0.8888888888888888,
          "valid_positive_count": 18
        },
        "tunnel": {
          "f1": 0.0,
          "pr_auc": 0.14090909090909093,
          "recall": 0.0,
          "valid_positive_count": 2
        }
      },
      "threshold": 0.5,
      "valid_code_count": 3
    }
  ],
  "fold_scheme": "weld_independent",
  "mode": "window_mil",
  "run_folds": [
    0
  ],
  "sample_count": 20
}
runs=1 ok=True
OK /home/user/PROJECT/MMDII/MMDII-Core/outputs/time-frequency-smoke/smoke-raw_plus_cwt-resnet2d_small-gated_attention samples=20
{
  "aggregator": "gated_attention",
  "completed_fold_count": 1,
  "fold_count": 5,
  "fold_metrics": [
    {
      "best_epoch": 20,
      "early_stopping_monitor": null,
      "epochs_ran": 20,
      "fold": 0,
      "macro_f1": 0.6218708827404479,
      "macro_pr_auc": 0.722269229087411,
      "macro_recall": 0.6111111111111112,
      "per_code": {
        "blur": {
          "f1": 0.9565217391304348,
          "pr_auc": 0.9406172110717566,
          "recall": 1.0,
          "valid_positive_count": 11
        },
        "flash": {
          "f1": 0.9090909090909091,
          "pr_auc": 1.0,
          "recall": 0.8333333333333334,
          "valid_positive_count": 18
        },
        "tunnel": {
          "f1": 0.0,
          "pr_auc": 0.22619047619047616,
          "recall": 0.0,
          "valid_positive_count": 2
        }
      },
      "threshold": 0.5,
      "valid_code_count": 3
    }
  ],
  "fold_scheme": "weld_independent",
  "mode": "window_mil",
  "run_folds": [
    0
  ],
  "sample_count": 20
}
runs=1 ok=True
OK /home/user/PROJECT/MMDII/MMDII-Core/outputs/time-frequency-smoke/smoke-raw_plus_cwt-convnext2d_lite-gated_attention samples=20
runs=24 ok=True
OK /home/user/PROJECT/MMDII/MMDII-Core/outputs/time-frequency-smoke/smoke-cwt_morl-cnn2d-gated_attention samples=20
OK /home/user/PROJECT/MMDII/MMDII-Core/outputs/time-frequency-smoke/smoke-cwt_morl-convnext2d_lite-gated_attention samples=20
OK /home/user/PROJECT/MMDII/MMDII-Core/outputs/time-frequency-smoke/smoke-cwt_morl-resnet2d_small-gated_attention samples=20
OK /home/user/PROJECT/MMDII/MMDII-Core/outputs/time-frequency-smoke/smoke-cwt_morl-separable_cnn2d-gated_attention samples=20
OK /home/user/PROJECT/MMDII/MMDII-Core/outputs/time-frequency-smoke/smoke-dwt_swt_db4-cnn2d-gated_attention samples=20
OK /home/user/PROJECT/MMDII/MMDII-Core/outputs/time-frequency-smoke/smoke-dwt_swt_db4-convnext2d_lite-gated_attention samples=20
OK /home/user/PROJECT/MMDII/MMDII-Core/outputs/time-frequency-smoke/smoke-dwt_swt_db4-resnet2d_small-gated_attention samples=20
OK /home/user/PROJECT/MMDII/MMDII-Core/outputs/time-frequency-smoke/smoke-dwt_swt_db4-separable_cnn2d-gated_attention samples=20
OK /home/user/PROJECT/MMDII/MMDII-Core/outputs/time-frequency-smoke/smoke-raw_plus_cwt-cnn2d-gated_attention samples=20
OK /home/user/PROJECT/MMDII/MMDII-Core/outputs/time-frequency-smoke/smoke-raw_plus_cwt-convnext2d_lite-gated_attention samples=20
OK /home/user/PROJECT/MMDII/MMDII-Core/outputs/time-frequency-smoke/smoke-raw_plus_cwt-resnet2d_small-gated_attention samples=20
OK /home/user/PROJECT/MMDII/MMDII-Core/outputs/time-frequency-smoke/smoke-raw_plus_cwt-separable_cnn2d-gated_attention samples=20
OK /home/user/PROJECT/MMDII/MMDII-Core/outputs/time-frequency-smoke/smoke-raw_plus_stft-cnn2d-gated_attention samples=20
OK /home/user/PROJECT/MMDII/MMDII-Core/outputs/time-frequency-smoke/smoke-raw_plus_stft-convnext2d_lite-gated_attention samples=20
OK /home/user/PROJECT/MMDII/MMDII-Core/outputs/time-frequency-smoke/smoke-raw_plus_stft-resnet2d_small-gated_attention samples=20
OK /home/user/PROJECT/MMDII/MMDII-Core/outputs/time-frequency-smoke/smoke-raw_plus_stft-separable_cnn2d-gated_attention samples=20
OK /home/user/PROJECT/MMDII/MMDII-Core/outputs/time-frequency-smoke/smoke-stft_256-cnn2d-gated_attention samples=20
OK /home/user/PROJECT/MMDII/MMDII-Core/outputs/time-frequency-smoke/smoke-stft_256-convnext2d_lite-gated_attention samples=20
OK /home/user/PROJECT/MMDII/MMDII-Core/outputs/time-frequency-smoke/smoke-stft_256-resnet2d_small-gated_attention samples=20
OK /home/user/PROJECT/MMDII/MMDII-Core/outputs/time-frequency-smoke/smoke-stft_256-separable_cnn2d-gated_attention samples=20
OK /home/user/PROJECT/MMDII/MMDII-Core/outputs/time-frequency-smoke/smoke-stft_512-cnn2d-gated_attention samples=20
OK /home/user/PROJECT/MMDII/MMDII-Core/outputs/time-frequency-smoke/smoke-stft_512-convnext2d_lite-gated_attention samples=20
OK /home/user/PROJECT/MMDII/MMDII-Core/outputs/time-frequency-smoke/smoke-stft_512-resnet2d_small-gated_attention samples=20
OK /home/user/PROJECT/MMDII/MMDII-Core/outputs/time-frequency-smoke/smoke-stft_512-separable_cnn2d-gated_attention samples=20
