{
  "aggregator": "max",
  "completed_fold_count": 5,
  "fold_count": 5,
  "fold_metrics": [
    {
      "best_epoch": 20,
      "early_stopping_monitor": null,
      "epochs_ran": 20,
      "fold": 0,
      "macro_f1": 0.4754990925589837,
      "macro_pr_auc": 0.6658225114936188,
      "macro_recall": 0.39730639730639733,
      "per_code": {
        "blur": {
          "f1": 0.7368421052631579,
          "pr_auc": 0.8934258856507662,
          "recall": 0.6363636363636364,
          "valid_positive_count": 11
        },
        "flash": {
          "f1": 0.6896551724137931,
          "pr_auc": 0.9040416488300905,
          "recall": 0.5555555555555556,
          "valid_positive_count": 18
        },
        "tunnel": {
          "f1": 0.0,
          "pr_auc": 0.2,
          "recall": 0.0,
          "valid_positive_count": 2
        }
      },
      "threshold": 0.5,
      "valid_code_count": 3
    },
    {
      "best_epoch": 20,
      "early_stopping_monitor": null,
      "epochs_ran": 20,
      "fold": 1,
      "macro_f1": 0.2352092352092352,
      "macro_pr_auc": 0.653331381184974,
      "macro_recall": 0.43508771929824563,
      "per_code": {
        "blur": {
          "f1": 0.3333333333333333,
          "pr_auc": 0.8656395891690009,
          "recall": 0.2,
          "valid_positive_count": 10
        },
        "flash": {
          "f1": 0.19047619047619047,
          "pr_auc": 0.9395926496240166,
          "recall": 0.10526315789473684,
          "valid_positive_count": 19
        },
        "tunnel": {
          "f1": 0.18181818181818182,
          "pr_auc": 0.15476190476190477,
          "recall": 1.0,
          "valid_positive_count": 2
        }
      },
      "threshold": 0.5,
      "valid_code_count": 3
    },
    {
      "best_epoch": 20,
      "early_stopping_monitor": null,
      "epochs_ran": 20,
      "fold": 2,
      "macro_f1": 0.13765182186234817,
      "macro_pr_auc": 0.7596009109340959,
      "macro_recall": 0.07912457912457913,
      "per_code": {
        "blur": {
          "f1": 0.3076923076923077,
          "pr_auc": 0.7870847512558743,
          "recall": 0.18181818181818182,
          "valid_positive_count": 11
        },
        "flash": {
          "f1": 0.10526315789473684,
          "pr_auc": 0.9083846482130796,
          "recall": 0.05555555555555555,
          "valid_positive_count": 18
        },
        "tunnel": {
          "f1": 0.0,
          "pr_auc": 0.5833333333333334,
          "recall": 0.0,
          "valid_positive_count": 2
        }
      },
      "threshold": 0.5,
      "valid_code_count": 3
    },
    {
      "best_epoch": 20,
      "early_stopping_monitor": null,
      "epochs_ran": 20,
      "fold": 3,
      "macro_f1": 0.2490842490842491,
      "macro_pr_auc": 0.6438158714414305,
      "macro_recall": 0.15555555555555556,
      "per_code": {
        "blur": {
          "f1": 0.46153846153846156,
          "pr_auc": 0.8408365164247517,
          "recall": 0.3,
          "valid_positive_count": 10
        },
        "flash": {
          "f1": 0.2857142857142857,
          "pr_auc": 0.9282734355618774,
          "recall": 0.16666666666666666,
          "valid_positive_count": 18
        },
        "tunnel": {
          "f1": 0.0,
          "pr_auc": 0.16233766233766234,
          "recall": 0.0,
          "valid_positive_count": 2
        }
      },
      "threshold": 0.5,
      "valid_code_count": 3
    },
    {
      "best_epoch": 20,
      "early_stopping_monitor": null,
      "epochs_ran": 20,
      "fold": 4,
      "macro_f1": 0.35802469135802467,
      "macro_pr_auc": 0.6047879492648183,
      "macro_recall": 0.27432216905901113,
      "per_code": {
        "blur": {
          "f1": 0.5555555555555556,
          "pr_auc": 0.7210431279949997,
          "recall": 0.45454545454545453,
          "valid_positive_count": 11
        },
        "flash": {
          "f1": 0.5185185185185185,
          "pr_auc": 0.9308207197994551,
          "recall": 0.3684210526315789,
          "valid_positive_count": 19
        },
        "tunnel": {
          "f1": 0.0,
          "pr_auc": 0.1625,
          "recall": 0.0,
          "valid_positive_count": 2
        }
      },
      "threshold": 0.5,
      "valid_code_count": 3
    }
  ],
  "fold_scheme": "weld_independent",
  "mode": "window_mil",
  "run_folds": [
    0,
    1,
    2,
    3,
    4
  ],
  "sample_count": 101
}
