{
  "aggregator": "gated_attention",
  "completed_fold_count": 1,
  "fold_count": 5,
  "fold_metrics": [
    {
      "best_epoch": 20,
      "early_stopping_monitor": null,
      "epochs_ran": 20,
      "fold": 0,
      "macro_f1": 0.27807486631016043,
      "macro_pr_auc": 0.6091703956104542,
      "macro_recall": 0.19528619528619529,
      "per_code": {
        "blur": {
          "f1": 0.47058823529411764,
          "pr_auc": 0.7891708437761069,
          "recall": 0.36363636363636365,
          "valid_positive_count": 11
        },
        "flash": {
          "f1": 0.36363636363636365,
          "pr_auc": 0.9214572261721387,
          "recall": 0.2222222222222222,
          "valid_positive_count": 18
        },
        "tunnel": {
          "f1": 0.0,
          "pr_auc": 0.11688311688311688,
          "recall": 0.0,
          "valid_positive_count": 2
        }
      },
      "threshold": 0.5,
      "valid_code_count": 3
    }
  ],
  "fold_scheme": "weld_independent",
  "mode": "window_mil",
  "run_folds": [
    0
  ],
  "sample_count": 20
}
