[2026-09-02T09:36:23+00:00] start experiment: b0-statistical
{
  "aggregator": "mean",
  "fold_count": 5,
  "fold_metrics": [
    {
      "fold": 0,
      "macro_f1": 0.8056565656565656,
      "macro_pr_auc": 0.845621693121693,
      "macro_recall": 0.9470588235294118,
      "per_code": {
        "blur": {
          "f1": 0.72,
          "pr_auc": 0.6201984126984126,
          "recall": 0.9,
          "valid_positive_count": 10
        },
        "flash": {
          "f1": 0.9696969696969697,
          "pr_auc": 1.0,
          "recall": 0.9411764705882353,
          "valid_positive_count": 17
        },
        "tunnel": {
          "f1": 0.7272727272727273,
          "pr_auc": 0.9166666666666666,
          "recall": 1.0,
          "valid_positive_count": 4
        }
      },
      "threshold": 0.5,
      "valid_code_count": 3
    },
    {
      "fold": 1,
      "macro_f1": 0.7456140350877193,
      "macro_pr_auc": 0.9069734137915956,
      "macro_recall": 0.6724386724386724,
      "per_code": {
        "blur": {
          "f1": 0.7368421052631579,
          "pr_auc": 0.85425357470812,
          "recall": 0.6363636363636364,
          "valid_positive_count": 11
        },
        "flash": {
          "f1": 0.8333333333333334,
          "pr_auc": 1.0000000000000002,
          "recall": 0.7142857142857143,
          "valid_positive_count": 21
        },
        "tunnel": {
          "f1": 0.6666666666666666,
          "pr_auc": 0.8666666666666667,
          "recall": 0.6666666666666666,
          "valid_positive_count": 3
        }
      },
      "threshold": 0.5,
      "valid_code_count": 3
    },
    {
      "fold": 2,
      "macro_f1": 0.6666666666666666,
      "macro_pr_auc": 0.8068783068783069,
      "macro_recall": 0.6666666666666666,
      "per_code": {
        "blur": {
          "f1": 1.0,
          "pr_auc": 1.0,
          "recall": 1.0,
          "valid_positive_count": 9
        },
        "flash": {
          "f1": 1.0,
          "pr_auc": 1.0,
          "recall": 1.0,
          "valid_positive_count": 18
        },
        "tunnel": {
          "f1": 0.0,
          "pr_auc": 0.4206349206349206,
          "recall": 0.0,
          "valid_positive_count": 3
        }
      },
      "threshold": 0.5,
      "valid_code_count": 3
    },
    {
      "fold": 3,
      "macro_f1": 0.7251461988304093,
      "macro_pr_auc": 0.8724051345403574,
      "macro_recall": 0.6746411483253588,
      "per_code": {
        "blur": {
          "f1": 0.5555555555555556,
          "pr_auc": 0.7681422410032036,
          "recall": 0.45454545454545453,
          "valid_positive_count": 11
        },
        "flash": {
          "f1": 0.8947368421052632,
          "pr_auc": 0.9766680280775111,
          "recall": 0.8947368421052632,
          "valid_positive_count": 19
        },
        "tunnel": {
          "f1": null,
          "pr_auc": null,
          "recall": null,
          "valid_positive_count": 0
        }
      },
      "threshold": 0.5,
      "valid_code_count": 2
    },
    {
      "fold": 4,
      "macro_f1": 0.8512931034482758,
      "macro_pr_auc": 0.9303400847518495,
      "macro_recall": 0.9117647058823529,
      "per_code": {
        "blur": {
          "f1": 0.8275862068965517,
          "pr_auc": 0.8797161172161173,
          "recall": 1.0,
          "valid_positive_count": 12
        },
        "flash": {
          "f1": 0.875,
          "pr_auc": 0.9809640522875818,
          "recall": 0.8235294117647058,
          "valid_positive_count": 17
        },
        "tunnel": {
          "f1": null,
          "pr_auc": null,
          "recall": null,
          "valid_positive_count": 0
        }
      },
      "threshold": 0.5,
      "valid_code_count": 2
    }
  ],
  "mode": "statistical",
  "sample_count": 101
}
[2026-09-02T09:36:39+00:00] complete experiment: b0-statistical
[2026-09-02T09:36:39+00:00] start experiment: e0-full-signal
{
  "aggregator": "mean",
  "fold_count": 5,
  "fold_metrics": [
    {
      "fold": 0,
      "macro_f1": 0.7644749054044406,
      "macro_pr_auc": 0.8520406880700998,
      "macro_recall": 0.7186274509803922,
      "per_code": {
        "blur": {
          "f1": 0.6086956521739131,
          "pr_auc": 0.6061220642102995,
          "recall": 0.7,
          "valid_positive_count": 10
        },
        "flash": {
          "f1": 0.8275862068965517,
          "pr_auc": 1.0,
          "recall": 0.7058823529411765,
          "valid_positive_count": 17
        },
        "tunnel": {
          "f1": 0.8571428571428571,
          "pr_auc": 0.95,
          "recall": 0.75,
          "valid_positive_count": 4
        }
      },
      "threshold": 0.5,
      "valid_code_count": 3
    },
    {
      "fold": 1,
      "macro_f1": 0.7472527472527473,
      "macro_pr_auc": 0.9751552319734138,
      "macro_recall": 0.6854256854256855,
      "per_code": {
        "blur": {
          "f1": 0.8571428571428571,
          "pr_auc": 0.9254656959202414,
          "recall": 0.8181818181818182,
          "valid_positive_count": 11
        },
        "flash": {
          "f1": 0.38461538461538464,
          "pr_auc": 1.0000000000000002,
          "recall": 0.23809523809523808,
          "valid_positive_count": 21
        },
        "tunnel": {
          "f1": 1.0,
          "pr_auc": 1.0,
          "recall": 1.0,
          "valid_positive_count": 3
        }
      },
      "threshold": 0.5,
      "valid_code_count": 3
    },
    {
      "fold": 2,
      "macro_f1": 0.5803921568627451,
      "macro_pr_auc": 0.7999999999999999,
      "macro_recall": 0.5185185185185185,
      "per_code": {
        "blur": {
          "f1": 0.9411764705882353,
          "pr_auc": 1.0,
          "recall": 0.8888888888888888,
          "valid_positive_count": 9
        },
        "flash": {
          "f1": 0.8,
          "pr_auc": 1.0,
          "recall": 0.6666666666666666,
          "valid_positive_count": 18
        },
        "tunnel": {
          "f1": 0.0,
          "pr_auc": 0.4,
          "recall": 0.0,
          "valid_positive_count": 3
        }
      },
      "threshold": 0.5,
      "valid_code_count": 3
    },
    {
      "fold": 3,
      "macro_f1": 0.8128654970760234,
      "macro_pr_auc": 0.9099121407985672,
      "macro_recall": 0.7392344497607655,
      "per_code": {
        "blur": {
          "f1": 0.7368421052631579,
          "pr_auc": 0.8281499202551834,
          "recall": 0.6363636363636364,
          "valid_positive_count": 11
        },
        "flash": {
          "f1": 0.8888888888888888,
          "pr_auc": 0.991674361341951,
          "recall": 0.8421052631578947,
          "valid_positive_count": 19
        },
        "tunnel": {
          "f1": null,
          "pr_auc": null,
          "recall": null,
          "valid_positive_count": 0
        }
      },
      "threshold": 0.5,
      "valid_code_count": 2
    },
    {
      "fold": 4,
      "macro_f1": 0.8325652841781874,
      "macro_pr_auc": 0.9356339731322658,
      "macro_recall": 0.7450980392156863,
      "per_code": {
        "blur": {
          "f1": 0.7619047619047619,
          "pr_auc": 0.8909162596662598,
          "recall": 0.6666666666666666,
          "valid_positive_count": 12
        },
        "flash": {
          "f1": 0.9032258064516129,
          "pr_auc": 0.980351686598272,
          "recall": 0.8235294117647058,
          "valid_positive_count": 17
        },
        "tunnel": {
          "f1": null,
          "pr_auc": null,
          "recall": null,
          "valid_positive_count": 0
        }
      },
      "threshold": 0.5,
      "valid_code_count": 2
    }
  ],
  "mode": "full_signal",
  "sample_count": 101
}
[2026-09-02T09:43:01+00:00] complete experiment: e0-full-signal
[2026-09-02T09:43:01+00:00] start experiment: e1a-mean
{
  "aggregator": "mean",
  "fold_count": 5,
  "fold_metrics": [
    {
      "fold": 0,
      "macro_f1": 0.7980884109916367,
      "macro_pr_auc": 0.9003871375324662,
      "macro_recall": 0.8549019607843137,
      "per_code": {
        "blur": {
          "f1": 0.6666666666666666,
          "pr_auc": 0.7291161616161616,
          "recall": 0.8,
          "valid_positive_count": 10
        },
        "flash": {
          "f1": 0.8387096774193549,
          "pr_auc": 0.9720452509812372,
          "recall": 0.7647058823529411,
          "valid_positive_count": 17
        },
        "tunnel": {
          "f1": 0.8888888888888888,
          "pr_auc": 1.0,
          "recall": 1.0,
          "valid_positive_count": 4
        }
      },
      "threshold": 0.5,
      "valid_code_count": 3
    },
    {
      "fold": 1,
      "macro_f1": 0.7371031746031745,
      "macro_pr_auc": 0.8978000213294332,
      "macro_recall": 0.6695526695526696,
      "per_code": {
        "blur": {
          "f1": 0.8571428571428571,
          "pr_auc": 0.9378445084327438,
          "recall": 0.8181818181818182,
          "valid_positive_count": 11
        },
        "flash": {
          "f1": 0.6875,
          "pr_auc": 1.0000000000000002,
          "recall": 0.5238095238095238,
          "valid_positive_count": 21
        },
        "tunnel": {
          "f1": 0.6666666666666666,
          "pr_auc": 0.7555555555555555,
          "recall": 0.6666666666666666,
          "valid_positive_count": 3
        }
      },
      "threshold": 0.5,
      "valid_code_count": 3
    },
    {
      "fold": 2,
      "macro_f1": 0.5297619047619048,
      "macro_pr_auc": 0.9259259259259259,
      "macro_recall": 0.4444444444444445,
      "per_code": {
        "blur": {
          "f1": 0.875,
          "pr_auc": 1.0,
          "recall": 0.7777777777777778,
          "valid_positive_count": 9
        },
        "flash": {
          "f1": 0.7142857142857143,
          "pr_auc": 1.0,
          "recall": 0.5555555555555556,
          "valid_positive_count": 18
        },
        "tunnel": {
          "f1": 0.0,
          "pr_auc": 0.7777777777777777,
          "recall": 0.0,
          "valid_positive_count": 3
        }
      },
      "threshold": 0.5,
      "valid_code_count": 3
    },
    {
      "fold": 3,
      "macro_f1": 0.6714285714285715,
      "macro_pr_auc": 0.8821046564038554,
      "macro_recall": 0.5550239234449761,
      "per_code": {
        "blur": {
          "f1": 0.7,
          "pr_auc": 0.8140410314323359,
          "recall": 0.6363636363636364,
          "valid_positive_count": 11
        },
        "flash": {
          "f1": 0.6428571428571429,
          "pr_auc": 0.9501682813753749,
          "recall": 0.47368421052631576,
          "valid_positive_count": 19
        },
        "tunnel": {
          "f1": null,
          "pr_auc": null,
          "recall": null,
          "valid_positive_count": 0
        }
      },
      "threshold": 0.5,
      "valid_code_count": 2
    },
    {
      "fold": 4,
      "macro_f1": 0.8813131313131313,
      "macro_pr_auc": 0.9219026292015047,
      "macro_recall": 0.875,
      "per_code": {
        "blur": {
          "f1": 0.8181818181818182,
          "pr_auc": 0.8542099104599106,
          "recall": 0.75,
          "valid_positive_count": 12
        },
        "flash": {
          "f1": 0.9444444444444444,
          "pr_auc": 0.9895953479430989,
          "recall": 1.0,
          "valid_positive_count": 17
        },
        "tunnel": {
          "f1": null,
          "pr_auc": null,
          "recall": null,
          "valid_positive_count": 0
        }
      },
      "threshold": 0.5,
      "valid_code_count": 2
    }
  ],
  "mode": "window_mil",
  "sample_count": 101
}
[2026-09-02T09:50:32+00:00] complete experiment: e1a-mean
[2026-09-02T09:50:32+00:00] start experiment: e1b-max
{
  "aggregator": "max",
  "fold_count": 5,
  "fold_metrics": [
    {
      "fold": 0,
      "macro_f1": 0.5905359008807284,
      "macro_pr_auc": 0.8157311410976499,
      "macro_recall": 0.565686274509804,
      "per_code": {
        "blur": {
          "f1": 0.7272727272727273,
          "pr_auc": 0.8757783882783882,
          "recall": 0.8,
          "valid_positive_count": 10
        },
        "flash": {
          "f1": 0.7586206896551724,
          "pr_auc": 0.9642721778717044,
          "recall": 0.6470588235294118,
          "valid_positive_count": 17
        },
        "tunnel": {
          "f1": 0.2857142857142857,
          "pr_auc": 0.6071428571428572,
          "recall": 0.25,
          "valid_positive_count": 4
        }
      },
      "threshold": 0.5,
      "valid_code_count": 3
    },
    {
      "fold": 1,
      "macro_f1": 0.7821969696969697,
      "macro_pr_auc": 0.9514178582360401,
      "macro_recall": 0.810966810966811,
      "per_code": {
        "blur": {
          "f1": 0.9090909090909091,
          "pr_auc": 0.85425357470812,
          "recall": 0.9090909090909091,
          "valid_positive_count": 11
        },
        "flash": {
          "f1": 0.6875,
          "pr_auc": 1.0000000000000002,
          "recall": 0.5238095238095238,
          "valid_positive_count": 21
        },
        "tunnel": {
          "f1": 0.75,
          "pr_auc": 1.0,
          "recall": 1.0,
          "valid_positive_count": 3
        }
      },
      "threshold": 0.5,
      "valid_code_count": 3
    },
    {
      "fold": 2,
      "macro_f1": 0.6232439335887612,
      "macro_pr_auc": 0.7718547912992357,
      "macro_recall": 0.6111111111111112,
      "per_code": {
        "blur": {
          "f1": 0.6666666666666666,
          "pr_auc": 0.9282627865961199,
          "recall": 0.5555555555555556,
          "valid_positive_count": 9
        },
        "flash": {
          "f1": 0.7586206896551724,
          "pr_auc": 1.0,
          "recall": 0.6111111111111112,
          "valid_positive_count": 18
        },
        "tunnel": {
          "f1": 0.4444444444444444,
          "pr_auc": 0.3873015873015873,
          "recall": 0.6666666666666666,
          "valid_positive_count": 3
        }
      },
      "threshold": 0.5,
      "valid_code_count": 3
    },
    {
      "fold": 3,
      "macro_f1": 0.6338383838383839,
      "macro_pr_auc": 0.6163257259687598,
      "macro_recall": 0.6148325358851674,
      "per_code": {
        "blur": {
          "f1": 0.5454545454545454,
          "pr_auc": 0.49273203739606897,
          "recall": 0.5454545454545454,
          "valid_positive_count": 11
        },
        "flash": {
          "f1": 0.7222222222222222,
          "pr_auc": 0.7399194145414505,
          "recall": 0.6842105263157895,
          "valid_positive_count": 19
        },
        "tunnel": {
          "f1": null,
          "pr_auc": null,
          "recall": null,
          "valid_positive_count": 0
        }
      },
      "threshold": 0.5,
      "valid_code_count": 2
    },
    {
      "fold": 4,
      "macro_f1": 0.6150793650793651,
      "macro_pr_auc": 0.8057121806717737,
      "macro_recall": 0.4901960784313726,
      "per_code": {
        "blur": {
          "f1": 0.4444444444444444,
          "pr_auc": 0.6516523101081925,
          "recall": 0.3333333333333333,
          "valid_positive_count": 12
        },
        "flash": {
          "f1": 0.7857142857142857,
          "pr_auc": 0.9597720512353549,
          "recall": 0.6470588235294118,
          "valid_positive_count": 17
        },
        "tunnel": {
          "f1": null,
          "pr_auc": null,
          "recall": null,
          "valid_positive_count": 0
        }
      },
      "threshold": 0.5,
      "valid_code_count": 2
    }
  ],
  "mode": "window_mil",
  "sample_count": 101
}
[2026-09-02T09:58:03+00:00] complete experiment: e1b-max
[2026-09-02T09:58:03+00:00] start experiment: e1b-topk-mean
{
  "aggregator": "topk_mean",
  "fold_count": 5,
  "fold_metrics": [
    {
      "fold": 0,
      "macro_f1": 0.597979797979798,
      "macro_pr_auc": 0.7436875909658646,
      "macro_recall": 0.6098039215686275,
      "per_code": {
        "blur": {
          "f1": 0.7272727272727273,
          "pr_auc": 0.7433333333333333,
          "recall": 0.8,
          "valid_positive_count": 10
        },
        "flash": {
          "f1": 0.6666666666666666,
          "pr_auc": 0.919475471310292,
          "recall": 0.5294117647058824,
          "valid_positive_count": 17
        },
        "tunnel": {
          "f1": 0.4,
          "pr_auc": 0.5682539682539682,
          "recall": 0.5,
          "valid_positive_count": 4
        }
      },
      "threshold": 0.5,
      "valid_code_count": 3
    },
    {
      "fold": 1,
      "macro_f1": 0.7919191919191918,
      "macro_pr_auc": 0.8669578737760557,
      "macro_recall": 0.8585858585858586,
      "per_code": {
        "blur": {
          "f1": 0.9090909090909091,
          "pr_auc": 0.9342069546615002,
          "recall": 0.9090909090909091,
          "valid_positive_count": 11
        },
        "flash": {
          "f1": 0.8,
          "pr_auc": 1.0000000000000002,
          "recall": 0.6666666666666666,
          "valid_positive_count": 21
        },
        "tunnel": {
          "f1": 0.6666666666666666,
          "pr_auc": 0.6666666666666667,
          "recall": 1.0,
          "valid_positive_count": 3
        }
      },
      "threshold": 0.5,
      "valid_code_count": 3
    },
    {
      "fold": 2,
      "macro_f1": 0.49096880131362886,
      "macro_pr_auc": 0.7347319347319347,
      "macro_recall": 0.3888888888888889,
      "per_code": {
        "blur": {
          "f1": 0.7142857142857143,
          "pr_auc": 1.0,
          "recall": 0.5555555555555556,
          "valid_positive_count": 9
        },
        "flash": {
          "f1": 0.7586206896551724,
          "pr_auc": 1.0,
          "recall": 0.6111111111111112,
          "valid_positive_count": 18
        },
        "tunnel": {
          "f1": 0.0,
          "pr_auc": 0.20419580419580421,
          "recall": 0.0,
          "valid_positive_count": 3
        }
      },
      "threshold": 0.5,
      "valid_code_count": 3
    },
    {
      "fold": 3,
      "macro_f1": 0.7245322245322245,
      "macro_pr_auc": 0.7194479891388696,
      "macro_recall": 0.777511961722488,
      "per_code": {
        "blur": {
          "f1": 0.6923076923076923,
          "pr_auc": 0.5947686371599414,
          "recall": 0.8181818181818182,
          "valid_positive_count": 11
        },
        "flash": {
          "f1": 0.7567567567567568,
          "pr_auc": 0.8441273411177979,
          "recall": 0.7368421052631579,
          "valid_positive_count": 19
        },
        "tunnel": {
          "f1": null,
          "pr_auc": null,
          "recall": null,
          "valid_positive_count": 0
        }
      },
      "threshold": 0.5,
      "valid_code_count": 2
    },
    {
      "fold": 4,
      "macro_f1": 0.7666666666666666,
      "macro_pr_auc": 0.9274245947555113,
      "macro_recall": 0.6740196078431373,
      "per_code": {
        "blur": {
          "f1": 0.6666666666666666,
          "pr_auc": 0.8798810598442953,
          "recall": 0.5833333333333334,
          "valid_positive_count": 12
        },
        "flash": {
          "f1": 0.8666666666666667,
          "pr_auc": 0.9749681296667274,
          "recall": 0.7647058823529411,
          "valid_positive_count": 17
        },
        "tunnel": {
          "f1": null,
          "pr_auc": null,
          "recall": null,
          "valid_positive_count": 0
        }
      },
      "threshold": 0.5,
      "valid_code_count": 2
    }
  ],
  "mode": "window_mil",
  "sample_count": 101
}
[2026-09-02T10:05:39+00:00] complete experiment: e1b-topk-mean
[2026-09-02T10:05:39+00:00] start experiment: e1c-gated-attention
{
  "aggregator": "gated_attention",
  "fold_count": 5,
  "fold_metrics": [
    {
      "fold": 0,
      "macro_f1": 0.7545787545787546,
      "macro_pr_auc": 0.8619923351670756,
      "macro_recall": 0.746078431372549,
      "per_code": {
        "blur": {
          "f1": 0.6923076923076923,
          "pr_auc": 0.6139317545199897,
          "recall": 0.9,
          "valid_positive_count": 10
        },
        "flash": {
          "f1": 0.7142857142857143,
          "pr_auc": 0.9720452509812372,
          "recall": 0.5882352941176471,
          "valid_positive_count": 17
        },
        "tunnel": {
          "f1": 0.8571428571428571,
          "pr_auc": 1.0,
          "recall": 0.75,
          "valid_positive_count": 4
        }
      },
      "threshold": 0.5,
      "valid_code_count": 3
    },
    {
      "fold": 1,
      "macro_f1": 0.7023809523809524,
      "macro_pr_auc": 0.9527887096068914,
      "macro_recall": 0.7171717171717171,
      "per_code": {
        "blur": {
          "f1": 0.8571428571428571,
          "pr_auc": 0.9416994621540078,
          "recall": 0.8181818181818182,
          "valid_positive_count": 11
        },
        "flash": {
          "f1": 0.5,
          "pr_auc": 1.0000000000000002,
          "recall": 0.3333333333333333,
          "valid_positive_count": 21
        },
        "tunnel": {
          "f1": 0.75,
          "pr_auc": 0.9166666666666665,
          "recall": 1.0,
          "valid_positive_count": 3
        }
      },
      "threshold": 0.5,
      "valid_code_count": 3
    },
    {
      "fold": 2,
      "macro_f1": 0.6470588235294118,
      "macro_pr_auc": 0.708710407239819,
      "macro_recall": 0.6296296296296297,
      "per_code": {
        "blur": {
          "f1": 1.0,
          "pr_auc": 1.0,
          "recall": 1.0,
          "valid_positive_count": 9
        },
        "flash": {
          "f1": 0.9411764705882353,
          "pr_auc": 1.0,
          "recall": 0.8888888888888888,
          "valid_positive_count": 18
        },
        "tunnel": {
          "f1": 0.0,
          "pr_auc": 0.126131221719457,
          "recall": 0.0,
          "valid_positive_count": 3
        }
      },
      "threshold": 0.5,
      "valid_code_count": 3
    },
    {
      "fold": 3,
      "macro_f1": 0.7749999999999999,
      "macro_pr_auc": 0.6879323148067298,
      "macro_recall": 0.7655502392344498,
      "per_code": {
        "blur": {
          "f1": 0.7,
          "pr_auc": 0.6052865462554456,
          "recall": 0.6363636363636364,
          "valid_positive_count": 11
        },
        "flash": {
          "f1": 0.85,
          "pr_auc": 0.770578083358014,
          "recall": 0.8947368421052632,
          "valid_positive_count": 19
        },
        "tunnel": {
          "f1": null,
          "pr_auc": null,
          "recall": null,
          "valid_positive_count": 0
        }
      },
      "threshold": 0.5,
      "valid_code_count": 2
    },
    {
      "fold": 4,
      "macro_f1": 0.8746898263027295,
      "macro_pr_auc": 0.887108173689056,
      "macro_recall": 0.8700980392156863,
      "per_code": {
        "blur": {
          "f1": 0.8461538461538461,
          "pr_auc": 0.7774843212343212,
          "recall": 0.9166666666666666,
          "valid_positive_count": 12
        },
        "flash": {
          "f1": 0.9032258064516129,
          "pr_auc": 0.9967320261437909,
          "recall": 0.8235294117647058,
          "valid_positive_count": 17
        },
        "tunnel": {
          "f1": null,
          "pr_auc": null,
          "recall": null,
          "valid_positive_count": 0
        }
      },
      "threshold": 0.5,
      "valid_code_count": 2
    }
  ],
  "mode": "window_mil",
  "sample_count": 101
}
[2026-09-02T10:13:12+00:00] complete experiment: e1c-gated-attention
