{
  "aggregator": "topk_mean",
  "completed_fold_count": 5,
  "fold_count": 5,
  "fold_metrics": [
    {
      "best_epoch": 20,
      "early_stopping_monitor": null,
      "epochs_ran": 20,
      "fold": 0,
      "macro_f1": 0.4142857142857143,
      "macro_pr_auc": 0.586944633235522,
      "macro_recall": 0.34848484848484845,
      "per_code": {
        "blur": {
          "f1": 0.6,
          "pr_auc": 0.7655204643841008,
          "recall": 0.5454545454545454,
          "valid_positive_count": 11
        },
        "flash": {
          "f1": 0.6428571428571429,
          "pr_auc": 0.9103461150610275,
          "recall": 0.5,
          "valid_positive_count": 18
        },
        "tunnel": {
          "f1": 0.0,
          "pr_auc": 0.08496732026143791,
          "recall": 0.0,
          "valid_positive_count": 2
        }
      },
      "threshold": 0.5,
      "valid_code_count": 3
    },
    {
      "best_epoch": 20,
      "early_stopping_monitor": null,
      "epochs_ran": 20,
      "fold": 1,
      "macro_f1": 0.4056140350877193,
      "macro_pr_auc": 0.6424433035476705,
      "macro_recall": 0.3385964912280701,
      "per_code": {
        "blur": {
          "f1": 0.7368421052631579,
          "pr_auc": 0.8276619132501485,
          "recall": 0.7,
          "valid_positive_count": 10
        },
        "flash": {
          "f1": 0.48,
          "pr_auc": 0.9852889124255426,
          "recall": 0.3157894736842105,
          "valid_positive_count": 19
        },
        "tunnel": {
          "f1": 0.0,
          "pr_auc": 0.11437908496732026,
          "recall": 0.0,
          "valid_positive_count": 2
        }
      },
      "threshold": 0.5,
      "valid_code_count": 3
    },
    {
      "best_epoch": 20,
      "early_stopping_monitor": null,
      "epochs_ran": 20,
      "fold": 2,
      "macro_f1": 0.5407407407407407,
      "macro_pr_auc": 0.6653663923572765,
      "macro_recall": 0.5521885521885522,
      "per_code": {
        "blur": {
          "f1": 0.6666666666666666,
          "pr_auc": 0.865243966559756,
          "recall": 0.5454545454545454,
          "valid_positive_count": 11
        },
        "flash": {
          "f1": 0.7333333333333333,
          "pr_auc": 0.934426639083502,
          "recall": 0.6111111111111112,
          "valid_positive_count": 18
        },
        "tunnel": {
          "f1": 0.2222222222222222,
          "pr_auc": 0.19642857142857142,
          "recall": 0.5,
          "valid_positive_count": 2
        }
      },
      "threshold": 0.5,
      "valid_code_count": 3
    },
    {
      "best_epoch": 20,
      "early_stopping_monitor": null,
      "epochs_ran": 20,
      "fold": 3,
      "macro_f1": 0.5754830917874396,
      "macro_pr_auc": 0.7879502428797234,
      "macro_recall": 0.4259259259259259,
      "per_code": {
        "blur": {
          "f1": 0.625,
          "pr_auc": 0.8361979686979686,
          "recall": 0.5,
          "valid_positive_count": 10
        },
        "flash": {
          "f1": 0.43478260869565216,
          "pr_auc": 0.9276527599412017,
          "recall": 0.2777777777777778,
          "valid_positive_count": 18
        },
        "tunnel": {
          "f1": 0.6666666666666666,
          "pr_auc": 0.6,
          "recall": 0.5,
          "valid_positive_count": 2
        }
      },
      "threshold": 0.5,
      "valid_code_count": 3
    },
    {
      "best_epoch": 20,
      "early_stopping_monitor": null,
      "epochs_ran": 20,
      "fold": 4,
      "macro_f1": 0.49615384615384617,
      "macro_pr_auc": 0.6873263693982287,
      "macro_recall": 0.5015948963317384,
      "per_code": {
        "blur": {
          "f1": 0.7,
          "pr_auc": 0.8837703962703964,
          "recall": 0.6363636363636364,
          "valid_positive_count": 11
        },
        "flash": {
          "f1": 0.5384615384615384,
          "pr_auc": 0.981780140495718,
          "recall": 0.3684210526315789,
          "valid_positive_count": 19
        },
        "tunnel": {
          "f1": 0.25,
          "pr_auc": 0.19642857142857142,
          "recall": 0.5,
          "valid_positive_count": 2
        }
      },
      "threshold": 0.5,
      "valid_code_count": 3
    }
  ],
  "fold_scheme": "weld_independent",
  "mode": "window_mil",
  "run_folds": [
    0,
    1,
    2,
    3,
    4
  ],
  "sample_count": 101
}
