{
  "aggregator": "max",
  "completed_fold_count": 5,
  "fold_count": 5,
  "fold_metrics": [
    {
      "best_epoch": 20,
      "early_stopping_monitor": null,
      "epochs_ran": 20,
      "fold": 0,
      "macro_f1": 0.5582137161084529,
      "macro_pr_auc": 0.5959850099745573,
      "macro_recall": 0.5757575757575758,
      "per_code": {
        "blur": {
          "f1": 0.7272727272727273,
          "pr_auc": 0.7484750098386462,
          "recall": 0.7272727272727273,
          "valid_positive_count": 11
        },
        "flash": {
          "f1": 0.9473684210526315,
          "pr_auc": 0.9574366764317745,
          "recall": 1.0,
          "valid_positive_count": 18
        },
        "tunnel": {
          "f1": 0.0,
          "pr_auc": 0.08204334365325078,
          "recall": 0.0,
          "valid_positive_count": 2
        }
      },
      "threshold": 0.5,
      "valid_code_count": 3
    },
    {
      "best_epoch": 20,
      "early_stopping_monitor": null,
      "epochs_ran": 20,
      "fold": 1,
      "macro_f1": 0.44753086419753085,
      "macro_pr_auc": 0.6660320983671154,
      "macro_recall": 0.34035087719298246,
      "per_code": {
        "blur": {
          "f1": 0.75,
          "pr_auc": 0.9330555555555554,
          "recall": 0.6,
          "valid_positive_count": 10
        },
        "flash": {
          "f1": 0.5925925925925926,
          "pr_auc": 0.9695861940912454,
          "recall": 0.42105263157894735,
          "valid_positive_count": 19
        },
        "tunnel": {
          "f1": 0.0,
          "pr_auc": 0.09545454545454546,
          "recall": 0.0,
          "valid_positive_count": 2
        }
      },
      "threshold": 0.5,
      "valid_code_count": 3
    },
    {
      "best_epoch": 20,
      "early_stopping_monitor": null,
      "epochs_ran": 20,
      "fold": 2,
      "macro_f1": 0.611111111111111,
      "macro_pr_auc": 0.6464296539880162,
      "macro_recall": 0.7003367003367004,
      "per_code": {
        "blur": {
          "f1": 0.6666666666666666,
          "pr_auc": 0.7870244654335564,
          "recall": 0.5454545454545454,
          "valid_positive_count": 11
        },
        "flash": {
          "f1": 0.6666666666666666,
          "pr_auc": 0.818931163197159,
          "recall": 0.5555555555555556,
          "valid_positive_count": 18
        },
        "tunnel": {
          "f1": 0.5,
          "pr_auc": 0.3333333333333333,
          "recall": 1.0,
          "valid_positive_count": 2
        }
      },
      "threshold": 0.5,
      "valid_code_count": 3
    },
    {
      "best_epoch": 20,
      "early_stopping_monitor": null,
      "epochs_ran": 20,
      "fold": 3,
      "macro_f1": 0.35937975068409855,
      "macro_pr_auc": 0.6812363086657892,
      "macro_recall": 0.3592592592592592,
      "per_code": {
        "blur": {
          "f1": 0.46153846153846156,
          "pr_auc": 0.8914529914529913,
          "recall": 0.3,
          "valid_positive_count": 10
        },
        "flash": {
          "f1": 0.43478260869565216,
          "pr_auc": 0.9355892678777097,
          "recall": 0.2777777777777778,
          "valid_positive_count": 18
        },
        "tunnel": {
          "f1": 0.18181818181818182,
          "pr_auc": 0.21666666666666667,
          "recall": 0.5,
          "valid_positive_count": 2
        }
      },
      "threshold": 0.5,
      "valid_code_count": 3
    },
    {
      "best_epoch": 20,
      "early_stopping_monitor": null,
      "epochs_ran": 20,
      "fold": 4,
      "macro_f1": 0.47450980392156855,
      "macro_pr_auc": 0.6197609268714857,
      "macro_recall": 0.4274322169059011,
      "per_code": {
        "blur": {
          "f1": 0.6,
          "pr_auc": 0.660604917957859,
          "recall": 0.5454545454545454,
          "valid_positive_count": 11
        },
        "flash": {
          "f1": 0.8235294117647058,
          "pr_auc": 0.9308207197994551,
          "recall": 0.7368421052631579,
          "valid_positive_count": 19
        },
        "tunnel": {
          "f1": 0.0,
          "pr_auc": 0.26785714285714285,
          "recall": 0.0,
          "valid_positive_count": 2
        }
      },
      "threshold": 0.5,
      "valid_code_count": 3
    }
  ],
  "fold_scheme": "weld_independent",
  "mode": "window_mil",
  "run_folds": [
    0,
    1,
    2,
    3,
    4
  ],
  "sample_count": 101
}
