{
  "aggregator": "topk_mean",
  "completed_fold_count": 5,
  "fold_count": 5,
  "fold_metrics": [
    {
      "best_epoch": 20,
      "early_stopping_monitor": null,
      "epochs_ran": 20,
      "fold": 0,
      "macro_f1": 0.514069264069264,
      "macro_pr_auc": 0.6554538911502511,
      "macro_recall": 0.6464646464646465,
      "per_code": {
        "blur": {
          "f1": 0.42857142857142855,
          "pr_auc": 0.7863486194825908,
          "recall": 0.2727272727272727,
          "valid_positive_count": 11
        },
        "flash": {
          "f1": 0.75,
          "pr_auc": 0.9022352761903847,
          "recall": 0.6666666666666666,
          "valid_positive_count": 18
        },
        "tunnel": {
          "f1": 0.36363636363636365,
          "pr_auc": 0.2777777777777778,
          "recall": 1.0,
          "valid_positive_count": 2
        }
      },
      "threshold": 0.5,
      "valid_code_count": 3
    },
    {
      "best_epoch": 20,
      "early_stopping_monitor": null,
      "epochs_ran": 20,
      "fold": 1,
      "macro_f1": 0.45751633986928103,
      "macro_pr_auc": 0.6542752441102612,
      "macro_recall": 0.37543859649122807,
      "per_code": {
        "blur": {
          "f1": 0.7058823529411765,
          "pr_auc": 0.8887301587301587,
          "recall": 0.6,
          "valid_positive_count": 10
        },
        "flash": {
          "f1": 0.6666666666666666,
          "pr_auc": 0.9471114466164978,
          "recall": 0.5263157894736842,
          "valid_positive_count": 19
        },
        "tunnel": {
          "f1": 0.0,
          "pr_auc": 0.12698412698412698,
          "recall": 0.0,
          "valid_positive_count": 2
        }
      },
      "threshold": 0.5,
      "valid_code_count": 3
    },
    {
      "best_epoch": 20,
      "early_stopping_monitor": null,
      "epochs_ran": 20,
      "fold": 2,
      "macro_f1": 0.6020799124247399,
      "macro_pr_auc": 0.6745514572104779,
      "macro_recall": 0.6885521885521886,
      "per_code": {
        "blur": {
          "f1": 0.47619047619047616,
          "pr_auc": 0.7411447888509528,
          "recall": 0.45454545454545453,
          "valid_positive_count": 11
        },
        "flash": {
          "f1": 0.7586206896551724,
          "pr_auc": 0.9575095827804807,
          "recall": 0.6111111111111112,
          "valid_positive_count": 18
        },
        "tunnel": {
          "f1": 0.5714285714285714,
          "pr_auc": 0.325,
          "recall": 1.0,
          "valid_positive_count": 2
        }
      },
      "threshold": 0.5,
      "valid_code_count": 3
    },
    {
      "best_epoch": 20,
      "early_stopping_monitor": null,
      "epochs_ran": 20,
      "fold": 3,
      "macro_f1": 0.5419103313840156,
      "macro_pr_auc": 0.7044171845208137,
      "macro_recall": 0.5666666666666667,
      "per_code": {
        "blur": {
          "f1": 0.7368421052631579,
          "pr_auc": 0.8046142746142746,
          "recall": 0.7,
          "valid_positive_count": 10
        },
        "flash": {
          "f1": 0.6666666666666666,
          "pr_auc": 0.9753039456148334,
          "recall": 0.5,
          "valid_positive_count": 18
        },
        "tunnel": {
          "f1": 0.2222222222222222,
          "pr_auc": 0.3333333333333333,
          "recall": 0.5,
          "valid_positive_count": 2
        }
      },
      "threshold": 0.5,
      "valid_code_count": 3
    },
    {
      "best_epoch": 20,
      "early_stopping_monitor": null,
      "epochs_ran": 20,
      "fold": 4,
      "macro_f1": 0.577299880525687,
      "macro_pr_auc": 0.6842688585057894,
      "macro_recall": 0.6626794258373206,
      "per_code": {
        "blur": {
          "f1": 0.8,
          "pr_auc": 0.8427233054027312,
          "recall": 0.9090909090909091,
          "valid_positive_count": 11
        },
        "flash": {
          "f1": 0.7096774193548387,
          "pr_auc": 0.973972159003526,
          "recall": 0.5789473684210527,
          "valid_positive_count": 19
        },
        "tunnel": {
          "f1": 0.2222222222222222,
          "pr_auc": 0.2361111111111111,
          "recall": 0.5,
          "valid_positive_count": 2
        }
      },
      "threshold": 0.5,
      "valid_code_count": 3
    }
  ],
  "fold_scheme": "weld_independent",
  "mode": "window_mil",
  "run_folds": [
    0,
    1,
    2,
    3,
    4
  ],
  "sample_count": 101
}
