{
  "aggregator": "mean",
  "completed_fold_count": 5,
  "fold_count": 5,
  "fold_metrics": [
    {
      "best_epoch": 20,
      "early_stopping_monitor": null,
      "epochs_ran": 20,
      "fold": 0,
      "macro_f1": 0.5053140096618357,
      "macro_pr_auc": 0.6188924376097971,
      "macro_recall": 0.4764309764309765,
      "per_code": {
        "blur": {
          "f1": 0.782608695652174,
          "pr_auc": 0.7920356158992523,
          "recall": 0.8181818181818182,
          "valid_positive_count": 11
        },
        "flash": {
          "f1": 0.7333333333333333,
          "pr_auc": 0.9358538181422599,
          "recall": 0.6111111111111112,
          "valid_positive_count": 18
        },
        "tunnel": {
          "f1": 0.0,
          "pr_auc": 0.12878787878787878,
          "recall": 0.0,
          "valid_positive_count": 2
        }
      },
      "threshold": 0.5,
      "valid_code_count": 3
    },
    {
      "best_epoch": 20,
      "early_stopping_monitor": null,
      "epochs_ran": 20,
      "fold": 1,
      "macro_f1": 0.33816425120772947,
      "macro_pr_auc": 0.6120313037495698,
      "macro_recall": 0.30350877192982456,
      "per_code": {
        "blur": {
          "f1": 0.6666666666666666,
          "pr_auc": 0.6860939112487099,
          "recall": 0.7,
          "valid_positive_count": 10
        },
        "flash": {
          "f1": 0.34782608695652173,
          "pr_auc": 0.9999999999999998,
          "recall": 0.21052631578947367,
          "valid_positive_count": 19
        },
        "tunnel": {
          "f1": 0.0,
          "pr_auc": 0.15,
          "recall": 0.0,
          "valid_positive_count": 2
        }
      },
      "threshold": 0.5,
      "valid_code_count": 3
    },
    {
      "best_epoch": 20,
      "early_stopping_monitor": null,
      "epochs_ran": 20,
      "fold": 2,
      "macro_f1": 0.6161557740505108,
      "macro_pr_auc": 0.6946231039385885,
      "macro_recall": 0.9090909090909092,
      "per_code": {
        "blur": {
          "f1": 0.6153846153846154,
          "pr_auc": 0.8457807742496737,
          "recall": 0.7272727272727273,
          "valid_positive_count": 11
        },
        "flash": {
          "f1": 0.9473684210526315,
          "pr_auc": 0.9047552042327585,
          "recall": 1.0,
          "valid_positive_count": 18
        },
        "tunnel": {
          "f1": 0.2857142857142857,
          "pr_auc": 0.3333333333333333,
          "recall": 1.0,
          "valid_positive_count": 2
        }
      },
      "threshold": 0.5,
      "valid_code_count": 3
    },
    {
      "best_epoch": 20,
      "early_stopping_monitor": null,
      "epochs_ran": 20,
      "fold": 3,
      "macro_f1": 0.6696969696969696,
      "macro_pr_auc": 0.714584394363806,
      "macro_recall": 0.8444444444444444,
      "per_code": {
        "blur": {
          "f1": 0.7,
          "pr_auc": 0.7508960402342755,
          "recall": 0.7,
          "valid_positive_count": 10
        },
        "flash": {
          "f1": 0.9090909090909091,
          "pr_auc": 1.0,
          "recall": 0.8333333333333334,
          "valid_positive_count": 18
        },
        "tunnel": {
          "f1": 0.4,
          "pr_auc": 0.39285714285714285,
          "recall": 1.0,
          "valid_positive_count": 2
        }
      },
      "threshold": 0.5,
      "valid_code_count": 3
    },
    {
      "best_epoch": 20,
      "early_stopping_monitor": null,
      "epochs_ran": 20,
      "fold": 4,
      "macro_f1": 0.4945103205972771,
      "macro_pr_auc": 0.6101399172715851,
      "macro_recall": 0.47049441786283897,
      "per_code": {
        "blur": {
          "f1": 0.6956521739130435,
          "pr_auc": 0.8193985307621672,
          "recall": 0.7272727272727273,
          "valid_positive_count": 11
        },
        "flash": {
          "f1": 0.7878787878787878,
          "pr_auc": 0.8895926496240167,
          "recall": 0.6842105263157895,
          "valid_positive_count": 19
        },
        "tunnel": {
          "f1": 0.0,
          "pr_auc": 0.12142857142857143,
          "recall": 0.0,
          "valid_positive_count": 2
        }
      },
      "threshold": 0.5,
      "valid_code_count": 3
    }
  ],
  "fold_scheme": "weld_independent",
  "mode": "window_mil",
  "run_folds": [
    0,
    1,
    2,
    3,
    4
  ],
  "sample_count": 101
}
