{
  "aggregator": "topk_mean",
  "completed_fold_count": 5,
  "fold_count": 5,
  "fold_metrics": [
    {
      "best_epoch": 20,
      "early_stopping_monitor": null,
      "epochs_ran": 20,
      "fold": 0,
      "macro_f1": 0.41742286751361163,
      "macro_pr_auc": 0.6271099309283005,
      "macro_recall": 0.34848484848484845,
      "per_code": {
        "blur": {
          "f1": 0.631578947368421,
          "pr_auc": 0.8314754689754691,
          "recall": 0.5454545454545454,
          "valid_positive_count": 11
        },
        "flash": {
          "f1": 0.6206896551724138,
          "pr_auc": 0.841520990476099,
          "recall": 0.5,
          "valid_positive_count": 18
        },
        "tunnel": {
          "f1": 0.0,
          "pr_auc": 0.20833333333333331,
          "recall": 0.0,
          "valid_positive_count": 2
        }
      },
      "threshold": 0.5,
      "valid_code_count": 3
    },
    {
      "best_epoch": 20,
      "early_stopping_monitor": null,
      "epochs_ran": 20,
      "fold": 1,
      "macro_f1": 0.42124542124542125,
      "macro_pr_auc": 0.6014767706538929,
      "macro_recall": 0.44035087719298244,
      "per_code": {
        "blur": {
          "f1": 0.6923076923076923,
          "pr_auc": 0.7614285714285713,
          "recall": 0.9,
          "valid_positive_count": 10
        },
        "flash": {
          "f1": 0.5714285714285714,
          "pr_auc": 0.8895926496240167,
          "recall": 0.42105263157894735,
          "valid_positive_count": 19
        },
        "tunnel": {
          "f1": 0.0,
          "pr_auc": 0.1534090909090909,
          "recall": 0.0,
          "valid_positive_count": 2
        }
      },
      "threshold": 0.5,
      "valid_code_count": 3
    },
    {
      "best_epoch": 20,
      "early_stopping_monitor": null,
      "epochs_ran": 20,
      "fold": 2,
      "macro_f1": 0.46565656565656566,
      "macro_pr_auc": 0.8588160855726216,
      "macro_recall": 0.36195286195286197,
      "per_code": {
        "blur": {
          "f1": 0.5333333333333333,
          "pr_auc": 0.8689382512911925,
          "recall": 0.36363636363636365,
          "valid_positive_count": 11
        },
        "flash": {
          "f1": 0.36363636363636365,
          "pr_auc": 0.9575100054266723,
          "recall": 0.2222222222222222,
          "valid_positive_count": 18
        },
        "tunnel": {
          "f1": 0.5,
          "pr_auc": 0.75,
          "recall": 0.5,
          "valid_positive_count": 2
        }
      },
      "threshold": 0.5,
      "valid_code_count": 3
    },
    {
      "best_epoch": 20,
      "early_stopping_monitor": null,
      "epochs_ran": 20,
      "fold": 3,
      "macro_f1": 0.5671296296296297,
      "macro_pr_auc": 0.6243479454809865,
      "macro_recall": 0.6407407407407407,
      "per_code": {
        "blur": {
          "f1": 0.6666666666666666,
          "pr_auc": 0.6017997198879552,
          "recall": 0.7,
          "valid_positive_count": 10
        },
        "flash": {
          "f1": 0.8125,
          "pr_auc": 0.9795774498883376,
          "recall": 0.7222222222222222,
          "valid_positive_count": 18
        },
        "tunnel": {
          "f1": 0.2222222222222222,
          "pr_auc": 0.29166666666666663,
          "recall": 0.5,
          "valid_positive_count": 2
        }
      },
      "threshold": 0.5,
      "valid_code_count": 3
    },
    {
      "best_epoch": 20,
      "early_stopping_monitor": null,
      "epochs_ran": 20,
      "fold": 4,
      "macro_f1": 0.5462962962962963,
      "macro_pr_auc": 0.6191143635912325,
      "macro_recall": 0.5534290271132377,
      "per_code": {
        "blur": {
          "f1": 0.75,
          "pr_auc": 0.7490702479338843,
          "recall": 0.8181818181818182,
          "valid_positive_count": 11
        },
        "flash": {
          "f1": 0.8888888888888888,
          "pr_auc": 0.9780207419994773,
          "recall": 0.8421052631578947,
          "valid_positive_count": 19
        },
        "tunnel": {
          "f1": 0.0,
          "pr_auc": 0.13025210084033612,
          "recall": 0.0,
          "valid_positive_count": 2
        }
      },
      "threshold": 0.5,
      "valid_code_count": 3
    }
  ],
  "fold_scheme": "weld_independent",
  "mode": "window_mil",
  "run_folds": [
    0,
    1,
    2,
    3,
    4
  ],
  "sample_count": 101
}
