{
  "aggregator": "max",
  "completed_fold_count": 5,
  "fold_count": 5,
  "fold_metrics": [
    {
      "best_epoch": 20,
      "early_stopping_monitor": null,
      "epochs_ran": 20,
      "fold": 0,
      "macro_f1": 0.5883040935672513,
      "macro_pr_auc": 0.6680631369067589,
      "macro_recall": 0.7188552188552189,
      "per_code": {
        "blur": {
          "f1": 0.631578947368421,
          "pr_auc": 0.8052603961694871,
          "recall": 0.5454545454545454,
          "valid_positive_count": 11
        },
        "flash": {
          "f1": 0.7333333333333333,
          "pr_auc": 0.9560718716936469,
          "recall": 0.6111111111111112,
          "valid_positive_count": 18
        },
        "tunnel": {
          "f1": 0.4,
          "pr_auc": 0.24285714285714285,
          "recall": 1.0,
          "valid_positive_count": 2
        }
      },
      "threshold": 0.5,
      "valid_code_count": 3
    },
    {
      "best_epoch": 20,
      "early_stopping_monitor": null,
      "epochs_ran": 20,
      "fold": 1,
      "macro_f1": 0.6127946127946128,
      "macro_pr_auc": 0.6018604558827795,
      "macro_recall": 0.7140350877192981,
      "per_code": {
        "blur": {
          "f1": 0.7272727272727273,
          "pr_auc": 0.7122606478488831,
          "recall": 0.8,
          "valid_positive_count": 10
        },
        "flash": {
          "f1": 0.8888888888888888,
          "pr_auc": 0.9308207197994551,
          "recall": 0.8421052631578947,
          "valid_positive_count": 19
        },
        "tunnel": {
          "f1": 0.2222222222222222,
          "pr_auc": 0.1625,
          "recall": 0.5,
          "valid_positive_count": 2
        }
      },
      "threshold": 0.5,
      "valid_code_count": 3
    },
    {
      "best_epoch": 20,
      "early_stopping_monitor": null,
      "epochs_ran": 20,
      "fold": 2,
      "macro_f1": 0.50599128540305,
      "macro_pr_auc": 0.7233231266364456,
      "macro_recall": 0.5471380471380471,
      "per_code": {
        "blur": {
          "f1": 0.4444444444444444,
          "pr_auc": 0.5962628280810098,
          "recall": 0.36363636363636365,
          "valid_positive_count": 11
        },
        "flash": {
          "f1": 0.8235294117647058,
          "pr_auc": 0.948706551828327,
          "recall": 0.7777777777777778,
          "valid_positive_count": 18
        },
        "tunnel": {
          "f1": 0.25,
          "pr_auc": 0.625,
          "recall": 0.5,
          "valid_positive_count": 2
        }
      },
      "threshold": 0.5,
      "valid_code_count": 3
    },
    {
      "best_epoch": 20,
      "early_stopping_monitor": null,
      "epochs_ran": 20,
      "fold": 3,
      "macro_f1": 0.2877846790890269,
      "macro_pr_auc": 0.6676791121102267,
      "macro_recall": 0.19259259259259257,
      "per_code": {
        "blur": {
          "f1": 0.42857142857142855,
          "pr_auc": 0.71502886002886,
          "recall": 0.3,
          "valid_positive_count": 10
        },
        "flash": {
          "f1": 0.43478260869565216,
          "pr_auc": 0.9546751429684868,
          "recall": 0.2777777777777778,
          "valid_positive_count": 18
        },
        "tunnel": {
          "f1": 0.0,
          "pr_auc": 0.3333333333333333,
          "recall": 0.0,
          "valid_positive_count": 2
        }
      },
      "threshold": 0.5,
      "valid_code_count": 3
    },
    {
      "best_epoch": 20,
      "early_stopping_monitor": null,
      "epochs_ran": 20,
      "fold": 4,
      "macro_f1": 0.5873015873015873,
      "macro_pr_auc": 0.696919132364901,
      "macro_recall": 0.6275917065390749,
      "per_code": {
        "blur": {
          "f1": 0.8333333333333334,
          "pr_auc": 0.9009558919986729,
          "recall": 0.9090909090909091,
          "valid_positive_count": 11
        },
        "flash": {
          "f1": 0.6428571428571429,
          "pr_auc": 0.9648015050960299,
          "recall": 0.47368421052631576,
          "valid_positive_count": 19
        },
        "tunnel": {
          "f1": 0.2857142857142857,
          "pr_auc": 0.225,
          "recall": 0.5,
          "valid_positive_count": 2
        }
      },
      "threshold": 0.5,
      "valid_code_count": 3
    }
  ],
  "fold_scheme": "weld_independent",
  "mode": "window_mil",
  "run_folds": [
    0,
    1,
    2,
    3,
    4
  ],
  "sample_count": 101
}
