{
  "aggregator": "mean",
  "fold_count": 5,
  "fold_metrics": [
    {
      "fold": 0,
      "macro_f1": 0.7808460634547592,
      "macro_pr_auc": 0.9625759762123399,
      "macro_recall": 0.9696969696969697,
      "per_code": {
        "blur": {
          "f1": 0.8695652173913043,
          "pr_auc": 0.8877279286370197,
          "recall": 0.9090909090909091,
          "valid_positive_count": 11
        },
        "flash": {
          "f1": 0.972972972972973,
          "pr_auc": 1.0,
          "recall": 1.0,
          "valid_positive_count": 18
        },
        "tunnel": {
          "f1": 0.5,
          "pr_auc": 1.0,
          "recall": 1.0,
          "valid_positive_count": 2
        }
      },
      "threshold": 0.5,
      "valid_code_count": 3
    },
    {
      "fold": 1,
      "macro_f1": 0.7057280883367839,
      "macro_pr_auc": 0.8315129989021955,
      "macro_recall": 0.7807017543859649,
      "per_code": {
        "blur": {
          "f1": 0.8695652173913043,
          "pr_auc": 0.8361979686979686,
          "recall": 1.0,
          "valid_positive_count": 10
        },
        "flash": {
          "f1": 0.9142857142857143,
          "pr_auc": 0.9916743613419512,
          "recall": 0.8421052631578947,
          "valid_positive_count": 19
        },
        "tunnel": {
          "f1": 0.3333333333333333,
          "pr_auc": 0.6666666666666666,
          "recall": 0.5,
          "valid_positive_count": 2
        }
      },
      "threshold": 0.5,
      "valid_code_count": 3
    },
    {
      "fold": 2,
      "macro_f1": 0.67987012987013,
      "macro_pr_auc": 0.8609728234728236,
      "macro_recall": 0.7542087542087542,
      "per_code": {
        "blur": {
          "f1": 0.8181818181818182,
          "pr_auc": 0.9456168831168832,
          "recall": 0.8181818181818182,
          "valid_positive_count": 11
        },
        "flash": {
          "f1": 0.9714285714285714,
          "pr_auc": 0.9944444444444446,
          "recall": 0.9444444444444444,
          "valid_positive_count": 18
        },
        "tunnel": {
          "f1": 0.25,
          "pr_auc": 0.6428571428571428,
          "recall": 0.5,
          "valid_positive_count": 2
        }
      },
      "threshold": 0.5,
      "valid_code_count": 3
    },
    {
      "fold": 3,
      "macro_f1": 0.6670653907496013,
      "macro_pr_auc": 0.8458333333333333,
      "macro_recall": 0.7111111111111111,
      "per_code": {
        "blur": {
          "f1": 0.8421052631578947,
          "pr_auc": 0.9263888888888888,
          "recall": 0.8,
          "valid_positive_count": 10
        },
        "flash": {
          "f1": 0.9090909090909091,
          "pr_auc": 1.0,
          "recall": 0.8333333333333334,
          "valid_positive_count": 18
        },
        "tunnel": {
          "f1": 0.25,
          "pr_auc": 0.6111111111111112,
          "recall": 0.5,
          "valid_positive_count": 2
        }
      },
      "threshold": 0.5,
      "valid_code_count": 3
    },
    {
      "fold": 4,
      "macro_f1": 0.7542087542087542,
      "macro_pr_auc": 0.8378171093482099,
      "macro_recall": 0.7376395534290271,
      "per_code": {
        "blur": {
          "f1": 0.8181818181818182,
          "pr_auc": 0.8160829069919979,
          "recall": 0.8181818181818182,
          "valid_positive_count": 11
        },
        "flash": {
          "f1": 0.9444444444444444,
          "pr_auc": 0.9973684210526315,
          "recall": 0.8947368421052632,
          "valid_positive_count": 19
        },
        "tunnel": {
          "f1": 0.5,
          "pr_auc": 0.7,
          "recall": 0.5,
          "valid_positive_count": 2
        }
      },
      "threshold": 0.5,
      "valid_code_count": 3
    }
  ],
  "fold_scheme": "weld_independent",
  "mode": "statistical",
  "sample_count": 101
}
runs=1 ok=True
OK /home/user/PROJECT/MMDII/MMDII-Core/outputs/alignment-weld-independent-deep-v0-2-1/seed-7-b0-statistical samples=101
{
  "aggregator": "mean",
  "fold_count": 5,
  "fold_metrics": [
    {
      "fold": 0,
      "macro_f1": 0.7845117845117845,
      "macro_pr_auc": 0.9321454639636458,
      "macro_recall": 0.7845117845117845,
      "per_code": {
        "blur": {
          "f1": 0.9090909090909091,
          "pr_auc": 0.9686586141131597,
          "recall": 0.9090909090909091,
          "valid_positive_count": 11
        },
        "flash": {
          "f1": 0.9444444444444444,
          "pr_auc": 0.9944444444444445,
          "recall": 0.9444444444444444,
          "valid_positive_count": 18
        },
        "tunnel": {
          "f1": 0.5,
          "pr_auc": 0.8333333333333333,
          "recall": 0.5,
          "valid_positive_count": 2
        }
      },
      "threshold": 0.5,
      "valid_code_count": 3
    },
    {
      "fold": 1,
      "macro_f1": 0.7380952380952381,
      "macro_pr_auc": 0.8127591706539076,
      "macro_recall": 0.7473684210526316,
      "per_code": {
        "blur": {
          "f1": 0.9,
          "pr_auc": 0.9909090909090909,
          "recall": 0.9,
          "valid_positive_count": 10
        },
        "flash": {
          "f1": 0.9142857142857143,
          "pr_auc": 0.9973684210526316,
          "recall": 0.8421052631578947,
          "valid_positive_count": 19
        },
        "tunnel": {
          "f1": 0.4,
          "pr_auc": 0.45,
          "recall": 0.5,
          "valid_positive_count": 2
        }
      },
      "threshold": 0.5,
      "valid_code_count": 3
    },
    {
      "fold": 2,
      "macro_f1": 0.7681704260651628,
      "macro_pr_auc": 0.8487891273178354,
      "macro_recall": 0.7727272727272728,
      "per_code": {
        "blur": {
          "f1": 0.8571428571428571,
          "pr_auc": 0.9327708907254362,
          "recall": 0.8181818181818182,
          "valid_positive_count": 11
        },
        "flash": {
          "f1": 0.9473684210526315,
          "pr_auc": 0.9885964912280701,
          "recall": 1.0,
          "valid_positive_count": 18
        },
        "tunnel": {
          "f1": 0.5,
          "pr_auc": 0.625,
          "recall": 0.5,
          "valid_positive_count": 2
        }
      },
      "threshold": 0.5,
      "valid_code_count": 3
    },
    {
      "fold": 3,
      "macro_f1": 0.8210563504681151,
      "macro_pr_auc": 0.8939102564102565,
      "macro_recall": 0.7333333333333334,
      "per_code": {
        "blur": {
          "f1": 0.8235294117647058,
          "pr_auc": 0.9317307692307691,
          "recall": 0.7,
          "valid_positive_count": 10
        },
        "flash": {
          "f1": 0.972972972972973,
          "pr_auc": 1.0,
          "recall": 1.0,
          "valid_positive_count": 18
        },
        "tunnel": {
          "f1": 0.6666666666666666,
          "pr_auc": 0.75,
          "recall": 0.5,
          "valid_positive_count": 2
        }
      },
      "threshold": 0.5,
      "valid_code_count": 3
    },
    {
      "fold": 4,
      "macro_f1": 0.8333333333333334,
      "macro_pr_auc": 0.9309944363420298,
      "macro_recall": 0.9696969696969697,
      "per_code": {
        "blur": {
          "f1": 0.8333333333333334,
          "pr_auc": 0.9596499756927566,
          "recall": 0.9090909090909091,
          "valid_positive_count": 11
        },
        "flash": {
          "f1": 1.0,
          "pr_auc": 0.9999999999999999,
          "recall": 1.0,
          "valid_positive_count": 19
        },
        "tunnel": {
          "f1": 0.6666666666666666,
          "pr_auc": 0.8333333333333333,
          "recall": 1.0,
          "valid_positive_count": 2
        }
      },
      "threshold": 0.5,
      "valid_code_count": 3
    }
  ],
  "fold_scheme": "weld_independent",
  "mode": "random_forest",
  "sample_count": 101
}
runs=1 ok=True
OK /home/user/PROJECT/MMDII/MMDII-Core/outputs/alignment-weld-independent-deep-v0-2-1/seed-7-random-forest samples=101
{
  "aggregator": "mean",
  "fold_count": 5,
  "fold_metrics": [
    {
      "best_epoch": 20,
      "early_stopping_monitor": null,
      "epochs_ran": 20,
      "fold": 0,
      "macro_f1": 0.8151075977162933,
      "macro_pr_auc": 0.9278639237789564,
      "macro_recall": 0.914141414141414,
      "per_code": {
        "blur": {
          "f1": 0.8695652173913043,
          "pr_auc": 0.7955017205017203,
          "recall": 0.9090909090909091,
          "valid_positive_count": 11
        },
        "flash": {
          "f1": 0.9090909090909091,
          "pr_auc": 0.988090050835149,
          "recall": 0.8333333333333334,
          "valid_positive_count": 18
        },
        "tunnel": {
          "f1": 0.6666666666666666,
          "pr_auc": 1.0,
          "recall": 1.0,
          "valid_positive_count": 2
        }
      },
      "threshold": 0.5,
      "valid_code_count": 3
    },
    {
      "best_epoch": 20,
      "early_stopping_monitor": null,
      "epochs_ran": 20,
      "fold": 1,
      "macro_f1": 0.5248015873015873,
      "macro_pr_auc": 0.8780589357654698,
      "macro_recall": 0.4947368421052632,
      "per_code": {
        "blur": {
          "f1": 0.7619047619047619,
          "pr_auc": 0.8122650878533232,
          "recall": 0.8,
          "valid_positive_count": 10
        },
        "flash": {
          "f1": 0.8125,
          "pr_auc": 0.988578386109753,
          "recall": 0.6842105263157895,
          "valid_positive_count": 19
        },
        "tunnel": {
          "f1": 0.0,
          "pr_auc": 0.8333333333333333,
          "recall": 0.0,
          "valid_positive_count": 2
        }
      },
      "threshold": 0.5,
      "valid_code_count": 3
    },
    {
      "best_epoch": 20,
      "early_stopping_monitor": null,
      "epochs_ran": 20,
      "fold": 2,
      "macro_f1": 0.7052545155993432,
      "macro_pr_auc": 0.8503068217900364,
      "macro_recall": 0.6430976430976432,
      "per_code": {
        "blur": {
          "f1": 0.8571428571428571,
          "pr_auc": 0.9258264462809918,
          "recall": 0.8181818181818182,
          "valid_positive_count": 11
        },
        "flash": {
          "f1": 0.7586206896551724,
          "pr_auc": 0.9822368762319744,
          "recall": 0.6111111111111112,
          "valid_positive_count": 18
        },
        "tunnel": {
          "f1": 0.5,
          "pr_auc": 0.6428571428571428,
          "recall": 0.5,
          "valid_positive_count": 2
        }
      },
      "threshold": 0.5,
      "valid_code_count": 3
    },
    {
      "best_epoch": 20,
      "early_stopping_monitor": null,
      "epochs_ran": 20,
      "fold": 3,
      "macro_f1": 0.7610939112487101,
      "macro_pr_auc": 0.7968626743626744,
      "macro_recall": 0.7296296296296297,
      "per_code": {
        "blur": {
          "f1": 0.8421052631578947,
          "pr_auc": 0.765588023088023,
          "recall": 0.8,
          "valid_positive_count": 10
        },
        "flash": {
          "f1": 0.9411764705882353,
          "pr_auc": 1.0,
          "recall": 0.8888888888888888,
          "valid_positive_count": 18
        },
        "tunnel": {
          "f1": 0.5,
          "pr_auc": 0.625,
          "recall": 0.5,
          "valid_positive_count": 2
        }
      },
      "threshold": 0.5,
      "valid_code_count": 3
    },
    {
      "best_epoch": 20,
      "early_stopping_monitor": null,
      "epochs_ran": 20,
      "fold": 4,
      "macro_f1": 0.8222222222222223,
      "macro_pr_auc": 0.8811698425901398,
      "macro_recall": 0.8516746411483253,
      "per_code": {
        "blur": {
          "f1": 0.8181818181818182,
          "pr_auc": 0.8155778564869474,
          "recall": 0.8181818181818182,
          "valid_positive_count": 11
        },
        "flash": {
          "f1": 0.8484848484848485,
          "pr_auc": 0.9945983379501384,
          "recall": 0.7368421052631579,
          "valid_positive_count": 19
        },
        "tunnel": {
          "f1": 0.8,
          "pr_auc": 0.8333333333333333,
          "recall": 1.0,
          "valid_positive_count": 2
        }
      },
      "threshold": 0.5,
      "valid_code_count": 3
    }
  ],
  "fold_scheme": "weld_independent",
  "mode": "full_signal",
  "sample_count": 101
}
runs=1 ok=True
OK /home/user/PROJECT/MMDII/MMDII-Core/outputs/alignment-weld-independent-deep-v0-2-1/seed-7-e0-full-signal samples=101
{
  "aggregator": "mean",
  "fold_count": 5,
  "fold_metrics": [
    {
      "best_epoch": 20,
      "early_stopping_monitor": null,
      "epochs_ran": 20,
      "fold": 0,
      "macro_f1": 0.8080808080808081,
      "macro_pr_auc": 0.7575804237725304,
      "macro_recall": 0.8956228956228957,
      "per_code": {
        "blur": {
          "f1": 0.9090909090909091,
          "pr_auc": 0.8087990292535745,
          "recall": 0.9090909090909091,
          "valid_positive_count": 11
        },
        "flash": {
          "f1": 0.8484848484848485,
          "pr_auc": 0.9639422420640171,
          "recall": 0.7777777777777778,
          "valid_positive_count": 18
        },
        "tunnel": {
          "f1": 0.6666666666666666,
          "pr_auc": 0.5,
          "recall": 1.0,
          "valid_positive_count": 2
        }
      },
      "threshold": 0.5,
      "valid_code_count": 3
    },
    {
      "best_epoch": 20,
      "early_stopping_monitor": null,
      "epochs_ran": 20,
      "fold": 1,
      "macro_f1": 0.5858585858585859,
      "macro_pr_auc": 0.765233918128655,
      "macro_recall": 0.5789473684210527,
      "per_code": {
        "blur": {
          "f1": 0.9090909090909091,
          "pr_auc": 0.9733333333333333,
          "recall": 1.0,
          "valid_positive_count": 10
        },
        "flash": {
          "f1": 0.8484848484848485,
          "pr_auc": 0.9973684210526315,
          "recall": 0.7368421052631579,
          "valid_positive_count": 19
        },
        "tunnel": {
          "f1": 0.0,
          "pr_auc": 0.325,
          "recall": 0.0,
          "valid_positive_count": 2
        }
      },
      "threshold": 0.5,
      "valid_code_count": 3
    },
    {
      "best_epoch": 20,
      "early_stopping_monitor": null,
      "epochs_ran": 20,
      "fold": 2,
      "macro_f1": 0.6385620915032679,
      "macro_pr_auc": 0.8449045292000775,
      "macro_recall": 0.6565656565656566,
      "per_code": {
        "blur": {
          "f1": 0.7,
          "pr_auc": 0.8956991241082151,
          "recall": 0.6363636363636364,
          "valid_positive_count": 11
        },
        "flash": {
          "f1": 0.8823529411764706,
          "pr_auc": 0.9390144634920178,
          "recall": 0.8333333333333334,
          "valid_positive_count": 18
        },
        "tunnel": {
          "f1": 0.3333333333333333,
          "pr_auc": 0.7,
          "recall": 0.5,
          "valid_positive_count": 2
        }
      },
      "threshold": 0.5,
      "valid_code_count": 3
    },
    {
      "best_epoch": 20,
      "early_stopping_monitor": null,
      "epochs_ran": 20,
      "fold": 3,
      "macro_f1": 0.6936049801924166,
      "macro_pr_auc": 0.75203216374269,
      "macro_recall": 0.674074074074074,
      "per_code": {
        "blur": {
          "f1": 0.8421052631578947,
          "pr_auc": 0.8423538011695906,
          "recall": 0.8,
          "valid_positive_count": 10
        },
        "flash": {
          "f1": 0.8387096774193549,
          "pr_auc": 0.997076023391813,
          "recall": 0.7222222222222222,
          "valid_positive_count": 18
        },
        "tunnel": {
          "f1": 0.4,
          "pr_auc": 0.41666666666666663,
          "recall": 0.5,
          "valid_positive_count": 2
        }
      },
      "threshold": 0.5,
      "valid_code_count": 3
    },
    {
      "best_epoch": 20,
      "early_stopping_monitor": null,
      "epochs_ran": 20,
      "fold": 4,
      "macro_f1": 0.8102272727272727,
      "macro_pr_auc": 0.8903535266964244,
      "macro_recall": 0.8341307814992026,
      "per_code": {
        "blur": {
          "f1": 0.8181818181818182,
          "pr_auc": 0.849148860646187,
          "recall": 0.8181818181818182,
          "valid_positive_count": 11
        },
        "flash": {
          "f1": 0.8125,
          "pr_auc": 0.988578386109753,
          "recall": 0.6842105263157895,
          "valid_positive_count": 19
        },
        "tunnel": {
          "f1": 0.8,
          "pr_auc": 0.8333333333333333,
          "recall": 1.0,
          "valid_positive_count": 2
        }
      },
      "threshold": 0.5,
      "valid_code_count": 3
    }
  ],
  "fold_scheme": "weld_independent",
  "mode": "window_mil",
  "sample_count": 101
}
runs=1 ok=True
OK /home/user/PROJECT/MMDII/MMDII-Core/outputs/alignment-weld-independent-deep-v0-2-1/seed-7-e1a-mean samples=101
{
  "aggregator": "max",
  "fold_count": 5,
  "fold_metrics": [
    {
      "best_epoch": 20,
      "early_stopping_monitor": null,
      "epochs_ran": 20,
      "fold": 0,
      "macro_f1": 0.7088888888888888,
      "macro_pr_auc": 0.8033380827691974,
      "macro_recall": 0.7356902356902357,
      "per_code": {
        "blur": {
          "f1": 0.9,
          "pr_auc": 0.9497835497835498,
          "recall": 0.8181818181818182,
          "valid_positive_count": 11
        },
        "flash": {
          "f1": 0.56,
          "pr_auc": 0.9602306985240423,
          "recall": 0.3888888888888889,
          "valid_positive_count": 18
        },
        "tunnel": {
          "f1": 0.6666666666666666,
          "pr_auc": 0.5,
          "recall": 1.0,
          "valid_positive_count": 2
        }
      },
      "threshold": 0.5,
      "valid_code_count": 3
    },
    {
      "best_epoch": 20,
      "early_stopping_monitor": null,
      "epochs_ran": 20,
      "fold": 1,
      "macro_f1": 0.6810966810966811,
      "macro_pr_auc": 0.8364774642613977,
      "macro_recall": 0.7456140350877193,
      "per_code": {
        "blur": {
          "f1": 0.9090909090909091,
          "pr_auc": 0.871976911976912,
          "recall": 1.0,
          "valid_positive_count": 10
        },
        "flash": {
          "f1": 0.8484848484848485,
          "pr_auc": 0.9945983379501384,
          "recall": 0.7368421052631579,
          "valid_positive_count": 19
        },
        "tunnel": {
          "f1": 0.2857142857142857,
          "pr_auc": 0.6428571428571428,
          "recall": 0.5,
          "valid_positive_count": 2
        }
      },
      "threshold": 0.5,
      "valid_code_count": 3
    },
    {
      "best_epoch": 20,
      "early_stopping_monitor": null,
      "epochs_ran": 20,
      "fold": 2,
      "macro_f1": 0.7343550446998722,
      "macro_pr_auc": 0.8485176233182613,
      "macro_recall": 0.5824915824915825,
      "per_code": {
        "blur": {
          "f1": 0.7777777777777778,
          "pr_auc": 0.9585576040121495,
          "recall": 0.6363636363636364,
          "valid_positive_count": 11
        },
        "flash": {
          "f1": 0.7586206896551724,
          "pr_auc": 0.9619952659426345,
          "recall": 0.6111111111111112,
          "valid_positive_count": 18
        },
        "tunnel": {
          "f1": 0.6666666666666666,
          "pr_auc": 0.625,
          "recall": 0.5,
          "valid_positive_count": 2
        }
      },
      "threshold": 0.5,
      "valid_code_count": 3
    },
    {
      "best_epoch": 20,
      "early_stopping_monitor": null,
      "epochs_ran": 20,
      "fold": 3,
      "macro_f1": 0.5733333333333334,
      "macro_pr_auc": 0.6962762659851585,
      "macro_recall": 0.6888888888888888,
      "per_code": {
        "blur": {
          "f1": 0.72,
          "pr_auc": 0.9108386496544391,
          "recall": 0.9,
          "valid_positive_count": 10
        },
        "flash": {
          "f1": 0.8,
          "pr_auc": 0.9835457038565916,
          "recall": 0.6666666666666666,
          "valid_positive_count": 18
        },
        "tunnel": {
          "f1": 0.2,
          "pr_auc": 0.19444444444444442,
          "recall": 0.5,
          "valid_positive_count": 2
        }
      },
      "threshold": 0.5,
      "valid_code_count": 3
    },
    {
      "best_epoch": 20,
      "early_stopping_monitor": null,
      "epochs_ran": 20,
      "fold": 4,
      "macro_f1": 0.7587301587301587,
      "macro_pr_auc": 0.9496028643900346,
      "macro_recall": 0.7942583732057417,
      "per_code": {
        "blur": {
          "f1": 0.8333333333333334,
          "pr_auc": 0.8635196807445611,
          "recall": 0.9090909090909091,
          "valid_positive_count": 11
        },
        "flash": {
          "f1": 0.6428571428571429,
          "pr_auc": 0.9852889124255426,
          "recall": 0.47368421052631576,
          "valid_positive_count": 19
        },
        "tunnel": {
          "f1": 0.8,
          "pr_auc": 1.0,
          "recall": 1.0,
          "valid_positive_count": 2
        }
      },
      "threshold": 0.5,
      "valid_code_count": 3
    }
  ],
  "fold_scheme": "weld_independent",
  "mode": "window_mil",
  "sample_count": 101
}
runs=1 ok=True
OK /home/user/PROJECT/MMDII/MMDII-Core/outputs/alignment-weld-independent-deep-v0-2-1/seed-7-e1b-max samples=101
{
  "aggregator": "topk_mean",
  "fold_count": 5,
  "fold_metrics": [
    {
      "best_epoch": 20,
      "early_stopping_monitor": null,
      "epochs_ran": 20,
      "fold": 0,
      "macro_f1": 0.6695906432748537,
      "macro_pr_auc": 0.8478546772857918,
      "macro_recall": 0.6868686868686869,
      "per_code": {
        "blur": {
          "f1": 0.8421052631578947,
          "pr_auc": 1.0,
          "recall": 0.7272727272727273,
          "valid_positive_count": 11
        },
        "flash": {
          "f1": 0.5,
          "pr_auc": 0.9602306985240423,
          "recall": 0.3333333333333333,
          "valid_positive_count": 18
        },
        "tunnel": {
          "f1": 0.6666666666666666,
          "pr_auc": 0.5833333333333333,
          "recall": 1.0,
          "valid_positive_count": 2
        }
      },
      "threshold": 0.5,
      "valid_code_count": 3
    },
    {
      "best_epoch": 20,
      "early_stopping_monitor": null,
      "epochs_ran": 20,
      "fold": 1,
      "macro_f1": 0.7015873015873016,
      "macro_pr_auc": 0.7563558517505885,
      "macro_recall": 0.7473684210526316,
      "per_code": {
        "blur": {
          "f1": 0.8571428571428571,
          "pr_auc": 0.9105880230880231,
          "recall": 0.9,
          "valid_positive_count": 10
        },
        "flash": {
          "f1": 0.9142857142857143,
          "pr_auc": 0.9973684210526315,
          "recall": 0.8421052631578947,
          "valid_positive_count": 19
        },
        "tunnel": {
          "f1": 0.3333333333333333,
          "pr_auc": 0.3611111111111111,
          "recall": 0.5,
          "valid_positive_count": 2
        }
      },
      "threshold": 0.5,
      "valid_code_count": 3
    },
    {
      "best_epoch": 20,
      "early_stopping_monitor": null,
      "epochs_ran": 20,
      "fold": 2,
      "macro_f1": 0.5594356261022928,
      "macro_pr_auc": 0.8218455586968503,
      "macro_recall": 0.5572390572390572,
      "per_code": {
        "blur": {
          "f1": 0.8,
          "pr_auc": 0.9471939676485133,
          "recall": 0.7272727272727273,
          "valid_positive_count": 11
        },
        "flash": {
          "f1": 0.5925925925925926,
          "pr_auc": 0.8933427084420378,
          "recall": 0.4444444444444444,
          "valid_positive_count": 18
        },
        "tunnel": {
          "f1": 0.2857142857142857,
          "pr_auc": 0.625,
          "recall": 0.5,
          "valid_positive_count": 2
        }
      },
      "threshold": 0.5,
      "valid_code_count": 3
    },
    {
      "best_epoch": 20,
      "early_stopping_monitor": null,
      "epochs_ran": 20,
      "fold": 3,
      "macro_f1": 0.5028735632183908,
      "macro_pr_auc": 0.6747707344796269,
      "macro_recall": 0.5037037037037037,
      "per_code": {
        "blur": {
          "f1": 0.75,
          "pr_auc": 0.8711236424394319,
          "recall": 0.9,
          "valid_positive_count": 10
        },
        "flash": {
          "f1": 0.7586206896551724,
          "pr_auc": 0.9795774498883376,
          "recall": 0.6111111111111112,
          "valid_positive_count": 18
        },
        "tunnel": {
          "f1": 0.0,
          "pr_auc": 0.1736111111111111,
          "recall": 0.0,
          "valid_positive_count": 2
        }
      },
      "threshold": 0.5,
      "valid_code_count": 3
    },
    {
      "best_epoch": 20,
      "early_stopping_monitor": null,
      "epochs_ran": 20,
      "fold": 4,
      "macro_f1": 0.7419753086419755,
      "macro_pr_auc": 0.9527682905817766,
      "macro_recall": 0.7767145135566188,
      "per_code": {
        "blur": {
          "f1": 0.8333333333333334,
          "pr_auc": 0.8697264856355766,
          "recall": 0.9090909090909091,
          "valid_positive_count": 11
        },
        "flash": {
          "f1": 0.5925925925925926,
          "pr_auc": 0.988578386109753,
          "recall": 0.42105263157894735,
          "valid_positive_count": 19
        },
        "tunnel": {
          "f1": 0.8,
          "pr_auc": 1.0,
          "recall": 1.0,
          "valid_positive_count": 2
        }
      },
      "threshold": 0.5,
      "valid_code_count": 3
    }
  ],
  "fold_scheme": "weld_independent",
  "mode": "window_mil",
  "sample_count": 101
}
runs=1 ok=True
OK /home/user/PROJECT/MMDII/MMDII-Core/outputs/alignment-weld-independent-deep-v0-2-1/seed-7-e1b-topk-mean samples=101
{
  "aggregator": "gated_attention",
  "fold_count": 5,
  "fold_metrics": [
    {
      "best_epoch": 20,
      "early_stopping_monitor": null,
      "epochs_ran": 20,
      "fold": 0,
      "macro_f1": 0.765993265993266,
      "macro_pr_auc": 0.9511672381926785,
      "macro_recall": 0.9326599326599326,
      "per_code": {
        "blur": {
          "f1": 0.9090909090909091,
          "pr_auc": 0.919055439509985,
          "recall": 0.9090909090909091,
          "valid_positive_count": 11
        },
        "flash": {
          "f1": 0.8888888888888888,
          "pr_auc": 0.9344462750680502,
          "recall": 0.8888888888888888,
          "valid_positive_count": 18
        },
        "tunnel": {
          "f1": 0.5,
          "pr_auc": 1.0,
          "recall": 1.0,
          "valid_positive_count": 2
        }
      },
      "threshold": 0.5,
      "valid_code_count": 3
    },
    {
      "best_epoch": 20,
      "early_stopping_monitor": null,
      "epochs_ran": 20,
      "fold": 1,
      "macro_f1": 0.5580645161290323,
      "macro_pr_auc": 0.7631321059160395,
      "macro_recall": 0.5105263157894737,
      "per_code": {
        "blur": {
          "f1": 0.9,
          "pr_auc": 0.9697979797979798,
          "recall": 0.9,
          "valid_positive_count": 10
        },
        "flash": {
          "f1": 0.7741935483870968,
          "pr_auc": 0.9945983379501384,
          "recall": 0.631578947368421,
          "valid_positive_count": 19
        },
        "tunnel": {
          "f1": 0.0,
          "pr_auc": 0.325,
          "recall": 0.0,
          "valid_positive_count": 2
        }
      },
      "threshold": 0.5,
      "valid_code_count": 3
    },
    {
      "best_epoch": 20,
      "early_stopping_monitor": null,
      "epochs_ran": 20,
      "fold": 2,
      "macro_f1": 0.7306878306878307,
      "macro_pr_auc": 0.8343163894419484,
      "macro_recall": 0.6750841750841751,
      "per_code": {
        "blur": {
          "f1": 0.7777777777777778,
          "pr_auc": 0.912227538543328,
          "recall": 0.6363636363636364,
          "valid_positive_count": 11
        },
        "flash": {
          "f1": 0.9142857142857143,
          "pr_auc": 0.9907216297825174,
          "recall": 0.8888888888888888,
          "valid_positive_count": 18
        },
        "tunnel": {
          "f1": 0.5,
          "pr_auc": 0.6,
          "recall": 0.5,
          "valid_positive_count": 2
        }
      },
      "threshold": 0.5,
      "valid_code_count": 3
    },
    {
      "best_epoch": 20,
      "early_stopping_monitor": null,
      "epochs_ran": 20,
      "fold": 3,
      "macro_f1": 0.762844611528822,
      "macro_pr_auc": 0.8878917378917378,
      "macro_recall": 0.8592592592592593,
      "per_code": {
        "blur": {
          "f1": 0.8421052631578947,
          "pr_auc": 0.9136752136752136,
          "recall": 0.8,
          "valid_positive_count": 10
        },
        "flash": {
          "f1": 0.875,
          "pr_auc": 1.0,
          "recall": 0.7777777777777778,
          "valid_positive_count": 18
        },
        "tunnel": {
          "f1": 0.5714285714285714,
          "pr_auc": 0.75,
          "recall": 1.0,
          "valid_positive_count": 2
        }
      },
      "threshold": 0.5,
      "valid_code_count": 3
    },
    {
      "best_epoch": 20,
      "early_stopping_monitor": null,
      "epochs_ran": 20,
      "fold": 4,
      "macro_f1": 0.8273550724637682,
      "macro_pr_auc": 0.9146271260474231,
      "macro_recall": 0.8644338118022329,
      "per_code": {
        "blur": {
          "f1": 0.8695652173913043,
          "pr_auc": 0.9159497068587978,
          "recall": 0.9090909090909091,
          "valid_positive_count": 11
        },
        "flash": {
          "f1": 0.8125,
          "pr_auc": 0.9945983379501384,
          "recall": 0.6842105263157895,
          "valid_positive_count": 19
        },
        "tunnel": {
          "f1": 0.8,
          "pr_auc": 0.8333333333333333,
          "recall": 1.0,
          "valid_positive_count": 2
        }
      },
      "threshold": 0.5,
      "valid_code_count": 3
    }
  ],
  "fold_scheme": "weld_independent",
  "mode": "window_mil",
  "sample_count": 101
}
runs=1 ok=True
OK /home/user/PROJECT/MMDII/MMDII-Core/outputs/alignment-weld-independent-deep-v0-2-1/seed-7-e1c-gated-attention samples=101
{
  "aggregator": "mean",
  "fold_count": 5,
  "fold_metrics": [
    {
      "fold": 0,
      "macro_f1": 0.7808460634547592,
      "macro_pr_auc": 0.9625759762123399,
      "macro_recall": 0.9696969696969697,
      "per_code": {
        "blur": {
          "f1": 0.8695652173913043,
          "pr_auc": 0.8877279286370197,
          "recall": 0.9090909090909091,
          "valid_positive_count": 11
        },
        "flash": {
          "f1": 0.972972972972973,
          "pr_auc": 1.0,
          "recall": 1.0,
          "valid_positive_count": 18
        },
        "tunnel": {
          "f1": 0.5,
          "pr_auc": 1.0,
          "recall": 1.0,
          "valid_positive_count": 2
        }
      },
      "threshold": 0.5,
      "valid_code_count": 3
    },
    {
      "fold": 1,
      "macro_f1": 0.7057280883367839,
      "macro_pr_auc": 0.8315129989021955,
      "macro_recall": 0.7807017543859649,
      "per_code": {
        "blur": {
          "f1": 0.8695652173913043,
          "pr_auc": 0.8361979686979686,
          "recall": 1.0,
          "valid_positive_count": 10
        },
        "flash": {
          "f1": 0.9142857142857143,
          "pr_auc": 0.9916743613419512,
          "recall": 0.8421052631578947,
          "valid_positive_count": 19
        },
        "tunnel": {
          "f1": 0.3333333333333333,
          "pr_auc": 0.6666666666666666,
          "recall": 0.5,
          "valid_positive_count": 2
        }
      },
      "threshold": 0.5,
      "valid_code_count": 3
    },
    {
      "fold": 2,
      "macro_f1": 0.67987012987013,
      "macro_pr_auc": 0.8609728234728236,
      "macro_recall": 0.7542087542087542,
      "per_code": {
        "blur": {
          "f1": 0.8181818181818182,
          "pr_auc": 0.9456168831168832,
          "recall": 0.8181818181818182,
          "valid_positive_count": 11
        },
        "flash": {
          "f1": 0.9714285714285714,
          "pr_auc": 0.9944444444444446,
          "recall": 0.9444444444444444,
          "valid_positive_count": 18
        },
        "tunnel": {
          "f1": 0.25,
          "pr_auc": 0.6428571428571428,
          "recall": 0.5,
          "valid_positive_count": 2
        }
      },
      "threshold": 0.5,
      "valid_code_count": 3
    },
    {
      "fold": 3,
      "macro_f1": 0.6670653907496013,
      "macro_pr_auc": 0.8458333333333333,
      "macro_recall": 0.7111111111111111,
      "per_code": {
        "blur": {
          "f1": 0.8421052631578947,
          "pr_auc": 0.9263888888888888,
          "recall": 0.8,
          "valid_positive_count": 10
        },
        "flash": {
          "f1": 0.9090909090909091,
          "pr_auc": 1.0,
          "recall": 0.8333333333333334,
          "valid_positive_count": 18
        },
        "tunnel": {
          "f1": 0.25,
          "pr_auc": 0.6111111111111112,
          "recall": 0.5,
          "valid_positive_count": 2
        }
      },
      "threshold": 0.5,
      "valid_code_count": 3
    },
    {
      "fold": 4,
      "macro_f1": 0.7542087542087542,
      "macro_pr_auc": 0.8378171093482099,
      "macro_recall": 0.7376395534290271,
      "per_code": {
        "blur": {
          "f1": 0.8181818181818182,
          "pr_auc": 0.8160829069919979,
          "recall": 0.8181818181818182,
          "valid_positive_count": 11
        },
        "flash": {
          "f1": 0.9444444444444444,
          "pr_auc": 0.9973684210526315,
          "recall": 0.8947368421052632,
          "valid_positive_count": 19
        },
        "tunnel": {
          "f1": 0.5,
          "pr_auc": 0.7,
          "recall": 0.5,
          "valid_positive_count": 2
        }
      },
      "threshold": 0.5,
      "valid_code_count": 3
    }
  ],
  "fold_scheme": "weld_independent",
  "mode": "statistical",
  "sample_count": 101
}
runs=1 ok=True
OK /home/user/PROJECT/MMDII/MMDII-Core/outputs/alignment-weld-independent-deep-v0-2-1/seed-17-b0-statistical samples=101
{
  "aggregator": "mean",
  "fold_count": 5,
  "fold_metrics": [
    {
      "fold": 0,
      "macro_f1": 0.7803312629399586,
      "macro_pr_auc": 0.9018778758013207,
      "macro_recall": 0.7845117845117845,
      "per_code": {
        "blur": {
          "f1": 0.8695652173913043,
          "pr_auc": 0.9585576040121495,
          "recall": 0.9090909090909091,
          "valid_positive_count": 11
        },
        "flash": {
          "f1": 0.9714285714285714,
          "pr_auc": 0.9970760233918129,
          "recall": 0.9444444444444444,
          "valid_positive_count": 18
        },
        "tunnel": {
          "f1": 0.5,
          "pr_auc": 0.75,
          "recall": 0.5,
          "valid_positive_count": 2
        }
      },
      "threshold": 0.5,
      "valid_code_count": 3
    },
    {
      "fold": 1,
      "macro_f1": 0.7714285714285714,
      "macro_pr_auc": 0.7937115516062884,
      "macro_recall": 0.7473684210526316,
      "per_code": {
        "blur": {
          "f1": 0.9,
          "pr_auc": 0.9909090909090907,
          "recall": 0.9,
          "valid_positive_count": 10
        },
        "flash": {
          "f1": 0.9142857142857143,
          "pr_auc": 0.9973684210526316,
          "recall": 0.8421052631578947,
          "valid_positive_count": 19
        },
        "tunnel": {
          "f1": 0.5,
          "pr_auc": 0.39285714285714285,
          "recall": 0.5,
          "valid_positive_count": 2
        }
      },
      "threshold": 0.5,
      "valid_code_count": 3
    },
    {
      "fold": 2,
      "macro_f1": 0.7854864433811802,
      "macro_pr_auc": 0.8473948236574499,
      "macro_recall": 0.8030303030303031,
      "per_code": {
        "blur": {
          "f1": 0.9090909090909091,
          "pr_auc": 0.9258264462809918,
          "recall": 0.9090909090909091,
          "valid_positive_count": 11
        },
        "flash": {
          "f1": 0.9473684210526315,
          "pr_auc": 0.991358024691358,
          "recall": 1.0,
          "valid_positive_count": 18
        },
        "tunnel": {
          "f1": 0.5,
          "pr_auc": 0.625,
          "recall": 0.5,
          "valid_positive_count": 2
        }
      },
      "threshold": 0.5,
      "valid_code_count": 3
    },
    {
      "fold": 3,
      "macro_f1": 0.8210563504681151,
      "macro_pr_auc": 0.9008333333333334,
      "macro_recall": 0.7333333333333334,
      "per_code": {
        "blur": {
          "f1": 0.8235294117647058,
          "pr_auc": 0.9525,
          "recall": 0.7,
          "valid_positive_count": 10
        },
        "flash": {
          "f1": 0.972972972972973,
          "pr_auc": 1.0,
          "recall": 1.0,
          "valid_positive_count": 18
        },
        "tunnel": {
          "f1": 0.6666666666666666,
          "pr_auc": 0.75,
          "recall": 0.5,
          "valid_positive_count": 2
        }
      },
      "threshold": 0.5,
      "valid_code_count": 3
    },
    {
      "fold": 4,
      "macro_f1": 0.8333333333333334,
      "macro_pr_auc": 0.9309944363420298,
      "macro_recall": 0.9696969696969697,
      "per_code": {
        "blur": {
          "f1": 0.8333333333333334,
          "pr_auc": 0.9596499756927566,
          "recall": 0.9090909090909091,
          "valid_positive_count": 11
        },
        "flash": {
          "f1": 1.0,
          "pr_auc": 0.9999999999999999,
          "recall": 1.0,
          "valid_positive_count": 19
        },
        "tunnel": {
          "f1": 0.6666666666666666,
          "pr_auc": 0.8333333333333333,
          "recall": 1.0,
          "valid_positive_count": 2
        }
      },
      "threshold": 0.5,
      "valid_code_count": 3
    }
  ],
  "fold_scheme": "weld_independent",
  "mode": "random_forest",
  "sample_count": 101
}
runs=1 ok=True
OK /home/user/PROJECT/MMDII/MMDII-Core/outputs/alignment-weld-independent-deep-v0-2-1/seed-17-random-forest samples=101
{
  "aggregator": "mean",
  "fold_count": 5,
  "fold_metrics": [
    {
      "best_epoch": 20,
      "early_stopping_monitor": null,
      "epochs_ran": 20,
      "fold": 0,
      "macro_f1": 0.7595520421607378,
      "macro_pr_auc": 0.9264739095547175,
      "macro_recall": 0.914141414141414,
      "per_code": {
        "blur": {
          "f1": 0.8695652173913043,
          "pr_auc": 0.7880637039727947,
          "recall": 0.9090909090909091,
          "valid_positive_count": 11
        },
        "flash": {
          "f1": 0.9090909090909091,
          "pr_auc": 0.9913580246913581,
          "recall": 0.8333333333333334,
          "valid_positive_count": 18
        },
        "tunnel": {
          "f1": 0.5,
          "pr_auc": 1.0,
          "recall": 1.0,
          "valid_positive_count": 2
        }
      },
      "threshold": 0.5,
      "valid_code_count": 3
    },
    {
      "best_epoch": 20,
      "early_stopping_monitor": null,
      "epochs_ran": 20,
      "fold": 1,
      "macro_f1": 0.4838533114395183,
      "macro_pr_auc": 0.8211710088775428,
      "macro_recall": 0.4421052631578948,
      "per_code": {
        "blur": {
          "f1": 0.7619047619047619,
          "pr_auc": 0.8916013071895424,
          "recall": 0.8,
          "valid_positive_count": 10
        },
        "flash": {
          "f1": 0.6896551724137931,
          "pr_auc": 0.988578386109753,
          "recall": 0.5263157894736842,
          "valid_positive_count": 19
        },
        "tunnel": {
          "f1": 0.0,
          "pr_auc": 0.5833333333333333,
          "recall": 0.0,
          "valid_positive_count": 2
        }
      },
      "threshold": 0.5,
      "valid_code_count": 3
    },
    {
      "best_epoch": 20,
      "early_stopping_monitor": null,
      "epochs_ran": 20,
      "fold": 2,
      "macro_f1": 0.6726190476190476,
      "macro_pr_auc": 0.859285647480092,
      "macro_recall": 0.6986531986531986,
      "per_code": {
        "blur": {
          "f1": 0.8571428571428571,
          "pr_auc": 0.9527629233511588,
          "recall": 0.8181818181818182,
          "valid_positive_count": 11
        },
        "flash": {
          "f1": 0.875,
          "pr_auc": 0.9822368762319744,
          "recall": 0.7777777777777778,
          "valid_positive_count": 18
        },
        "tunnel": {
          "f1": 0.2857142857142857,
          "pr_auc": 0.6428571428571428,
          "recall": 0.5,
          "valid_positive_count": 2
        }
      },
      "threshold": 0.5,
      "valid_code_count": 3
    },
    {
      "best_epoch": 20,
      "early_stopping_monitor": null,
      "epochs_ran": 20,
      "fold": 3,
      "macro_f1": 0.7002419842710225,
      "macro_pr_auc": 0.7991534391534391,
      "macro_recall": 0.6370370370370371,
      "per_code": {
        "blur": {
          "f1": 0.8421052631578947,
          "pr_auc": 0.7546031746031746,
          "recall": 0.8,
          "valid_positive_count": 10
        },
        "flash": {
          "f1": 0.7586206896551724,
          "pr_auc": 1.0,
          "recall": 0.6111111111111112,
          "valid_positive_count": 18
        },
        "tunnel": {
          "f1": 0.5,
          "pr_auc": 0.6428571428571428,
          "recall": 0.5,
          "valid_positive_count": 2
        }
      },
      "threshold": 0.5,
      "valid_code_count": 3
    },
    {
      "best_epoch": 20,
      "early_stopping_monitor": null,
      "epochs_ran": 20,
      "fold": 4,
      "macro_f1": 0.7701418108150225,
      "macro_pr_auc": 0.9093899809210813,
      "macro_recall": 0.84688995215311,
      "per_code": {
        "blur": {
          "f1": 0.8695652173913043,
          "pr_auc": 0.8974681883772793,
          "recall": 0.9090909090909091,
          "valid_positive_count": 11
        },
        "flash": {
          "f1": 0.7741935483870968,
          "pr_auc": 0.9973684210526315,
          "recall": 0.631578947368421,
          "valid_positive_count": 19
        },
        "tunnel": {
          "f1": 0.6666666666666666,
          "pr_auc": 0.8333333333333333,
          "recall": 1.0,
          "valid_positive_count": 2
        }
      },
      "threshold": 0.5,
      "valid_code_count": 3
    }
  ],
  "fold_scheme": "weld_independent",
  "mode": "full_signal",
  "sample_count": 101
}
runs=1 ok=True
OK /home/user/PROJECT/MMDII/MMDII-Core/outputs/alignment-weld-independent-deep-v0-2-1/seed-17-e0-full-signal samples=101
{
  "aggregator": "mean",
  "fold_count": 5,
  "fold_metrics": [
    {
      "best_epoch": 20,
      "early_stopping_monitor": null,
      "epochs_ran": 20,
      "fold": 0,
      "macro_f1": 0.7643398268398268,
      "macro_pr_auc": 0.923166843525617,
      "macro_recall": 0.8771043771043772,
      "per_code": {
        "blur": {
          "f1": 0.9090909090909091,
          "pr_auc": 0.8087990292535745,
          "recall": 0.9090909090909091,
          "valid_positive_count": 11
        },
        "flash": {
          "f1": 0.8125,
          "pr_auc": 0.9607015013232765,
          "recall": 0.7222222222222222,
          "valid_positive_count": 18
        },
        "tunnel": {
          "f1": 0.5714285714285714,
          "pr_auc": 1.0,
          "recall": 1.0,
          "valid_positive_count": 2
        }
      },
      "threshold": 0.5,
      "valid_code_count": 3
    },
    {
      "best_epoch": 20,
      "early_stopping_monitor": null,
      "epochs_ran": 20,
      "fold": 1,
      "macro_f1": 0.6913978494623656,
      "macro_pr_auc": 0.8195804195804195,
      "macro_recall": 0.643859649122807,
      "per_code": {
        "blur": {
          "f1": 0.8,
          "pr_auc": 0.9587412587412588,
          "recall": 0.8,
          "valid_positive_count": 10
        },
        "flash": {
          "f1": 0.7741935483870968,
          "pr_auc": 0.9999999999999998,
          "recall": 0.631578947368421,
          "valid_positive_count": 19
        },
        "tunnel": {
          "f1": 0.5,
          "pr_auc": 0.5,
          "recall": 0.5,
          "valid_positive_count": 2
        }
      },
      "threshold": 0.5,
      "valid_code_count": 3
    },
    {
      "best_epoch": 20,
      "early_stopping_monitor": null,
      "epochs_ran": 20,
      "fold": 2,
      "macro_f1": 0.6631652661064426,
      "macro_pr_auc": 0.840078467682097,
      "macro_recall": 0.7171717171717171,
      "per_code": {
        "blur": {
          "f1": 0.8571428571428571,
          "pr_auc": 0.9020743145743146,
          "recall": 0.8181818181818182,
          "valid_positive_count": 11
        },
        "flash": {
          "f1": 0.8823529411764706,
          "pr_auc": 0.9753039456148334,
          "recall": 0.8333333333333334,
          "valid_positive_count": 18
        },
        "tunnel": {
          "f1": 0.25,
          "pr_auc": 0.6428571428571428,
          "recall": 0.5,
          "valid_positive_count": 2
        }
      },
      "threshold": 0.5,
      "valid_code_count": 3
    },
    {
      "best_epoch": 20,
      "early_stopping_monitor": null,
      "epochs_ran": 20,
      "fold": 3,
      "macro_f1": 0.5473684210526316,
      "macro_pr_auc": 0.7113930659983292,
      "macro_recall": 0.48888888888888893,
      "per_code": {
        "blur": {
          "f1": 0.8421052631578947,
          "pr_auc": 0.8454365079365079,
          "recall": 0.8,
          "valid_positive_count": 10
        },
        "flash": {
          "f1": 0.8,
          "pr_auc": 0.997076023391813,
          "recall": 0.6666666666666666,
          "valid_positive_count": 18
        },
        "tunnel": {
          "f1": 0.0,
          "pr_auc": 0.29166666666666663,
          "recall": 0.0,
          "valid_positive_count": 2
        }
      },
      "threshold": 0.5,
      "valid_code_count": 3
    },
    {
      "best_epoch": 20,
      "early_stopping_monitor": null,
      "epochs_ran": 20,
      "fold": 4,
      "macro_f1": 0.7657828282828283,
      "macro_pr_auc": 0.8252020115449094,
      "macro_recall": 0.8341307814992026,
      "per_code": {
        "blur": {
          "f1": 0.8181818181818182,
          "pr_auc": 0.7370276485249747,
          "recall": 0.8181818181818182,
          "valid_positive_count": 11
        },
        "flash": {
          "f1": 0.8125,
          "pr_auc": 0.988578386109753,
          "recall": 0.6842105263157895,
          "valid_positive_count": 19
        },
        "tunnel": {
          "f1": 0.6666666666666666,
          "pr_auc": 0.75,
          "recall": 1.0,
          "valid_positive_count": 2
        }
      },
      "threshold": 0.5,
      "valid_code_count": 3
    }
  ],
  "fold_scheme": "weld_independent",
  "mode": "window_mil",
  "sample_count": 101
}
runs=1 ok=True
OK /home/user/PROJECT/MMDII/MMDII-Core/outputs/alignment-weld-independent-deep-v0-2-1/seed-17-e1a-mean samples=101
{
  "aggregator": "max",
  "fold_count": 5,
  "fold_metrics": [
    {
      "best_epoch": 20,
      "early_stopping_monitor": null,
      "epochs_ran": 20,
      "fold": 0,
      "macro_f1": 0.6599783917271184,
      "macro_pr_auc": 0.7081913868834938,
      "macro_recall": 0.797979797979798,
      "per_code": {
        "blur": {
          "f1": 0.8421052631578947,
          "pr_auc": 0.9686586141131597,
          "recall": 0.7272727272727273,
          "valid_positive_count": 11
        },
        "flash": {
          "f1": 0.7741935483870968,
          "pr_auc": 0.9475822132039884,
          "recall": 0.6666666666666666,
          "valid_positive_count": 18
        },
        "tunnel": {
          "f1": 0.36363636363636365,
          "pr_auc": 0.20833333333333331,
          "recall": 1.0,
          "valid_positive_count": 2
        }
      },
      "threshold": 0.5,
      "valid_code_count": 3
    },
    {
      "best_epoch": 20,
      "early_stopping_monitor": null,
      "epochs_ran": 20,
      "fold": 1,
      "macro_f1": 0.5784832451499118,
      "macro_pr_auc": 0.6916420537139129,
      "macro_recall": 0.6070175438596491,
      "per_code": {
        "blur": {
          "f1": 0.8571428571428571,
          "pr_auc": 0.8502888777888777,
          "recall": 0.9,
          "valid_positive_count": 10
        },
        "flash": {
          "f1": 0.5925925925925926,
          "pr_auc": 0.981780140495718,
          "recall": 0.42105263157894735,
          "valid_positive_count": 19
        },
        "tunnel": {
          "f1": 0.2857142857142857,
          "pr_auc": 0.24285714285714285,
          "recall": 0.5,
          "valid_positive_count": 2
        }
      },
      "threshold": 0.5,
      "valid_code_count": 3
    },
    {
      "best_epoch": 20,
      "early_stopping_monitor": null,
      "epochs_ran": 20,
      "fold": 2,
      "macro_f1": 0.6787439613526569,
      "macro_pr_auc": 0.8547528092882958,
      "macro_recall": 0.6363636363636364,
      "per_code": {
        "blur": {
          "f1": 0.8695652173913043,
          "pr_auc": 0.9298094582185492,
          "recall": 0.9090909090909091,
          "valid_positive_count": 11
        },
        "flash": {
          "f1": 0.6666666666666666,
          "pr_auc": 0.9677823029796715,
          "recall": 0.5,
          "valid_positive_count": 18
        },
        "tunnel": {
          "f1": 0.5,
          "pr_auc": 0.6666666666666666,
          "recall": 0.5,
          "valid_positive_count": 2
        }
      },
      "threshold": 0.5,
      "valid_code_count": 3
    },
    {
      "best_epoch": 20,
      "early_stopping_monitor": null,
      "epochs_ran": 20,
      "fold": 3,
      "macro_f1": 0.5037037037037037,
      "macro_pr_auc": 0.7092072590769702,
      "macro_recall": 0.43703703703703706,
      "per_code": {
        "blur": {
          "f1": 0.7777777777777778,
          "pr_auc": 0.9315204678362573,
          "recall": 0.7,
          "valid_positive_count": 10
        },
        "flash": {
          "f1": 0.7333333333333333,
          "pr_auc": 0.969910833204177,
          "recall": 0.6111111111111112,
          "valid_positive_count": 18
        },
        "tunnel": {
          "f1": 0.0,
          "pr_auc": 0.22619047619047616,
          "recall": 0.0,
          "valid_positive_count": 2
        }
      },
      "threshold": 0.5,
      "valid_code_count": 3
    },
    {
      "best_epoch": 20,
      "early_stopping_monitor": null,
      "epochs_ran": 20,
      "fold": 4,
      "macro_f1": 0.7142857142857144,
      "macro_pr_auc": 0.9538073587261078,
      "macro_recall": 0.7033492822966507,
      "per_code": {
        "blur": {
          "f1": 0.7,
          "pr_auc": 0.8728436900685705,
          "recall": 0.6363636363636364,
          "valid_positive_count": 11
        },
        "flash": {
          "f1": 0.6428571428571429,
          "pr_auc": 0.988578386109753,
          "recall": 0.47368421052631576,
          "valid_positive_count": 19
        },
        "tunnel": {
          "f1": 0.8,
          "pr_auc": 1.0,
          "recall": 1.0,
          "valid_positive_count": 2
        }
      },
      "threshold": 0.5,
      "valid_code_count": 3
    }
  ],
  "fold_scheme": "weld_independent",
  "mode": "window_mil",
  "sample_count": 101
}
runs=1 ok=True
OK /home/user/PROJECT/MMDII/MMDII-Core/outputs/alignment-weld-independent-deep-v0-2-1/seed-17-e1b-max samples=101
{
  "aggregator": "topk_mean",
  "fold_count": 5,
  "fold_metrics": [
    {
      "best_epoch": 20,
      "early_stopping_monitor": null,
      "epochs_ran": 20,
      "fold": 0,
      "macro_f1": 0.6513708513708513,
      "macro_pr_auc": 0.7169135289389691,
      "macro_recall": 0.8097643097643098,
      "per_code": {
        "blur": {
          "f1": 0.8571428571428571,
          "pr_auc": 0.9585576040121495,
          "recall": 0.8181818181818182,
          "valid_positive_count": 11
        },
        "flash": {
          "f1": 0.7333333333333333,
          "pr_auc": 0.9560718716936469,
          "recall": 0.6111111111111112,
          "valid_positive_count": 18
        },
        "tunnel": {
          "f1": 0.36363636363636365,
          "pr_auc": 0.2361111111111111,
          "recall": 1.0,
          "valid_positive_count": 2
        }
      },
      "threshold": 0.5,
      "valid_code_count": 3
    },
    {
      "best_epoch": 20,
      "early_stopping_monitor": null,
      "epochs_ran": 20,
      "fold": 1,
      "macro_f1": 0.5307017543859649,
      "macro_pr_auc": 0.7205030659959778,
      "macro_recall": 0.47719298245614034,
      "per_code": {
        "blur": {
          "f1": 0.8421052631578947,
          "pr_auc": 0.9572979797979798,
          "recall": 0.8,
          "valid_positive_count": 10
        },
        "flash": {
          "f1": 0.75,
          "pr_auc": 0.9780207419994773,
          "recall": 0.631578947368421,
          "valid_positive_count": 19
        },
        "tunnel": {
          "f1": 0.0,
          "pr_auc": 0.22619047619047616,
          "recall": 0.0,
          "valid_positive_count": 2
        }
      },
      "threshold": 0.5,
      "valid_code_count": 3
    },
    {
      "best_epoch": 20,
      "early_stopping_monitor": null,
      "epochs_ran": 20,
      "fold": 2,
      "macro_f1": 0.6191480017566974,
      "macro_pr_auc": 0.8194348736918396,
      "macro_recall": 0.7104377104377105,
      "per_code": {
        "blur": {
          "f1": 0.8695652173913043,
          "pr_auc": 0.9092203548085902,
          "recall": 0.9090909090909091,
          "valid_positive_count": 11
        },
        "flash": {
          "f1": 0.7878787878787878,
          "pr_auc": 0.9379731551558178,
          "recall": 0.7222222222222222,
          "valid_positive_count": 18
        },
        "tunnel": {
          "f1": 0.2,
          "pr_auc": 0.6111111111111112,
          "recall": 0.5,
          "valid_positive_count": 2
        }
      },
      "threshold": 0.5,
      "valid_code_count": 3
    },
    {
      "best_epoch": 20,
      "early_stopping_monitor": null,
      "epochs_ran": 20,
      "fold": 3,
      "macro_f1": 0.6272727272727273,
      "macro_pr_auc": 0.6921198522234815,
      "macro_recall": 0.6888888888888888,
      "per_code": {
        "blur": {
          "f1": 0.9,
          "pr_auc": 0.9344444444444443,
          "recall": 0.9,
          "valid_positive_count": 10
        },
        "flash": {
          "f1": 0.8,
          "pr_auc": 0.9795774498883376,
          "recall": 0.6666666666666666,
          "valid_positive_count": 18
        },
        "tunnel": {
          "f1": 0.18181818181818182,
          "pr_auc": 0.16233766233766234,
          "recall": 0.5,
          "valid_positive_count": 2
        }
      },
      "threshold": 0.5,
      "valid_code_count": 3
    },
    {
      "best_epoch": 20,
      "early_stopping_monitor": null,
      "epochs_ran": 20,
      "fold": 4,
      "macro_f1": 0.5944444444444444,
      "macro_pr_auc": 0.9431569976570865,
      "macro_recall": 0.6331738437001595,
      "per_code": {
        "blur": {
          "f1": 0.7,
          "pr_auc": 0.844182080545717,
          "recall": 0.6363636363636364,
          "valid_positive_count": 11
        },
        "flash": {
          "f1": 0.4166666666666667,
          "pr_auc": 0.9852889124255426,
          "recall": 0.2631578947368421,
          "valid_positive_count": 19
        },
        "tunnel": {
          "f1": 0.6666666666666666,
          "pr_auc": 1.0,
          "recall": 1.0,
          "valid_positive_count": 2
        }
      },
      "threshold": 0.5,
      "valid_code_count": 3
    }
  ],
  "fold_scheme": "weld_independent",
  "mode": "window_mil",
  "sample_count": 101
}
runs=1 ok=True
OK /home/user/PROJECT/MMDII/MMDII-Core/outputs/alignment-weld-independent-deep-v0-2-1/seed-17-e1b-topk-mean samples=101
{
  "aggregator": "gated_attention",
  "fold_count": 5,
  "fold_metrics": [
    {
      "best_epoch": 20,
      "early_stopping_monitor": null,
      "epochs_ran": 20,
      "fold": 0,
      "macro_f1": 0.8653871262566915,
      "macro_pr_auc": 0.9690946259128076,
      "macro_recall": 1.0,
      "per_code": {
        "blur": {
          "f1": 0.9565217391304348,
          "pr_auc": 0.9072838777384231,
          "recall": 1.0,
          "valid_positive_count": 11
        },
        "flash": {
          "f1": 0.972972972972973,
          "pr_auc": 1.0,
          "recall": 1.0,
          "valid_positive_count": 18
        },
        "tunnel": {
          "f1": 0.6666666666666666,
          "pr_auc": 1.0,
          "recall": 1.0,
          "valid_positive_count": 2
        }
      },
      "threshold": 0.5,
      "valid_code_count": 3
    },
    {
      "best_epoch": 20,
      "early_stopping_monitor": null,
      "epochs_ran": 20,
      "fold": 1,
      "macro_f1": 0.6597222222222222,
      "macro_pr_auc": 0.7924182299182299,
      "macro_recall": 0.7280701754385964,
      "per_code": {
        "blur": {
          "f1": 0.8333333333333334,
          "pr_auc": 0.9272546897546897,
          "recall": 1.0,
          "valid_positive_count": 10
        },
        "flash": {
          "f1": 0.8125,
          "pr_auc": 0.9999999999999998,
          "recall": 0.6842105263157895,
          "valid_positive_count": 19
        },
        "tunnel": {
          "f1": 0.3333333333333333,
          "pr_auc": 0.45,
          "recall": 0.5,
          "valid_positive_count": 2
        }
      },
      "threshold": 0.5,
      "valid_code_count": 3
    },
    {
      "best_epoch": 20,
      "early_stopping_monitor": null,
      "epochs_ran": 20,
      "fold": 2,
      "macro_f1": 0.7737573099415204,
      "macro_pr_auc": 0.8376721299601417,
      "macro_recall": 0.6498316498316498,
      "per_code": {
        "blur": {
          "f1": 0.8421052631578947,
          "pr_auc": 0.9266575529733425,
          "recall": 0.7272727272727273,
          "valid_positive_count": 11
        },
        "flash": {
          "f1": 0.8125,
          "pr_auc": 0.9752477257959715,
          "recall": 0.7222222222222222,
          "valid_positive_count": 18
        },
        "tunnel": {
          "f1": 0.6666666666666666,
          "pr_auc": 0.6111111111111112,
          "recall": 0.5,
          "valid_positive_count": 2
        }
      },
      "threshold": 0.5,
      "valid_code_count": 3
    },
    {
      "best_epoch": 20,
      "early_stopping_monitor": null,
      "epochs_ran": 20,
      "fold": 3,
      "macro_f1": 0.7057017543859648,
      "macro_pr_auc": 0.8482155347519124,
      "macro_recall": 0.6925925925925926,
      "per_code": {
        "blur": {
          "f1": 0.8421052631578947,
          "pr_auc": 0.8093180868838763,
          "recall": 0.8,
          "valid_positive_count": 10
        },
        "flash": {
          "f1": 0.875,
          "pr_auc": 0.9853285173718611,
          "recall": 0.7777777777777778,
          "valid_positive_count": 18
        },
        "tunnel": {
          "f1": 0.4,
          "pr_auc": 0.75,
          "recall": 0.5,
          "valid_positive_count": 2
        }
      },
      "threshold": 0.5,
      "valid_code_count": 3
    },
    {
      "best_epoch": 20,
      "early_stopping_monitor": null,
      "epochs_ran": 20,
      "fold": 4,
      "macro_f1": 0.8273550724637682,
      "macro_pr_auc": 0.9304359383306752,
      "macro_recall": 0.8644338118022329,
      "per_code": {
        "blur": {
          "f1": 0.8695652173913043,
          "pr_auc": 0.9606060606060607,
          "recall": 0.9090909090909091,
          "valid_positive_count": 11
        },
        "flash": {
          "f1": 0.8125,
          "pr_auc": 0.9973684210526315,
          "recall": 0.6842105263157895,
          "valid_positive_count": 19
        },
        "tunnel": {
          "f1": 0.8,
          "pr_auc": 0.8333333333333333,
          "recall": 1.0,
          "valid_positive_count": 2
        }
      },
      "threshold": 0.5,
      "valid_code_count": 3
    }
  ],
  "fold_scheme": "weld_independent",
  "mode": "window_mil",
  "sample_count": 101
}
runs=1 ok=True
OK /home/user/PROJECT/MMDII/MMDII-Core/outputs/alignment-weld-independent-deep-v0-2-1/seed-17-e1c-gated-attention samples=101
{
  "aggregator": "mean",
  "fold_count": 5,
  "fold_metrics": [
    {
      "fold": 0,
      "macro_f1": 0.7808460634547592,
      "macro_pr_auc": 0.9625759762123399,
      "macro_recall": 0.9696969696969697,
      "per_code": {
        "blur": {
          "f1": 0.8695652173913043,
          "pr_auc": 0.8877279286370197,
          "recall": 0.9090909090909091,
          "valid_positive_count": 11
        },
        "flash": {
          "f1": 0.972972972972973,
          "pr_auc": 1.0,
          "recall": 1.0,
          "valid_positive_count": 18
        },
        "tunnel": {
          "f1": 0.5,
          "pr_auc": 1.0,
          "recall": 1.0,
          "valid_positive_count": 2
        }
      },
      "threshold": 0.5,
      "valid_code_count": 3
    },
    {
      "fold": 1,
      "macro_f1": 0.7057280883367839,
      "macro_pr_auc": 0.8315129989021955,
      "macro_recall": 0.7807017543859649,
      "per_code": {
        "blur": {
          "f1": 0.8695652173913043,
          "pr_auc": 0.8361979686979686,
          "recall": 1.0,
          "valid_positive_count": 10
        },
        "flash": {
          "f1": 0.9142857142857143,
          "pr_auc": 0.9916743613419512,
          "recall": 0.8421052631578947,
          "valid_positive_count": 19
        },
        "tunnel": {
          "f1": 0.3333333333333333,
          "pr_auc": 0.6666666666666666,
          "recall": 0.5,
          "valid_positive_count": 2
        }
      },
      "threshold": 0.5,
      "valid_code_count": 3
    },
    {
      "fold": 2,
      "macro_f1": 0.67987012987013,
      "macro_pr_auc": 0.8609728234728236,
      "macro_recall": 0.7542087542087542,
      "per_code": {
        "blur": {
          "f1": 0.8181818181818182,
          "pr_auc": 0.9456168831168832,
          "recall": 0.8181818181818182,
          "valid_positive_count": 11
        },
        "flash": {
          "f1": 0.9714285714285714,
          "pr_auc": 0.9944444444444446,
          "recall": 0.9444444444444444,
          "valid_positive_count": 18
        },
        "tunnel": {
          "f1": 0.25,
          "pr_auc": 0.6428571428571428,
          "recall": 0.5,
          "valid_positive_count": 2
        }
      },
      "threshold": 0.5,
      "valid_code_count": 3
    },
    {
      "fold": 3,
      "macro_f1": 0.6670653907496013,
      "macro_pr_auc": 0.8458333333333333,
      "macro_recall": 0.7111111111111111,
      "per_code": {
        "blur": {
          "f1": 0.8421052631578947,
          "pr_auc": 0.9263888888888888,
          "recall": 0.8,
          "valid_positive_count": 10
        },
        "flash": {
          "f1": 0.9090909090909091,
          "pr_auc": 1.0,
          "recall": 0.8333333333333334,
          "valid_positive_count": 18
        },
        "tunnel": {
          "f1": 0.25,
          "pr_auc": 0.6111111111111112,
          "recall": 0.5,
          "valid_positive_count": 2
        }
      },
      "threshold": 0.5,
      "valid_code_count": 3
    },
    {
      "fold": 4,
      "macro_f1": 0.7542087542087542,
      "macro_pr_auc": 0.8378171093482099,
      "macro_recall": 0.7376395534290271,
      "per_code": {
        "blur": {
          "f1": 0.8181818181818182,
          "pr_auc": 0.8160829069919979,
          "recall": 0.8181818181818182,
          "valid_positive_count": 11
        },
        "flash": {
          "f1": 0.9444444444444444,
          "pr_auc": 0.9973684210526315,
          "recall": 0.8947368421052632,
          "valid_positive_count": 19
        },
        "tunnel": {
          "f1": 0.5,
          "pr_auc": 0.7,
          "recall": 0.5,
          "valid_positive_count": 2
        }
      },
      "threshold": 0.5,
      "valid_code_count": 3
    }
  ],
  "fold_scheme": "weld_independent",
  "mode": "statistical",
  "sample_count": 101
}
runs=1 ok=True
OK /home/user/PROJECT/MMDII/MMDII-Core/outputs/alignment-weld-independent-deep-v0-2-1/seed-27-b0-statistical samples=101
{
  "aggregator": "mean",
  "fold_count": 5,
  "fold_metrics": [
    {
      "fold": 0,
      "macro_f1": 0.7845117845117845,
      "macro_pr_auc": 0.9321454639636458,
      "macro_recall": 0.7845117845117845,
      "per_code": {
        "blur": {
          "f1": 0.9090909090909091,
          "pr_auc": 0.9686586141131595,
          "recall": 0.9090909090909091,
          "valid_positive_count": 11
        },
        "flash": {
          "f1": 0.9444444444444444,
          "pr_auc": 0.9944444444444445,
          "recall": 0.9444444444444444,
          "valid_positive_count": 18
        },
        "tunnel": {
          "f1": 0.5,
          "pr_auc": 0.8333333333333333,
          "recall": 0.5,
          "valid_positive_count": 2
        }
      },
      "threshold": 0.5,
      "valid_code_count": 3
    },
    {
      "fold": 1,
      "macro_f1": 0.7872180451127818,
      "macro_pr_auc": 0.8136363636363636,
      "macro_recall": 0.7473684210526316,
      "per_code": {
        "blur": {
          "f1": 0.9473684210526315,
          "pr_auc": 0.9909090909090907,
          "recall": 0.9,
          "valid_positive_count": 10
        },
        "flash": {
          "f1": 0.9142857142857143,
          "pr_auc": 0.9999999999999999,
          "recall": 0.8421052631578947,
          "valid_positive_count": 19
        },
        "tunnel": {
          "f1": 0.5,
          "pr_auc": 0.45,
          "recall": 0.5,
          "valid_positive_count": 2
        }
      },
      "threshold": 0.5,
      "valid_code_count": 3
    },
    {
      "fold": 2,
      "macro_f1": 0.7854864433811802,
      "macro_pr_auc": 0.852272027064065,
      "macro_recall": 0.8030303030303031,
      "per_code": {
        "blur": {
          "f1": 0.9090909090909091,
          "pr_auc": 0.9404580565008372,
          "recall": 0.9090909090909091,
          "valid_positive_count": 11
        },
        "flash": {
          "f1": 0.9473684210526315,
          "pr_auc": 0.991358024691358,
          "recall": 1.0,
          "valid_positive_count": 18
        },
        "tunnel": {
          "f1": 0.5,
          "pr_auc": 0.625,
          "recall": 0.5,
          "valid_positive_count": 2
        }
      },
      "threshold": 0.5,
      "valid_code_count": 3
    },
    {
      "fold": 3,
      "macro_f1": 0.8210563504681151,
      "macro_pr_auc": 0.9008333333333334,
      "macro_recall": 0.7333333333333334,
      "per_code": {
        "blur": {
          "f1": 0.8235294117647058,
          "pr_auc": 0.9525,
          "recall": 0.7,
          "valid_positive_count": 10
        },
        "flash": {
          "f1": 0.972972972972973,
          "pr_auc": 1.0,
          "recall": 1.0,
          "valid_positive_count": 18
        },
        "tunnel": {
          "f1": 0.6666666666666666,
          "pr_auc": 0.75,
          "recall": 0.5,
          "valid_positive_count": 2
        }
      },
      "threshold": 0.5,
      "valid_code_count": 3
    },
    {
      "fold": 4,
      "macro_f1": 0.8333333333333334,
      "macro_pr_auc": 0.9249158249158249,
      "macro_recall": 0.9696969696969697,
      "per_code": {
        "blur": {
          "f1": 0.8333333333333334,
          "pr_auc": 0.9414141414141415,
          "recall": 0.9090909090909091,
          "valid_positive_count": 11
        },
        "flash": {
          "f1": 1.0,
          "pr_auc": 1.0,
          "recall": 1.0,
          "valid_positive_count": 19
        },
        "tunnel": {
          "f1": 0.6666666666666666,
          "pr_auc": 0.8333333333333333,
          "recall": 1.0,
          "valid_positive_count": 2
        }
      },
      "threshold": 0.5,
      "valid_code_count": 3
    }
  ],
  "fold_scheme": "weld_independent",
  "mode": "random_forest",
  "sample_count": 101
}
runs=1 ok=True
OK /home/user/PROJECT/MMDII/MMDII-Core/outputs/alignment-weld-independent-deep-v0-2-1/seed-27-random-forest samples=101
{
  "aggregator": "mean",
  "fold_count": 5,
  "fold_metrics": [
    {
      "best_epoch": 20,
      "early_stopping_monitor": null,
      "epochs_ran": 20,
      "fold": 0,
      "macro_f1": 0.7428571428571429,
      "macro_pr_auc": 0.9246574998435712,
      "macro_recall": 0.797979797979798,
      "per_code": {
        "blur": {
          "f1": 0.7619047619047619,
          "pr_auc": 0.7799828958919868,
          "recall": 0.7272727272727273,
          "valid_positive_count": 11
        },
        "flash": {
          "f1": 0.8,
          "pr_auc": 0.9939896036387266,
          "recall": 0.6666666666666666,
          "valid_positive_count": 18
        },
        "tunnel": {
          "f1": 0.6666666666666666,
          "pr_auc": 1.0,
          "recall": 1.0,
          "valid_positive_count": 2
        }
      },
      "threshold": 0.5,
      "valid_code_count": 3
    },
    {
      "best_epoch": 20,
      "early_stopping_monitor": null,
      "epochs_ran": 20,
      "fold": 1,
      "macro_f1": 0.5435606060606061,
      "macro_pr_auc": 0.7794840411611634,
      "macro_recall": 0.5280701754385965,
      "per_code": {
        "blur": {
          "f1": 0.8181818181818182,
          "pr_auc": 0.9332070707070707,
          "recall": 0.9,
          "valid_positive_count": 10
        },
        "flash": {
          "f1": 0.8125,
          "pr_auc": 0.988578386109753,
          "recall": 0.6842105263157895,
          "valid_positive_count": 19
        },
        "tunnel": {
          "f1": 0.0,
          "pr_auc": 0.41666666666666663,
          "recall": 0.0,
          "valid_positive_count": 2
        }
      },
      "threshold": 0.5,
      "valid_code_count": 3
    },
    {
      "best_epoch": 20,
      "early_stopping_monitor": null,
      "epochs_ran": 20,
      "fold": 2,
      "macro_f1": 0.6527777777777778,
      "macro_pr_auc": 0.8536683080994227,
      "macro_recall": 0.6986531986531986,
      "per_code": {
        "blur": {
          "f1": 0.75,
          "pr_auc": 0.9386724386724388,
          "recall": 0.8181818181818182,
          "valid_positive_count": 11
        },
        "flash": {
          "f1": 0.875,
          "pr_auc": 0.9794753427686865,
          "recall": 0.7777777777777778,
          "valid_positive_count": 18
        },
        "tunnel": {
          "f1": 0.3333333333333333,
          "pr_auc": 0.6428571428571428,
          "recall": 0.5,
          "valid_positive_count": 2
        }
      },
      "threshold": 0.5,
      "valid_code_count": 3
    },
    {
      "best_epoch": 20,
      "early_stopping_monitor": null,
      "epochs_ran": 20,
      "fold": 3,
      "macro_f1": 0.7000000000000001,
      "macro_pr_auc": 0.7015782511835144,
      "macro_recall": 0.6555555555555556,
      "per_code": {
        "blur": {
          "f1": 0.8,
          "pr_auc": 0.729734753550543,
          "recall": 0.8,
          "valid_positive_count": 10
        },
        "flash": {
          "f1": 0.8,
          "pr_auc": 1.0,
          "recall": 0.6666666666666666,
          "valid_positive_count": 18
        },
        "tunnel": {
          "f1": 0.5,
          "pr_auc": 0.375,
          "recall": 0.5,
          "valid_positive_count": 2
        }
      },
      "threshold": 0.5,
      "valid_code_count": 3
    },
    {
      "best_epoch": 20,
      "early_stopping_monitor": null,
      "epochs_ran": 20,
      "fold": 4,
      "macro_f1": 0.8273550724637682,
      "macro_pr_auc": 0.8728244842447813,
      "macro_recall": 0.8644338118022329,
      "per_code": {
        "blur": {
          "f1": 0.8695652173913043,
          "pr_auc": 0.7905417814508723,
          "recall": 0.9090909090909091,
          "valid_positive_count": 11
        },
        "flash": {
          "f1": 0.8125,
          "pr_auc": 0.9945983379501384,
          "recall": 0.6842105263157895,
          "valid_positive_count": 19
        },
        "tunnel": {
          "f1": 0.8,
          "pr_auc": 0.8333333333333333,
          "recall": 1.0,
          "valid_positive_count": 2
        }
      },
      "threshold": 0.5,
      "valid_code_count": 3
    }
  ],
  "fold_scheme": "weld_independent",
  "mode": "full_signal",
  "sample_count": 101
}
runs=1 ok=True
OK /home/user/PROJECT/MMDII/MMDII-Core/outputs/alignment-weld-independent-deep-v0-2-1/seed-27-e0-full-signal samples=101
{
  "aggregator": "mean",
  "fold_count": 5,
  "fold_metrics": [
    {
      "best_epoch": 20,
      "early_stopping_monitor": null,
      "epochs_ran": 20,
      "fold": 0,
      "macro_f1": 0.7696969696969697,
      "macro_pr_auc": 0.9372618534539603,
      "macro_recall": 0.8400673400673401,
      "per_code": {
        "blur": {
          "f1": 0.9090909090909091,
          "pr_auc": 0.8478433182978636,
          "recall": 0.9090909090909091,
          "valid_positive_count": 11
        },
        "flash": {
          "f1": 0.7333333333333333,
          "pr_auc": 0.9639422420640171,
          "recall": 0.6111111111111112,
          "valid_positive_count": 18
        },
        "tunnel": {
          "f1": 0.6666666666666666,
          "pr_auc": 1.0,
          "recall": 1.0,
          "valid_positive_count": 2
        }
      },
      "threshold": 0.5,
      "valid_code_count": 3
    },
    {
      "best_epoch": 20,
      "early_stopping_monitor": null,
      "epochs_ran": 20,
      "fold": 1,
      "macro_f1": 0.5515350877192983,
      "macro_pr_auc": 0.7728543281382616,
      "macro_recall": 0.4947368421052632,
      "per_code": {
        "blur": {
          "f1": 0.8421052631578947,
          "pr_auc": 0.9572979797979798,
          "recall": 0.8,
          "valid_positive_count": 10
        },
        "flash": {
          "f1": 0.8125,
          "pr_auc": 0.9945983379501384,
          "recall": 0.6842105263157895,
          "valid_positive_count": 19
        },
        "tunnel": {
          "f1": 0.0,
          "pr_auc": 0.3666666666666667,
          "recall": 0.0,
          "valid_positive_count": 2
        }
      },
      "threshold": 0.5,
      "valid_code_count": 3
    },
    {
      "best_epoch": 20,
      "early_stopping_monitor": null,
      "epochs_ran": 20,
      "fold": 2,
      "macro_f1": 0.7679653679653681,
      "macro_pr_auc": 0.8569330637033596,
      "macro_recall": 0.9023569023569024,
      "per_code": {
        "blur": {
          "f1": 0.8181818181818182,
          "pr_auc": 0.9051753801753804,
          "recall": 0.8181818181818182,
          "valid_positive_count": 11
        },
        "flash": {
          "f1": 0.9142857142857143,
          "pr_auc": 0.9656238109346986,
          "recall": 0.8888888888888888,
          "valid_positive_count": 18
        },
        "tunnel": {
          "f1": 0.5714285714285714,
          "pr_auc": 0.7,
          "recall": 1.0,
          "valid_positive_count": 2
        }
      },
      "threshold": 0.5,
      "valid_code_count": 3
    },
    {
      "best_epoch": 20,
      "early_stopping_monitor": null,
      "epochs_ran": 20,
      "fold": 3,
      "macro_f1": 0.6713827579701944,
      "macro_pr_auc": 0.7697263993316626,
      "macro_recall": 0.674074074074074,
      "per_code": {
        "blur": {
          "f1": 0.8421052631578947,
          "pr_auc": 0.8621031746031745,
          "recall": 0.8,
          "valid_positive_count": 10
        },
        "flash": {
          "f1": 0.8387096774193549,
          "pr_auc": 0.997076023391813,
          "recall": 0.7222222222222222,
          "valid_positive_count": 18
        },
        "tunnel": {
          "f1": 0.3333333333333333,
          "pr_auc": 0.45,
          "recall": 0.5,
          "valid_positive_count": 2
        }
      },
      "threshold": 0.5,
      "valid_code_count": 3
    },
    {
      "best_epoch": 20,
      "early_stopping_monitor": null,
      "epochs_ran": 20,
      "fold": 4,
      "macro_f1": 0.8393500219587177,
      "macro_pr_auc": 0.9118209653465256,
      "macro_recall": 0.8819776714513555,
      "per_code": {
        "blur": {
          "f1": 0.8695652173913043,
          "pr_auc": 0.9104552013642924,
          "recall": 0.9090909090909091,
          "valid_positive_count": 11
        },
        "flash": {
          "f1": 0.8484848484848485,
          "pr_auc": 0.9916743613419512,
          "recall": 0.7368421052631579,
          "valid_positive_count": 19
        },
        "tunnel": {
          "f1": 0.8,
          "pr_auc": 0.8333333333333333,
          "recall": 1.0,
          "valid_positive_count": 2
        }
      },
      "threshold": 0.5,
      "valid_code_count": 3
    }
  ],
  "fold_scheme": "weld_independent",
  "mode": "window_mil",
  "sample_count": 101
}
runs=1 ok=True
OK /home/user/PROJECT/MMDII/MMDII-Core/outputs/alignment-weld-independent-deep-v0-2-1/seed-27-e1a-mean samples=101
{
  "aggregator": "max",
  "fold_count": 5,
  "fold_metrics": [
    {
      "best_epoch": 20,
      "early_stopping_monitor": null,
      "epochs_ran": 20,
      "fold": 0,
      "macro_f1": 0.5195402298850574,
      "macro_pr_auc": 0.6961375532201829,
      "macro_recall": 0.44612794612794615,
      "per_code": {
        "blur": {
          "f1": 0.8,
          "pr_auc": 0.9406172110717566,
          "recall": 0.7272727272727273,
          "valid_positive_count": 11
        },
        "flash": {
          "f1": 0.7586206896551724,
          "pr_auc": 0.9741843374776813,
          "recall": 0.6111111111111112,
          "valid_positive_count": 18
        },
        "tunnel": {
          "f1": 0.0,
          "pr_auc": 0.1736111111111111,
          "recall": 0.0,
          "valid_positive_count": 2
        }
      },
      "threshold": 0.5,
      "valid_code_count": 3
    },
    {
      "best_epoch": 20,
      "early_stopping_monitor": null,
      "epochs_ran": 20,
      "fold": 1,
      "macro_f1": 0.4753086419753087,
      "macro_pr_auc": 0.6769583115301708,
      "macro_recall": 0.47368421052631576,
      "per_code": {
        "blur": {
          "f1": 0.8333333333333334,
          "pr_auc": 0.8407614607614607,
          "recall": 1.0,
          "valid_positive_count": 10
        },
        "flash": {
          "f1": 0.5925925925925926,
          "pr_auc": 0.981780140495718,
          "recall": 0.42105263157894735,
          "valid_positive_count": 19
        },
        "tunnel": {
          "f1": 0.0,
          "pr_auc": 0.20833333333333331,
          "recall": 0.0,
          "valid_positive_count": 2
        }
      },
      "threshold": 0.5,
      "valid_code_count": 3
    },
    {
      "best_epoch": 20,
      "early_stopping_monitor": null,
      "epochs_ran": 20,
      "fold": 2,
      "macro_f1": 0.5821879270155133,
      "macro_pr_auc": 0.7072681002345292,
      "macro_recall": 0.7727272727272728,
      "per_code": {
        "blur": {
          "f1": 0.8181818181818182,
          "pr_auc": 0.9442325351416261,
          "recall": 0.8181818181818182,
          "valid_positive_count": 11
        },
        "flash": {
          "f1": 0.6206896551724138,
          "pr_auc": 0.909714622704819,
          "recall": 0.5,
          "valid_positive_count": 18
        },
        "tunnel": {
          "f1": 0.3076923076923077,
          "pr_auc": 0.26785714285714285,
          "recall": 1.0,
          "valid_positive_count": 2
        }
      },
      "threshold": 0.5,
      "valid_code_count": 3
    },
    {
      "best_epoch": 20,
      "early_stopping_monitor": null,
      "epochs_ran": 20,
      "fold": 3,
      "macro_f1": 0.666908650937689,
      "macro_pr_auc": 0.8263328187025297,
      "macro_recall": 0.6370370370370371,
      "per_code": {
        "blur": {
          "f1": 0.8421052631578947,
          "pr_auc": 0.889734753550543,
          "recall": 0.8,
          "valid_positive_count": 10
        },
        "flash": {
          "f1": 0.7586206896551724,
          "pr_auc": 0.9781525914459352,
          "recall": 0.6111111111111112,
          "valid_positive_count": 18
        },
        "tunnel": {
          "f1": 0.4,
          "pr_auc": 0.6111111111111112,
          "recall": 0.5,
          "valid_positive_count": 2
        }
      },
      "threshold": 0.5,
      "valid_code_count": 3
    },
    {
      "best_epoch": 20,
      "early_stopping_monitor": null,
      "epochs_ran": 20,
      "fold": 4,
      "macro_f1": 0.6338383838383838,
      "macro_pr_auc": 0.7673043708299311,
      "macro_recall": 0.6937799043062202,
      "per_code": {
        "blur": {
          "f1": 0.8181818181818182,
          "pr_auc": 0.810238751147842,
          "recall": 0.8181818181818182,
          "valid_positive_count": 11
        },
        "flash": {
          "f1": 0.4166666666666667,
          "pr_auc": 0.9916743613419512,
          "recall": 0.2631578947368421,
          "valid_positive_count": 19
        },
        "tunnel": {
          "f1": 0.6666666666666666,
          "pr_auc": 0.5,
          "recall": 1.0,
          "valid_positive_count": 2
        }
      },
      "threshold": 0.5,
      "valid_code_count": 3
    }
  ],
  "fold_scheme": "weld_independent",
  "mode": "window_mil",
  "sample_count": 101
}
runs=1 ok=True
OK /home/user/PROJECT/MMDII/MMDII-Core/outputs/alignment-weld-independent-deep-v0-2-1/seed-27-e1b-max samples=101
{
  "aggregator": "topk_mean",
  "fold_count": 5,
  "fold_metrics": [
    {
      "best_epoch": 20,
      "early_stopping_monitor": null,
      "epochs_ran": 20,
      "fold": 0,
      "macro_f1": 0.5775401069518716,
      "macro_pr_auc": 0.6753373581961317,
      "macro_recall": 0.5622895622895623,
      "per_code": {
        "blur": {
          "f1": 0.9090909090909091,
          "pr_auc": 0.9536042240587697,
          "recall": 0.9090909090909091,
          "valid_positive_count": 11
        },
        "flash": {
          "f1": 0.8235294117647058,
          "pr_auc": 0.9593126124343876,
          "recall": 0.7777777777777778,
          "valid_positive_count": 18
        },
        "tunnel": {
          "f1": 0.0,
          "pr_auc": 0.11309523809523808,
          "recall": 0.0,
          "valid_positive_count": 2
        }
      },
      "threshold": 0.5,
      "valid_code_count": 3
    },
    {
      "best_epoch": 20,
      "early_stopping_monitor": null,
      "epochs_ran": 20,
      "fold": 1,
      "macro_f1": 0.4753086419753087,
      "macro_pr_auc": 0.6972331439102661,
      "macro_recall": 0.47368421052631576,
      "per_code": {
        "blur": {
          "f1": 0.8333333333333334,
          "pr_auc": 0.8748701298701297,
          "recall": 1.0,
          "valid_positive_count": 10
        },
        "flash": {
          "f1": 0.5925925925925926,
          "pr_auc": 0.973972159003526,
          "recall": 0.42105263157894735,
          "valid_positive_count": 19
        },
        "tunnel": {
          "f1": 0.0,
          "pr_auc": 0.24285714285714285,
          "recall": 0.0,
          "valid_positive_count": 2
        }
      },
      "threshold": 0.5,
      "valid_code_count": 3
    },
    {
      "best_epoch": 20,
      "early_stopping_monitor": null,
      "epochs_ran": 20,
      "fold": 2,
      "macro_f1": 0.6555555555555556,
      "macro_pr_auc": 0.8294371527226393,
      "macro_recall": 0.8956228956228957,
      "per_code": {
        "blur": {
          "f1": 0.8333333333333334,
          "pr_auc": 0.9226124885215794,
          "recall": 0.9090909090909091,
          "valid_positive_count": 11
        },
        "flash": {
          "f1": 0.8,
          "pr_auc": 0.9656989696463382,
          "recall": 0.7777777777777778,
          "valid_positive_count": 18
        },
        "tunnel": {
          "f1": 0.3333333333333333,
          "pr_auc": 0.6,
          "recall": 1.0,
          "valid_positive_count": 2
        }
      },
      "threshold": 0.5,
      "valid_code_count": 3
    },
    {
      "best_epoch": 20,
      "early_stopping_monitor": null,
      "epochs_ran": 20,
      "fold": 3,
      "macro_f1": 0.6454661558109834,
      "macro_pr_auc": 0.8141229417265708,
      "macro_recall": 0.6037037037037037,
      "per_code": {
        "blur": {
          "f1": 0.7777777777777778,
          "pr_auc": 0.8820896209054102,
          "recall": 0.7,
          "valid_positive_count": 10
        },
        "flash": {
          "f1": 0.7586206896551724,
          "pr_auc": 0.9769458709409691,
          "recall": 0.6111111111111112,
          "valid_positive_count": 18
        },
        "tunnel": {
          "f1": 0.4,
          "pr_auc": 0.5833333333333334,
          "recall": 0.5,
          "valid_positive_count": 2
        }
      },
      "threshold": 0.5,
      "valid_code_count": 3
    },
    {
      "best_epoch": 20,
      "early_stopping_monitor": null,
      "epochs_ran": 20,
      "fold": 4,
      "macro_f1": 0.7060166886253842,
      "macro_pr_auc": 0.8874123502258362,
      "macro_recall": 0.8819776714513555,
      "per_code": {
        "blur": {
          "f1": 0.8695652173913043,
          "pr_auc": 0.8403253312344221,
          "recall": 0.9090909090909091,
          "valid_positive_count": 11
        },
        "flash": {
          "f1": 0.8484848484848485,
          "pr_auc": 0.988578386109753,
          "recall": 0.7368421052631579,
          "valid_positive_count": 19
        },
        "tunnel": {
          "f1": 0.4,
          "pr_auc": 0.8333333333333333,
          "recall": 1.0,
          "valid_positive_count": 2
        }
      },
      "threshold": 0.5,
      "valid_code_count": 3
    }
  ],
  "fold_scheme": "weld_independent",
  "mode": "window_mil",
  "sample_count": 101
}
runs=1 ok=True
OK /home/user/PROJECT/MMDII/MMDII-Core/outputs/alignment-weld-independent-deep-v0-2-1/seed-27-e1b-topk-mean samples=101
{
  "aggregator": "gated_attention",
  "fold_count": 5,
  "fold_metrics": [
    {
      "best_epoch": 20,
      "early_stopping_monitor": null,
      "epochs_ran": 20,
      "fold": 0,
      "macro_f1": 0.8056130664826316,
      "macro_pr_auc": 0.9682085302339706,
      "macro_recall": 0.9629629629629629,
      "per_code": {
        "blur": {
          "f1": 0.9565217391304348,
          "pr_auc": 0.9536042240587697,
          "recall": 1.0,
          "valid_positive_count": 11
        },
        "flash": {
          "f1": 0.8888888888888888,
          "pr_auc": 0.9510213666431419,
          "recall": 0.8888888888888888,
          "valid_positive_count": 18
        },
        "tunnel": {
          "f1": 0.5714285714285714,
          "pr_auc": 1.0,
          "recall": 1.0,
          "valid_positive_count": 2
        }
      },
      "threshold": 0.5,
      "valid_code_count": 3
    },
    {
      "best_epoch": 20,
      "early_stopping_monitor": null,
      "epochs_ran": 20,
      "fold": 1,
      "macro_f1": 0.6717171717171717,
      "macro_pr_auc": 0.7598888002835372,
      "macro_recall": 0.7456140350877193,
      "per_code": {
        "blur": {
          "f1": 0.8333333333333334,
          "pr_auc": 0.9572979797979798,
          "recall": 1.0,
          "valid_positive_count": 10
        },
        "flash": {
          "f1": 0.8484848484848485,
          "pr_auc": 0.9973684210526315,
          "recall": 0.7368421052631579,
          "valid_positive_count": 19
        },
        "tunnel": {
          "f1": 0.3333333333333333,
          "pr_auc": 0.325,
          "recall": 0.5,
          "valid_positive_count": 2
        }
      },
      "threshold": 0.5,
      "valid_code_count": 3
    },
    {
      "best_epoch": 20,
      "early_stopping_monitor": null,
      "epochs_ran": 20,
      "fold": 2,
      "macro_f1": 0.6737727910238429,
      "macro_pr_auc": 0.8273502217946662,
      "macro_recall": 0.6801346801346803,
      "per_code": {
        "blur": {
          "f1": 0.782608695652174,
          "pr_auc": 0.9240259740259742,
          "recall": 0.8181818181818182,
          "valid_positive_count": 11
        },
        "flash": {
          "f1": 0.8387096774193549,
          "pr_auc": 0.9913580246913581,
          "recall": 0.7222222222222222,
          "valid_positive_count": 18
        },
        "tunnel": {
          "f1": 0.4,
          "pr_auc": 0.5666666666666667,
          "recall": 0.5,
          "valid_positive_count": 2
        }
      },
      "threshold": 0.5,
      "valid_code_count": 3
    },
    {
      "best_epoch": 20,
      "early_stopping_monitor": null,
      "epochs_ran": 20,
      "fold": 3,
      "macro_f1": 0.5723684210526315,
      "macro_pr_auc": 0.6668179025996364,
      "macro_recall": 0.525925925925926,
      "per_code": {
        "blur": {
          "f1": 0.8421052631578947,
          "pr_auc": 0.8060092633544644,
          "recall": 0.8,
          "valid_positive_count": 10
        },
        "flash": {
          "f1": 0.875,
          "pr_auc": 0.9944444444444446,
          "recall": 0.7777777777777778,
          "valid_positive_count": 18
        },
        "tunnel": {
          "f1": 0.0,
          "pr_auc": 0.2,
          "recall": 0.0,
          "valid_positive_count": 2
        }
      },
      "threshold": 0.5,
      "valid_code_count": 3
    },
    {
      "best_epoch": 20,
      "early_stopping_monitor": null,
      "epochs_ran": 20,
      "fold": 4,
      "macro_f1": 0.8393500219587177,
      "macro_pr_auc": 0.9185549720805323,
      "macro_recall": 0.8819776714513555,
      "per_code": {
        "blur": {
          "f1": 0.8695652173913043,
          "pr_auc": 0.9306572215663125,
          "recall": 0.9090909090909091,
          "valid_positive_count": 11
        },
        "flash": {
          "f1": 0.8484848484848485,
          "pr_auc": 0.9916743613419512,
          "recall": 0.7368421052631579,
          "valid_positive_count": 19
        },
        "tunnel": {
          "f1": 0.8,
          "pr_auc": 0.8333333333333333,
          "recall": 1.0,
          "valid_positive_count": 2
        }
      },
      "threshold": 0.5,
      "valid_code_count": 3
    }
  ],
  "fold_scheme": "weld_independent",
  "mode": "window_mil",
  "sample_count": 101
}
runs=1 ok=True
OK /home/user/PROJECT/MMDII/MMDII-Core/outputs/alignment-weld-independent-deep-v0-2-1/seed-27-e1c-gated-attention samples=101
