{
  "aggregator": "max",
  "completed_fold_count": 5,
  "fold_count": 5,
  "fold_metrics": [
    {
      "best_epoch": 20,
      "early_stopping_monitor": null,
      "epochs_ran": 20,
      "fold": 0,
      "macro_f1": 0.5676767676767677,
      "macro_pr_auc": 0.6902382055312287,
      "macro_recall": 0.5454545454545454,
      "per_code": {
        "blur": {
          "f1": 0.6363636363636364,
          "pr_auc": 0.663326320144502,
          "recall": 0.6363636363636364,
          "valid_positive_count": 11
        },
        "flash": {
          "f1": 0.6666666666666666,
          "pr_auc": 0.9907216297825174,
          "recall": 0.5,
          "valid_positive_count": 18
        },
        "tunnel": {
          "f1": 0.4,
          "pr_auc": 0.41666666666666663,
          "recall": 0.5,
          "valid_positive_count": 2
        }
      },
      "threshold": 0.5,
      "valid_code_count": 3
    },
    {
      "best_epoch": 20,
      "early_stopping_monitor": null,
      "epochs_ran": 20,
      "fold": 1,
      "macro_f1": 0.5961613787700745,
      "macro_pr_auc": 0.6054130926165306,
      "macro_recall": 0.6315789473684211,
      "per_code": {
        "blur": {
          "f1": 0.8695652173913043,
          "pr_auc": 0.7644627594627594,
          "recall": 1.0,
          "valid_positive_count": 10
        },
        "flash": {
          "f1": 0.918918918918919,
          "pr_auc": 0.9536903939849188,
          "recall": 0.8947368421052632,
          "valid_positive_count": 19
        },
        "tunnel": {
          "f1": 0.0,
          "pr_auc": 0.09808612440191387,
          "recall": 0.0,
          "valid_positive_count": 2
        }
      },
      "threshold": 0.5,
      "valid_code_count": 3
    },
    {
      "best_epoch": 20,
      "early_stopping_monitor": null,
      "epochs_ran": 20,
      "fold": 2,
      "macro_f1": 0.5777777777777778,
      "macro_pr_auc": 0.6717105977511895,
      "macro_recall": 0.5892255892255892,
      "per_code": {
        "blur": {
          "f1": 0.5454545454545454,
          "pr_auc": 0.7932095682095683,
          "recall": 0.5454545454545454,
          "valid_positive_count": 11
        },
        "flash": {
          "f1": 0.7878787878787878,
          "pr_auc": 0.9052555583773334,
          "recall": 0.7222222222222222,
          "valid_positive_count": 18
        },
        "tunnel": {
          "f1": 0.4,
          "pr_auc": 0.31666666666666665,
          "recall": 0.5,
          "valid_positive_count": 2
        }
      },
      "threshold": 0.5,
      "valid_code_count": 3
    },
    {
      "best_epoch": 20,
      "early_stopping_monitor": null,
      "epochs_ran": 20,
      "fold": 3,
      "macro_f1": 0.22023809523809523,
      "macro_pr_auc": 0.571870985863504,
      "macro_recall": 0.15555555555555556,
      "per_code": {
        "blur": {
          "f1": 0.375,
          "pr_auc": 0.6303021978021979,
          "recall": 0.3,
          "valid_positive_count": 10
        },
        "flash": {
          "f1": 0.2857142857142857,
          "pr_auc": 0.9186440931216474,
          "recall": 0.16666666666666666,
          "valid_positive_count": 18
        },
        "tunnel": {
          "f1": 0.0,
          "pr_auc": 0.16666666666666666,
          "recall": 0.0,
          "valid_positive_count": 2
        }
      },
      "threshold": 0.5,
      "valid_code_count": 3
    },
    {
      "best_epoch": 20,
      "early_stopping_monitor": null,
      "epochs_ran": 20,
      "fold": 4,
      "macro_f1": 0.39749373433583957,
      "macro_pr_auc": 0.6164630465612215,
      "macro_recall": 0.42822966507177035,
      "per_code": {
        "blur": {
          "f1": 0.42105263157894735,
          "pr_auc": 0.7012543012543013,
          "recall": 0.36363636363636365,
          "valid_positive_count": 11
        },
        "flash": {
          "f1": 0.5714285714285714,
          "pr_auc": 0.9536903939849188,
          "recall": 0.42105263157894735,
          "valid_positive_count": 19
        },
        "tunnel": {
          "f1": 0.2,
          "pr_auc": 0.19444444444444442,
          "recall": 0.5,
          "valid_positive_count": 2
        }
      },
      "threshold": 0.5,
      "valid_code_count": 3
    }
  ],
  "fold_scheme": "weld_independent",
  "mode": "window_mil",
  "run_folds": [
    0,
    1,
    2,
    3,
    4
  ],
  "sample_count": 101
}
