{
  "aggregator": "topk_mean",
  "completed_fold_count": 5,
  "fold_count": 5,
  "fold_metrics": [
    {
      "best_epoch": 20,
      "early_stopping_monitor": null,
      "epochs_ran": 20,
      "fold": 0,
      "macro_f1": 0.23655913978494625,
      "macro_pr_auc": 0.594967191677718,
      "macro_recall": 0.3333333333333333,
      "per_code": {
        "blur": {
          "f1": 0.7096774193548387,
          "pr_auc": 0.8590760546642899,
          "recall": 1.0,
          "valid_positive_count": 11
        },
        "flash": {
          "f1": 0.0,
          "pr_auc": 0.821547445502554,
          "recall": 0.0,
          "valid_positive_count": 18
        },
        "tunnel": {
          "f1": 0.0,
          "pr_auc": 0.10427807486631016,
          "recall": 0.0,
          "valid_positive_count": 2
        }
      },
      "threshold": 0.5,
      "valid_code_count": 3
    },
    {
      "best_epoch": 20,
      "early_stopping_monitor": null,
      "epochs_ran": 20,
      "fold": 1,
      "macro_f1": 0.38539238539238535,
      "macro_pr_auc": 0.6604749456814798,
      "macro_recall": 0.6666666666666666,
      "per_code": {
        "blur": {
          "f1": 0.0,
          "pr_auc": 0.9031746031746032,
          "recall": 0.0,
          "valid_positive_count": 10
        },
        "flash": {
          "f1": 0.9743589743589743,
          "pr_auc": 0.973972159003526,
          "recall": 1.0,
          "valid_positive_count": 19
        },
        "tunnel": {
          "f1": 0.18181818181818182,
          "pr_auc": 0.10427807486631016,
          "recall": 1.0,
          "valid_positive_count": 2
        }
      },
      "threshold": 0.5,
      "valid_code_count": 3
    },
    {
      "best_epoch": 20,
      "early_stopping_monitor": null,
      "epochs_ran": 20,
      "fold": 2,
      "macro_f1": 0.5368589743589743,
      "macro_pr_auc": 0.6049366147491362,
      "macro_recall": 0.6666666666666666,
      "per_code": {
        "blur": {
          "f1": 0.6875,
          "pr_auc": 0.6930652680652681,
          "recall": 1.0,
          "valid_positive_count": 11
        },
        "flash": {
          "f1": 0.9230769230769231,
          "pr_auc": 0.864168818606383,
          "recall": 1.0,
          "valid_positive_count": 18
        },
        "tunnel": {
          "f1": 0.0,
          "pr_auc": 0.25757575757575757,
          "recall": 0.0,
          "valid_positive_count": 2
        }
      },
      "threshold": 0.5,
      "valid_code_count": 3
    },
    {
      "best_epoch": 20,
      "early_stopping_monitor": null,
      "epochs_ran": 20,
      "fold": 3,
      "macro_f1": 0.4067917021881216,
      "macro_pr_auc": 0.6135362436618025,
      "macro_recall": 0.4407407407407407,
      "per_code": {
        "blur": {
          "f1": 0.7058823529411765,
          "pr_auc": 0.7948291904174256,
          "recall": 0.6,
          "valid_positive_count": 10
        },
        "flash": {
          "f1": 0.34782608695652173,
          "pr_auc": 0.8438564636449052,
          "recall": 0.2222222222222222,
          "valid_positive_count": 18
        },
        "tunnel": {
          "f1": 0.16666666666666666,
          "pr_auc": 0.20192307692307693,
          "recall": 0.5,
          "valid_positive_count": 2
        }
      },
      "threshold": 0.5,
      "valid_code_count": 3
    },
    {
      "best_epoch": 20,
      "early_stopping_monitor": null,
      "epochs_ran": 20,
      "fold": 4,
      "macro_f1": 0.29166666666666663,
      "macro_pr_auc": 0.5822943975600366,
      "macro_recall": 0.3277511961722488,
      "per_code": {
        "blur": {
          "f1": 0.375,
          "pr_auc": 0.6355069173250991,
          "recall": 0.2727272727272727,
          "valid_positive_count": 11
        },
        "flash": {
          "f1": 0.3333333333333333,
          "pr_auc": 0.9308207197994551,
          "recall": 0.21052631578947367,
          "valid_positive_count": 19
        },
        "tunnel": {
          "f1": 0.16666666666666666,
          "pr_auc": 0.18055555555555555,
          "recall": 0.5,
          "valid_positive_count": 2
        }
      },
      "threshold": 0.5,
      "valid_code_count": 3
    }
  ],
  "fold_scheme": "weld_independent",
  "mode": "window_mil",
  "run_folds": [
    0,
    1,
    2,
    3,
    4
  ],
  "sample_count": 101
}
