{
  "aggregator": "topk_mean",
  "completed_fold_count": 5,
  "fold_count": 5,
  "fold_metrics": [
    {
      "best_epoch": 20,
      "early_stopping_monitor": null,
      "epochs_ran": 20,
      "fold": 0,
      "macro_f1": 0.48179271708683474,
      "macro_pr_auc": 0.6175169098453803,
      "macro_recall": 0.4292929292929293,
      "per_code": {
        "blur": {
          "f1": 0.5882352941176471,
          "pr_auc": 0.8392925256561621,
          "recall": 0.45454545454545453,
          "valid_positive_count": 11
        },
        "flash": {
          "f1": 0.8571428571428571,
          "pr_auc": 0.8793296324514075,
          "recall": 0.8333333333333334,
          "valid_positive_count": 18
        },
        "tunnel": {
          "f1": 0.0,
          "pr_auc": 0.13392857142857142,
          "recall": 0.0,
          "valid_positive_count": 2
        }
      },
      "threshold": 0.5,
      "valid_code_count": 3
    },
    {
      "best_epoch": 20,
      "early_stopping_monitor": null,
      "epochs_ran": 20,
      "fold": 1,
      "macro_f1": 0.38076416337285907,
      "macro_pr_auc": 0.6902921219692443,
      "macro_recall": 0.3859649122807018,
      "per_code": {
        "blur": {
          "f1": 0.8695652173913043,
          "pr_auc": 0.9572979797979798,
          "recall": 1.0,
          "valid_positive_count": 10
        },
        "flash": {
          "f1": 0.2727272727272727,
          "pr_auc": 0.988578386109753,
          "recall": 0.15789473684210525,
          "valid_positive_count": 19
        },
        "tunnel": {
          "f1": 0.0,
          "pr_auc": 0.125,
          "recall": 0.0,
          "valid_positive_count": 2
        }
      },
      "threshold": 0.5,
      "valid_code_count": 3
    },
    {
      "best_epoch": 20,
      "early_stopping_monitor": null,
      "epochs_ran": 20,
      "fold": 2,
      "macro_f1": 0.5052380952380952,
      "macro_pr_auc": 0.6428754266964153,
      "macro_recall": 0.611111111111111,
      "per_code": {
        "blur": {
          "f1": 0.7857142857142857,
          "pr_auc": 0.8130132493768858,
          "recall": 1.0,
          "valid_positive_count": 11
        },
        "flash": {
          "f1": 0.48,
          "pr_auc": 0.8727558878552171,
          "recall": 0.3333333333333333,
          "valid_positive_count": 18
        },
        "tunnel": {
          "f1": 0.25,
          "pr_auc": 0.24285714285714285,
          "recall": 0.5,
          "valid_positive_count": 2
        }
      },
      "threshold": 0.5,
      "valid_code_count": 3
    },
    {
      "best_epoch": 20,
      "early_stopping_monitor": null,
      "epochs_ran": 20,
      "fold": 3,
      "macro_f1": 0.656084656084656,
      "macro_pr_auc": 0.6953553553175156,
      "macro_recall": 0.8444444444444444,
      "per_code": {
        "blur": {
          "f1": 0.6666666666666666,
          "pr_auc": 0.6941516734899087,
          "recall": 0.7,
          "valid_positive_count": 10
        },
        "flash": {
          "f1": 0.8571428571428571,
          "pr_auc": 0.9752477257959715,
          "recall": 0.8333333333333334,
          "valid_positive_count": 18
        },
        "tunnel": {
          "f1": 0.4444444444444444,
          "pr_auc": 0.41666666666666663,
          "recall": 1.0,
          "valid_positive_count": 2
        }
      },
      "threshold": 0.5,
      "valid_code_count": 3
    },
    {
      "best_epoch": 20,
      "early_stopping_monitor": null,
      "epochs_ran": 20,
      "fold": 4,
      "macro_f1": 0.49,
      "macro_pr_auc": 0.6031126786055905,
      "macro_recall": 0.4832535885167464,
      "per_code": {
        "blur": {
          "f1": 0.72,
          "pr_auc": 0.8418945089997723,
          "recall": 0.8181818181818182,
          "valid_positive_count": 11
        },
        "flash": {
          "f1": 0.75,
          "pr_auc": 0.8632768601503324,
          "recall": 0.631578947368421,
          "valid_positive_count": 19
        },
        "tunnel": {
          "f1": 0.0,
          "pr_auc": 0.10416666666666666,
          "recall": 0.0,
          "valid_positive_count": 2
        }
      },
      "threshold": 0.5,
      "valid_code_count": 3
    }
  ],
  "fold_scheme": "weld_independent",
  "mode": "window_mil",
  "run_folds": [
    0,
    1,
    2,
    3,
    4
  ],
  "sample_count": 101
}
