{
  "aggregator": "topk_mean",
  "fold_count": 5,
  "fold_metrics": [
    {
      "best_epoch": 20,
      "early_stopping_monitor": null,
      "epochs_ran": 20,
      "fold": 0,
      "macro_f1": 0.6695906432748537,
      "macro_pr_auc": 0.8478546772857918,
      "macro_recall": 0.6868686868686869,
      "per_code": {
        "blur": {
          "f1": 0.8421052631578947,
          "pr_auc": 1.0,
          "recall": 0.7272727272727273,
          "valid_positive_count": 11
        },
        "flash": {
          "f1": 0.5,
          "pr_auc": 0.9602306985240423,
          "recall": 0.3333333333333333,
          "valid_positive_count": 18
        },
        "tunnel": {
          "f1": 0.6666666666666666,
          "pr_auc": 0.5833333333333333,
          "recall": 1.0,
          "valid_positive_count": 2
        }
      },
      "threshold": 0.5,
      "valid_code_count": 3
    },
    {
      "best_epoch": 20,
      "early_stopping_monitor": null,
      "epochs_ran": 20,
      "fold": 1,
      "macro_f1": 0.7015873015873016,
      "macro_pr_auc": 0.7563558517505885,
      "macro_recall": 0.7473684210526316,
      "per_code": {
        "blur": {
          "f1": 0.8571428571428571,
          "pr_auc": 0.9105880230880231,
          "recall": 0.9,
          "valid_positive_count": 10
        },
        "flash": {
          "f1": 0.9142857142857143,
          "pr_auc": 0.9973684210526315,
          "recall": 0.8421052631578947,
          "valid_positive_count": 19
        },
        "tunnel": {
          "f1": 0.3333333333333333,
          "pr_auc": 0.3611111111111111,
          "recall": 0.5,
          "valid_positive_count": 2
        }
      },
      "threshold": 0.5,
      "valid_code_count": 3
    },
    {
      "best_epoch": 20,
      "early_stopping_monitor": null,
      "epochs_ran": 20,
      "fold": 2,
      "macro_f1": 0.5594356261022928,
      "macro_pr_auc": 0.8218455586968503,
      "macro_recall": 0.5572390572390572,
      "per_code": {
        "blur": {
          "f1": 0.8,
          "pr_auc": 0.9471939676485133,
          "recall": 0.7272727272727273,
          "valid_positive_count": 11
        },
        "flash": {
          "f1": 0.5925925925925926,
          "pr_auc": 0.8933427084420378,
          "recall": 0.4444444444444444,
          "valid_positive_count": 18
        },
        "tunnel": {
          "f1": 0.2857142857142857,
          "pr_auc": 0.625,
          "recall": 0.5,
          "valid_positive_count": 2
        }
      },
      "threshold": 0.5,
      "valid_code_count": 3
    },
    {
      "best_epoch": 20,
      "early_stopping_monitor": null,
      "epochs_ran": 20,
      "fold": 3,
      "macro_f1": 0.5028735632183908,
      "macro_pr_auc": 0.6747707344796269,
      "macro_recall": 0.5037037037037037,
      "per_code": {
        "blur": {
          "f1": 0.75,
          "pr_auc": 0.8711236424394319,
          "recall": 0.9,
          "valid_positive_count": 10
        },
        "flash": {
          "f1": 0.7586206896551724,
          "pr_auc": 0.9795774498883376,
          "recall": 0.6111111111111112,
          "valid_positive_count": 18
        },
        "tunnel": {
          "f1": 0.0,
          "pr_auc": 0.1736111111111111,
          "recall": 0.0,
          "valid_positive_count": 2
        }
      },
      "threshold": 0.5,
      "valid_code_count": 3
    },
    {
      "best_epoch": 20,
      "early_stopping_monitor": null,
      "epochs_ran": 20,
      "fold": 4,
      "macro_f1": 0.7419753086419755,
      "macro_pr_auc": 0.9527682905817766,
      "macro_recall": 0.7767145135566188,
      "per_code": {
        "blur": {
          "f1": 0.8333333333333334,
          "pr_auc": 0.8697264856355766,
          "recall": 0.9090909090909091,
          "valid_positive_count": 11
        },
        "flash": {
          "f1": 0.5925925925925926,
          "pr_auc": 0.988578386109753,
          "recall": 0.42105263157894735,
          "valid_positive_count": 19
        },
        "tunnel": {
          "f1": 0.8,
          "pr_auc": 1.0,
          "recall": 1.0,
          "valid_positive_count": 2
        }
      },
      "threshold": 0.5,
      "valid_code_count": 3
    }
  ],
  "fold_scheme": "weld_independent",
  "mode": "window_mil",
  "sample_count": 101
}
