{
  "aggregator": "max",
  "completed_fold_count": 5,
  "fold_count": 5,
  "fold_metrics": [
    {
      "best_epoch": 20,
      "early_stopping_monitor": null,
      "epochs_ran": 20,
      "fold": 0,
      "macro_f1": 0.4728205128205128,
      "macro_pr_auc": 0.6185227455734382,
      "macro_recall": 0.46296296296296297,
      "per_code": {
        "blur": {
          "f1": 0.88,
          "pr_auc": 0.8316085429721793,
          "recall": 1.0,
          "valid_positive_count": 11
        },
        "flash": {
          "f1": 0.5384615384615384,
          "pr_auc": 0.8830506028390445,
          "recall": 0.3888888888888889,
          "valid_positive_count": 18
        },
        "tunnel": {
          "f1": 0.0,
          "pr_auc": 0.14090909090909093,
          "recall": 0.0,
          "valid_positive_count": 2
        }
      },
      "threshold": 0.5,
      "valid_code_count": 3
    },
    {
      "best_epoch": 20,
      "early_stopping_monitor": null,
      "epochs_ran": 20,
      "fold": 1,
      "macro_f1": 0.5297418630751963,
      "macro_pr_auc": 0.6298469190240413,
      "macro_recall": 0.5789473684210527,
      "per_code": {
        "blur": {
          "f1": 0.7407407407407407,
          "pr_auc": 0.7676290376290376,
          "recall": 1.0,
          "valid_positive_count": 10
        },
        "flash": {
          "f1": 0.8484848484848485,
          "pr_auc": 0.988578386109753,
          "recall": 0.7368421052631579,
          "valid_positive_count": 19
        },
        "tunnel": {
          "f1": 0.0,
          "pr_auc": 0.13333333333333333,
          "recall": 0.0,
          "valid_positive_count": 2
        }
      },
      "threshold": 0.5,
      "valid_code_count": 3
    },
    {
      "best_epoch": 20,
      "early_stopping_monitor": null,
      "epochs_ran": 20,
      "fold": 2,
      "macro_f1": 0.5443223443223443,
      "macro_pr_auc": 0.7758743812278385,
      "macro_recall": 0.6262626262626262,
      "per_code": {
        "blur": {
          "f1": 0.6,
          "pr_auc": 0.7399381320433953,
          "recall": 0.5454545454545454,
          "valid_positive_count": 11
        },
        "flash": {
          "f1": 0.46153846153846156,
          "pr_auc": 0.83768501164012,
          "recall": 0.3333333333333333,
          "valid_positive_count": 18
        },
        "tunnel": {
          "f1": 0.5714285714285714,
          "pr_auc": 0.75,
          "recall": 1.0,
          "valid_positive_count": 2
        }
      },
      "threshold": 0.5,
      "valid_code_count": 3
    },
    {
      "best_epoch": 20,
      "early_stopping_monitor": null,
      "epochs_ran": 20,
      "fold": 3,
      "macro_f1": 0.2966507177033493,
      "macro_pr_auc": 0.5590734149751178,
      "macro_recall": 0.24074074074074073,
      "per_code": {
        "blur": {
          "f1": 0.5263157894736842,
          "pr_auc": 0.6457160894660894,
          "recall": 0.5,
          "valid_positive_count": 10
        },
        "flash": {
          "f1": 0.36363636363636365,
          "pr_auc": 0.8850395089946175,
          "recall": 0.2222222222222222,
          "valid_positive_count": 18
        },
        "tunnel": {
          "f1": 0.0,
          "pr_auc": 0.14646464646464646,
          "recall": 0.0,
          "valid_positive_count": 2
        }
      },
      "threshold": 0.5,
      "valid_code_count": 3
    },
    {
      "best_epoch": 20,
      "early_stopping_monitor": null,
      "epochs_ran": 20,
      "fold": 4,
      "macro_f1": 0.626302729528536,
      "macro_pr_auc": 0.7339169620414528,
      "macro_recall": 0.6626794258373206,
      "per_code": {
        "blur": {
          "f1": 0.7692307692307693,
          "pr_auc": 0.9456168831168832,
          "recall": 0.9090909090909091,
          "valid_positive_count": 11
        },
        "flash": {
          "f1": 0.7096774193548387,
          "pr_auc": 0.8632768601503324,
          "recall": 0.5789473684210527,
          "valid_positive_count": 19
        },
        "tunnel": {
          "f1": 0.4,
          "pr_auc": 0.39285714285714285,
          "recall": 0.5,
          "valid_positive_count": 2
        }
      },
      "threshold": 0.5,
      "valid_code_count": 3
    }
  ],
  "fold_scheme": "weld_independent",
  "mode": "window_mil",
  "run_folds": [
    0,
    1,
    2,
    3,
    4
  ],
  "sample_count": 101
}
