{
  "aggregator": "gated_attention",
  "completed_fold_count": 5,
  "fold_count": 5,
  "fold_metrics": [
    {
      "amp_enabled": false,
      "augmentation_enabled": false,
      "best_epoch": 20,
      "early_stopping_monitor": null,
      "epochs_ran": 20,
      "fold": 0,
      "macro_f1": 0.5285339786247227,
      "macro_pr_auc": 0.5862327245207909,
      "macro_recall": 0.6818181818181818,
      "per_code": {
        "blur": {
          "f1": 0.631578947368421,
          "pr_auc": 0.7361586645677554,
          "recall": 0.5454545454545454,
          "valid_positive_count": 11
        },
        "flash": {
          "f1": 0.6206896551724138,
          "pr_auc": 0.8600395089946175,
          "recall": 0.5,
          "valid_positive_count": 18
        },
        "tunnel": {
          "f1": 0.3333333333333333,
          "pr_auc": 0.1625,
          "recall": 1.0,
          "valid_positive_count": 2
        }
      },
      "scheduler": "none",
      "threshold": 0.5,
      "training_history": [
        {
          "gradient_norm_max": 2.9482171090945073,
          "gradient_norm_mean": 0.8171524794543048,
          "learning_rate": 0.001
        },
        {
          "gradient_norm_max": 2.8981882541101442,
          "gradient_norm_mean": 0.7116431953027925,
          "learning_rate": 0.001
        },
        {
          "gradient_norm_max": 1.1787685197853923,
          "gradient_norm_mean": 0.4352212188641951,
          "learning_rate": 0.001
        },
        {
          "gradient_norm_max": 0.6068115494898949,
          "gradient_norm_mean": 0.3853193655846517,
          "learning_rate": 0.001
        },
        {
          "gradient_norm_max": 1.7266167857802286,
          "gradient_norm_mean": 0.6517620027412712,
          "learning_rate": 0.001
        },
        {
          "gradient_norm_max": 1.8701262800648133,
          "gradient_norm_mean": 0.7341407555376172,
          "learning_rate": 0.001
        },
        {
          "gradient_norm_max": 2.2203661285873864,
          "gradient_norm_mean": 0.8581243641791315,
          "learning_rate": 0.001
        },
        {
          "gradient_norm_max": 10.335637594132619,
          "gradient_norm_mean": 2.2403256613429114,
          "learning_rate": 0.001
        },
        {
          "gradient_norm_max": 2.0488150890513412,
          "gradient_norm_mean": 1.0535330529239058,
          "learning_rate": 0.001
        },
        {
          "gradient_norm_max": 5.467401946295603,
          "gradient_norm_mean": 1.4010908115205203,
          "learning_rate": 0.001
        },
        {
          "gradient_norm_max": 12.51342678778506,
          "gradient_norm_mean": 2.2695155131350937,
          "learning_rate": 0.001
        },
        {
          "gradient_norm_max": 3.635852878800109,
          "gradient_norm_mean": 1.1855994355439095,
          "learning_rate": 0.001
        },
        {
          "gradient_norm_max": 4.572953564212808,
          "gradient_norm_mean": 1.3704945455282427,
          "learning_rate": 0.001
        },
        {
          "gradient_norm_max": 8.487062195032513,
          "gradient_norm_mean": 2.177579883925162,
          "learning_rate": 0.001
        },
        {
          "gradient_norm_max": 8.12158843468129,
          "gradient_norm_mean": 2.322234694768178,
          "learning_rate": 0.001
        },
        {
          "gradient_norm_max": 2.9965854056241867,
          "gradient_norm_mean": 1.302919198312677,
          "learning_rate": 0.001
        },
        {
          "gradient_norm_max": 4.1029630953007095,
          "gradient_norm_mean": 1.4256599005816857,
          "learning_rate": 0.001
        },
        {
          "gradient_norm_max": 6.113599870227394,
          "gradient_norm_mean": 1.965969800661115,
          "learning_rate": 0.001
        },
        {
          "gradient_norm_max": 24.300486567135287,
          "gradient_norm_mean": 3.677276985774619,
          "learning_rate": 0.001
        },
        {
          "gradient_norm_max": 9.4061967834216,
          "gradient_norm_mean": 2.051213978099779,
          "learning_rate": 0.001
        }
      ],
      "valid_code_count": 3
    },
    {
      "amp_enabled": false,
      "augmentation_enabled": false,
      "best_epoch": 20,
      "early_stopping_monitor": null,
      "epochs_ran": 20,
      "fold": 1,
      "macro_f1": 0.4142857142857143,
      "macro_pr_auc": 0.6058544907436874,
      "macro_recall": 0.35789473684210527,
      "per_code": {
        "blur": {
          "f1": 0.6,
          "pr_auc": 0.7092224442224442,
          "recall": 0.6,
          "valid_positive_count": 10
        },
        "flash": {
          "f1": 0.6428571428571429,
          "pr_auc": 0.9916743613419512,
          "recall": 0.47368421052631576,
          "valid_positive_count": 19
        },
        "tunnel": {
          "f1": 0.0,
          "pr_auc": 0.11666666666666667,
          "recall": 0.0,
          "valid_positive_count": 2
        }
      },
      "scheduler": "none",
      "threshold": 0.5,
      "training_history": [
        {
          "gradient_norm_max": 2.510523567630269,
          "gradient_norm_mean": 0.8390337336116709,
          "learning_rate": 0.001
        },
        {
          "gradient_norm_max": 2.9940255045601,
          "gradient_norm_mean": 0.6517623136525954,
          "learning_rate": 0.001
        },
        {
          "gradient_norm_max": 1.5906938471404095,
          "gradient_norm_mean": 0.5965194820234488,
          "learning_rate": 0.001
        },
        {
          "gradient_norm_max": 2.449128478484594,
          "gradient_norm_mean": 1.0674156928093625,
          "learning_rate": 0.001
        },
        {
          "gradient_norm_max": 10.342192472013998,
          "gradient_norm_mean": 2.589761945565018,
          "learning_rate": 0.001
        },
        {
          "gradient_norm_max": 3.2661189864956426,
          "gradient_norm_mean": 1.0101416369733014,
          "learning_rate": 0.001
        },
        {
          "gradient_norm_max": 5.189255847943077,
          "gradient_norm_mean": 1.2548531770802693,
          "learning_rate": 0.001
        },
        {
          "gradient_norm_max": 5.74044261831822,
          "gradient_norm_mean": 1.5680832734928742,
          "learning_rate": 0.001
        },
        {
          "gradient_norm_max": 20.820340897858795,
          "gradient_norm_mean": 2.1348985413234827,
          "learning_rate": 0.001
        },
        {
          "gradient_norm_max": 5.199754541417297,
          "gradient_norm_mean": 1.4536939649897511,
          "learning_rate": 0.001
        },
        {
          "gradient_norm_max": 11.263855956105537,
          "gradient_norm_mean": 1.6416479584687356,
          "learning_rate": 0.001
        },
        {
          "gradient_norm_max": 29.96572161006818,
          "gradient_norm_mean": 3.454343880430349,
          "learning_rate": 0.001
        },
        {
          "gradient_norm_max": 13.512025581289045,
          "gradient_norm_mean": 3.1354988669776236,
          "learning_rate": 0.001
        },
        {
          "gradient_norm_max": 5.094381185383486,
          "gradient_norm_mean": 2.030965424267013,
          "learning_rate": 0.001
        },
        {
          "gradient_norm_max": 26.143255545083907,
          "gradient_norm_mean": 2.966528707292327,
          "learning_rate": 0.001
        },
        {
          "gradient_norm_max": 11.332595605751845,
          "gradient_norm_mean": 2.5196976576901124,
          "learning_rate": 0.001
        },
        {
          "gradient_norm_max": 8.771153053764753,
          "gradient_norm_mean": 2.2520061882112423,
          "learning_rate": 0.001
        },
        {
          "gradient_norm_max": 3.959692210207935,
          "gradient_norm_mean": 1.3852410463270135,
          "learning_rate": 0.001
        },
        {
          "gradient_norm_max": 6.869218012753302,
          "gradient_norm_mean": 1.7444330243809207,
          "learning_rate": 0.001
        },
        {
          "gradient_norm_max": 9.708000752323962,
          "gradient_norm_mean": 2.145228957054346,
          "learning_rate": 0.001
        }
      ],
      "valid_code_count": 3
    },
    {
      "amp_enabled": false,
      "augmentation_enabled": false,
      "best_epoch": 20,
      "early_stopping_monitor": null,
      "epochs_ran": 20,
      "fold": 2,
      "macro_f1": 0.5128205128205128,
      "macro_pr_auc": 0.8181394071916946,
      "macro_recall": 0.4781144781144781,
      "per_code": {
        "blur": {
          "f1": 0.6666666666666666,
          "pr_auc": 0.8383116883116883,
          "recall": 0.5454545454545454,
          "valid_positive_count": 11
        },
        "flash": {
          "f1": 0.5384615384615384,
          "pr_auc": 0.9161065332633961,
          "recall": 0.3888888888888889,
          "valid_positive_count": 18
        },
        "tunnel": {
          "f1": 0.3333333333333333,
          "pr_auc": 0.7,
          "recall": 0.5,
          "valid_positive_count": 2
        }
      },
      "scheduler": "none",
      "threshold": 0.5,
      "training_history": [
        {
          "gradient_norm_max": 3.673560778929628,
          "gradient_norm_mean": 1.000332362547947,
          "learning_rate": 0.001
        },
        {
          "gradient_norm_max": 1.5736020553438785,
          "gradient_norm_mean": 0.5431664246800026,
          "learning_rate": 0.001
        },
        {
          "gradient_norm_max": 0.6093892532424543,
          "gradient_norm_mean": 0.4627811422356496,
          "learning_rate": 0.001
        },
        {
          "gradient_norm_max": 1.3336133528943128,
          "gradient_norm_mean": 0.5415478256862968,
          "learning_rate": 0.001
        },
        {
          "gradient_norm_max": 0.6467892698501955,
          "gradient_norm_mean": 0.4610242586503059,
          "learning_rate": 0.001
        },
        {
          "gradient_norm_max": 4.202166462780769,
          "gradient_norm_mean": 1.1147116919463018,
          "learning_rate": 0.001
        },
        {
          "gradient_norm_max": 3.061294725842226,
          "gradient_norm_mean": 1.131184095406931,
          "learning_rate": 0.001
        },
        {
          "gradient_norm_max": 4.781483989153461,
          "gradient_norm_mean": 1.5427512704601756,
          "learning_rate": 0.001
        },
        {
          "gradient_norm_max": 6.300515723278424,
          "gradient_norm_mean": 1.9733101023352062,
          "learning_rate": 0.001
        },
        {
          "gradient_norm_max": 10.35455330453275,
          "gradient_norm_mean": 2.5916878083124395,
          "learning_rate": 0.001
        },
        {
          "gradient_norm_max": 8.140853323519263,
          "gradient_norm_mean": 2.554918573828716,
          "learning_rate": 0.001
        },
        {
          "gradient_norm_max": 5.744925811208164,
          "gradient_norm_mean": 1.8775771691647218,
          "learning_rate": 0.001
        },
        {
          "gradient_norm_max": 2.688036062689852,
          "gradient_norm_mean": 1.4901889453333903,
          "learning_rate": 0.001
        },
        {
          "gradient_norm_max": 7.302502412268712,
          "gradient_norm_mean": 2.6974845809739834,
          "learning_rate": 0.001
        },
        {
          "gradient_norm_max": 18.95643553838981,
          "gradient_norm_mean": 2.785015394508324,
          "learning_rate": 0.001
        },
        {
          "gradient_norm_max": 12.432460958277964,
          "gradient_norm_mean": 3.0953825866352824,
          "learning_rate": 0.001
        },
        {
          "gradient_norm_max": 14.79950864197103,
          "gradient_norm_mean": 2.418933277939943,
          "learning_rate": 0.001
        },
        {
          "gradient_norm_max": 2.9045054741660175,
          "gradient_norm_mean": 1.6370138828399288,
          "learning_rate": 0.001
        },
        {
          "gradient_norm_max": 10.101117141638383,
          "gradient_norm_mean": 2.3103599700258575,
          "learning_rate": 0.001
        },
        {
          "gradient_norm_max": 6.525456598703571,
          "gradient_norm_mean": 2.5318842371052126,
          "learning_rate": 0.001
        }
      ],
      "valid_code_count": 3
    },
    {
      "amp_enabled": false,
      "augmentation_enabled": false,
      "best_epoch": 20,
      "early_stopping_monitor": null,
      "epochs_ran": 20,
      "fold": 3,
      "macro_f1": 0.5221205186880243,
      "macro_pr_auc": 0.701307426631644,
      "macro_recall": 0.45925925925925926,
      "per_code": {
        "blur": {
          "f1": 0.631578947368421,
          "pr_auc": 0.679857598541809,
          "recall": 0.6,
          "valid_positive_count": 10
        },
        "flash": {
          "f1": 0.43478260869565216,
          "pr_auc": 0.9240646813531231,
          "recall": 0.2777777777777778,
          "valid_positive_count": 18
        },
        "tunnel": {
          "f1": 0.5,
          "pr_auc": 0.5,
          "recall": 0.5,
          "valid_positive_count": 2
        }
      },
      "scheduler": "none",
      "threshold": 0.5,
      "training_history": [
        {
          "gradient_norm_max": 2.8443719758071837,
          "gradient_norm_mean": 0.8911636887484594,
          "learning_rate": 0.001
        },
        {
          "gradient_norm_max": 0.6704082908408255,
          "gradient_norm_mean": 0.529101653205989,
          "learning_rate": 0.001
        },
        {
          "gradient_norm_max": 0.6633634829346823,
          "gradient_norm_mean": 0.44524444348273606,
          "learning_rate": 0.001
        },
        {
          "gradient_norm_max": 1.2333819488068403,
          "gradient_norm_mean": 0.47797249130557873,
          "learning_rate": 0.001
        },
        {
          "gradient_norm_max": 2.3855630276496615,
          "gradient_norm_mean": 0.7141968368142404,
          "learning_rate": 0.001
        },
        {
          "gradient_norm_max": 3.1654016112539227,
          "gradient_norm_mean": 1.2843459958444037,
          "learning_rate": 0.001
        },
        {
          "gradient_norm_max": 5.1766949477257445,
          "gradient_norm_mean": 1.684563751527582,
          "learning_rate": 0.001
        },
        {
          "gradient_norm_max": 4.8479552207498315,
          "gradient_norm_mean": 1.6089091143198515,
          "learning_rate": 0.001
        },
        {
          "gradient_norm_max": 13.9826172708401,
          "gradient_norm_mean": 2.4314989175181374,
          "learning_rate": 0.001
        },
        {
          "gradient_norm_max": 15.417146991525254,
          "gradient_norm_mean": 2.580698112076697,
          "learning_rate": 0.001
        },
        {
          "gradient_norm_max": 4.357610336240419,
          "gradient_norm_mean": 1.929395830288985,
          "learning_rate": 0.001
        },
        {
          "gradient_norm_max": 14.736243840947298,
          "gradient_norm_mean": 2.9375620198662666,
          "learning_rate": 0.001
        },
        {
          "gradient_norm_max": 5.735205604654373,
          "gradient_norm_mean": 1.81005669901606,
          "learning_rate": 0.001
        },
        {
          "gradient_norm_max": 5.955053785304862,
          "gradient_norm_mean": 2.057346550597243,
          "learning_rate": 0.001
        },
        {
          "gradient_norm_max": 10.550123386338306,
          "gradient_norm_mean": 2.602196173109258,
          "learning_rate": 0.001
        },
        {
          "gradient_norm_max": 6.513922116943112,
          "gradient_norm_mean": 1.9809919645289138,
          "learning_rate": 0.001
        },
        {
          "gradient_norm_max": 12.095775016392565,
          "gradient_norm_mean": 3.0449241395553597,
          "learning_rate": 0.001
        },
        {
          "gradient_norm_max": 21.500101540864232,
          "gradient_norm_mean": 4.739858914416574,
          "learning_rate": 0.001
        },
        {
          "gradient_norm_max": 9.590733006466229,
          "gradient_norm_mean": 2.7390252701565223,
          "learning_rate": 0.001
        },
        {
          "gradient_norm_max": 12.361741649994787,
          "gradient_norm_mean": 2.3061062073140213,
          "learning_rate": 0.001
        }
      ],
      "valid_code_count": 3
    },
    {
      "amp_enabled": false,
      "augmentation_enabled": false,
      "best_epoch": 20,
      "early_stopping_monitor": null,
      "epochs_ran": 20,
      "fold": 4,
      "macro_f1": 0.5326278659611993,
      "macro_pr_auc": 0.6462857579628802,
      "macro_recall": 0.5661881977671451,
      "per_code": {
        "blur": {
          "f1": 0.7407407407407407,
          "pr_auc": 0.7730741480741481,
          "recall": 0.9090909090909091,
          "valid_positive_count": 11
        },
        "flash": {
          "f1": 0.8571428571428571,
          "pr_auc": 0.9395926496240166,
          "recall": 0.7894736842105263,
          "valid_positive_count": 19
        },
        "tunnel": {
          "f1": 0.0,
          "pr_auc": 0.22619047619047616,
          "recall": 0.0,
          "valid_positive_count": 2
        }
      },
      "scheduler": "none",
      "threshold": 0.5,
      "training_history": [
        {
          "gradient_norm_max": 2.1272721903239327,
          "gradient_norm_mean": 0.7451875077958962,
          "learning_rate": 0.001
        },
        {
          "gradient_norm_max": 1.8184296929546748,
          "gradient_norm_mean": 0.7048652516657169,
          "learning_rate": 0.001
        },
        {
          "gradient_norm_max": 1.4185533296214317,
          "gradient_norm_mean": 0.5613864188486838,
          "learning_rate": 0.001
        },
        {
          "gradient_norm_max": 0.6479126705098016,
          "gradient_norm_mean": 0.46562269015987456,
          "learning_rate": 0.001
        },
        {
          "gradient_norm_max": 1.8516400169815068,
          "gradient_norm_mean": 0.6043737641736248,
          "learning_rate": 0.001
        },
        {
          "gradient_norm_max": 3.1586771824058606,
          "gradient_norm_mean": 0.9170347897111039,
          "learning_rate": 0.001
        },
        {
          "gradient_norm_max": 1.4333523972501687,
          "gradient_norm_mean": 0.6609231989337021,
          "learning_rate": 0.001
        },
        {
          "gradient_norm_max": 6.9707641127873385,
          "gradient_norm_mean": 1.6276785265515414,
          "learning_rate": 0.001
        },
        {
          "gradient_norm_max": 5.362028999973007,
          "gradient_norm_mean": 1.557966348285004,
          "learning_rate": 0.001
        },
        {
          "gradient_norm_max": 16.895735580588024,
          "gradient_norm_mean": 2.488502020502215,
          "learning_rate": 0.001
        },
        {
          "gradient_norm_max": 14.359326346094,
          "gradient_norm_mean": 3.587816935278952,
          "learning_rate": 0.001
        },
        {
          "gradient_norm_max": 15.132964759326022,
          "gradient_norm_mean": 3.2468489354579466,
          "learning_rate": 0.001
        },
        {
          "gradient_norm_max": 14.21674943799618,
          "gradient_norm_mean": 2.2142338695139236,
          "learning_rate": 0.001
        },
        {
          "gradient_norm_max": 2.7123204950022153,
          "gradient_norm_mean": 1.2741063493095073,
          "learning_rate": 0.001
        },
        {
          "gradient_norm_max": 15.477959084801792,
          "gradient_norm_mean": 3.261024112044928,
          "learning_rate": 0.001
        },
        {
          "gradient_norm_max": 2.505582921011656,
          "gradient_norm_mean": 1.1626416377231397,
          "learning_rate": 0.001
        },
        {
          "gradient_norm_max": 22.005980284924867,
          "gradient_norm_mean": 2.6609337302605773,
          "learning_rate": 0.001
        },
        {
          "gradient_norm_max": 7.958766859580749,
          "gradient_norm_mean": 1.9457298366949205,
          "learning_rate": 0.001
        },
        {
          "gradient_norm_max": 10.237620824193343,
          "gradient_norm_mean": 2.415333369392917,
          "learning_rate": 0.001
        },
        {
          "gradient_norm_max": 8.525189847438371,
          "gradient_norm_mean": 1.8264902707989912,
          "learning_rate": 0.001
        }
      ],
      "valid_code_count": 3
    }
  ],
  "fold_scheme": "weld_independent",
  "mode": "window_mil",
  "run_folds": [
    0,
    1,
    2,
    3,
    4
  ],
  "sample_count": 101
}
