{
  "aggregator": "mean",
  "fold_count": 5,
  "fold_metrics": [
    {
      "fold": 0,
      "macro_f1": 0.7644749054044406,
      "macro_pr_auc": 0.8520406880700998,
      "macro_recall": 0.7186274509803922,
      "per_code": {
        "blur": {
          "f1": 0.6086956521739131,
          "pr_auc": 0.6061220642102995,
          "recall": 0.7,
          "valid_positive_count": 10
        },
        "flash": {
          "f1": 0.8275862068965517,
          "pr_auc": 1.0,
          "recall": 0.7058823529411765,
          "valid_positive_count": 17
        },
        "tunnel": {
          "f1": 0.8571428571428571,
          "pr_auc": 0.95,
          "recall": 0.75,
          "valid_positive_count": 4
        }
      },
      "threshold": 0.5,
      "valid_code_count": 3
    },
    {
      "fold": 1,
      "macro_f1": 0.7472527472527473,
      "macro_pr_auc": 0.9751552319734138,
      "macro_recall": 0.6854256854256855,
      "per_code": {
        "blur": {
          "f1": 0.8571428571428571,
          "pr_auc": 0.9254656959202414,
          "recall": 0.8181818181818182,
          "valid_positive_count": 11
        },
        "flash": {
          "f1": 0.38461538461538464,
          "pr_auc": 1.0000000000000002,
          "recall": 0.23809523809523808,
          "valid_positive_count": 21
        },
        "tunnel": {
          "f1": 1.0,
          "pr_auc": 1.0,
          "recall": 1.0,
          "valid_positive_count": 3
        }
      },
      "threshold": 0.5,
      "valid_code_count": 3
    },
    {
      "fold": 2,
      "macro_f1": 0.5803921568627451,
      "macro_pr_auc": 0.7999999999999999,
      "macro_recall": 0.5185185185185185,
      "per_code": {
        "blur": {
          "f1": 0.9411764705882353,
          "pr_auc": 1.0,
          "recall": 0.8888888888888888,
          "valid_positive_count": 9
        },
        "flash": {
          "f1": 0.8,
          "pr_auc": 1.0,
          "recall": 0.6666666666666666,
          "valid_positive_count": 18
        },
        "tunnel": {
          "f1": 0.0,
          "pr_auc": 0.4,
          "recall": 0.0,
          "valid_positive_count": 3
        }
      },
      "threshold": 0.5,
      "valid_code_count": 3
    },
    {
      "fold": 3,
      "macro_f1": 0.8128654970760234,
      "macro_pr_auc": 0.9099121407985672,
      "macro_recall": 0.7392344497607655,
      "per_code": {
        "blur": {
          "f1": 0.7368421052631579,
          "pr_auc": 0.8281499202551834,
          "recall": 0.6363636363636364,
          "valid_positive_count": 11
        },
        "flash": {
          "f1": 0.8888888888888888,
          "pr_auc": 0.991674361341951,
          "recall": 0.8421052631578947,
          "valid_positive_count": 19
        },
        "tunnel": {
          "f1": null,
          "pr_auc": null,
          "recall": null,
          "valid_positive_count": 0
        }
      },
      "threshold": 0.5,
      "valid_code_count": 2
    },
    {
      "fold": 4,
      "macro_f1": 0.8325652841781874,
      "macro_pr_auc": 0.9356339731322658,
      "macro_recall": 0.7450980392156863,
      "per_code": {
        "blur": {
          "f1": 0.7619047619047619,
          "pr_auc": 0.8909162596662598,
          "recall": 0.6666666666666666,
          "valid_positive_count": 12
        },
        "flash": {
          "f1": 0.9032258064516129,
          "pr_auc": 0.980351686598272,
          "recall": 0.8235294117647058,
          "valid_positive_count": 17
        },
        "tunnel": {
          "f1": null,
          "pr_auc": null,
          "recall": null,
          "valid_positive_count": 0
        }
      },
      "threshold": 0.5,
      "valid_code_count": 2
    }
  ],
  "mode": "full_signal",
  "sample_count": 101
}
