{
  "aggregator": "mean",
  "completed_fold_count": 5,
  "fold_count": 5,
  "fold_metrics": [
    {
      "best_epoch": 20,
      "early_stopping_monitor": null,
      "epochs_ran": 20,
      "fold": 0,
      "macro_f1": 0.4514991181657848,
      "macro_pr_auc": 0.5870243016195577,
      "macro_recall": 0.39057239057239057,
      "per_code": {
        "blur": {
          "f1": 0.7619047619047619,
          "pr_auc": 0.759732313141404,
          "recall": 0.7272727272727273,
          "valid_positive_count": 11
        },
        "flash": {
          "f1": 0.5925925925925926,
          "pr_auc": 0.9091837289721707,
          "recall": 0.4444444444444444,
          "valid_positive_count": 18
        },
        "tunnel": {
          "f1": 0.0,
          "pr_auc": 0.09215686274509804,
          "recall": 0.0,
          "valid_positive_count": 2
        }
      },
      "threshold": 0.5,
      "valid_code_count": 3
    },
    {
      "best_epoch": 20,
      "early_stopping_monitor": null,
      "epochs_ran": 20,
      "fold": 1,
      "macro_f1": 0.32806324110671936,
      "macro_pr_auc": 0.6397116156404081,
      "macro_recall": 0.30350877192982456,
      "per_code": {
        "blur": {
          "f1": 0.6363636363636364,
          "pr_auc": 0.7831699346405228,
          "recall": 0.7,
          "valid_positive_count": 10
        },
        "flash": {
          "f1": 0.34782608695652173,
          "pr_auc": 0.9999999999999998,
          "recall": 0.21052631578947367,
          "valid_positive_count": 19
        },
        "tunnel": {
          "f1": 0.0,
          "pr_auc": 0.13596491228070173,
          "recall": 0.0,
          "valid_positive_count": 2
        }
      },
      "threshold": 0.5,
      "valid_code_count": 3
    },
    {
      "best_epoch": 20,
      "early_stopping_monitor": null,
      "epochs_ran": 20,
      "fold": 2,
      "macro_f1": 0.6412698412698412,
      "macro_pr_auc": 0.8670512960418596,
      "macro_recall": 0.8838383838383838,
      "per_code": {
        "blur": {
          "f1": 0.6666666666666666,
          "pr_auc": 0.7888691252925704,
          "recall": 0.8181818181818182,
          "valid_positive_count": 11
        },
        "flash": {
          "f1": 0.8571428571428571,
          "pr_auc": 0.9789514294996753,
          "recall": 0.8333333333333334,
          "valid_positive_count": 18
        },
        "tunnel": {
          "f1": 0.4,
          "pr_auc": 0.8333333333333333,
          "recall": 1.0,
          "valid_positive_count": 2
        }
      },
      "threshold": 0.5,
      "valid_code_count": 3
    },
    {
      "best_epoch": 20,
      "early_stopping_monitor": null,
      "epochs_ran": 20,
      "fold": 3,
      "macro_f1": 0.6446492575524834,
      "macro_pr_auc": 0.6512082362082362,
      "macro_recall": 0.674074074074074,
      "per_code": {
        "blur": {
          "f1": 0.7619047619047619,
          "pr_auc": 0.661958041958042,
          "recall": 0.8,
          "valid_positive_count": 10
        },
        "flash": {
          "f1": 0.8387096774193549,
          "pr_auc": 1.0,
          "recall": 0.7222222222222222,
          "valid_positive_count": 18
        },
        "tunnel": {
          "f1": 0.3333333333333333,
          "pr_auc": 0.29166666666666663,
          "recall": 0.5,
          "valid_positive_count": 2
        }
      },
      "threshold": 0.5,
      "valid_code_count": 3
    },
    {
      "best_epoch": 20,
      "early_stopping_monitor": null,
      "epochs_ran": 20,
      "fold": 4,
      "macro_f1": 0.6669380002713335,
      "macro_pr_auc": 0.6103272520881065,
      "macro_recall": 0.9696969696969697,
      "per_code": {
        "blur": {
          "f1": 0.7407407407407407,
          "pr_auc": 0.8218715627806537,
          "recall": 0.9090909090909091,
          "valid_positive_count": 11
        },
        "flash": {
          "f1": 0.9743589743589743,
          "pr_auc": 0.8632768601503324,
          "recall": 1.0,
          "valid_positive_count": 19
        },
        "tunnel": {
          "f1": 0.2857142857142857,
          "pr_auc": 0.14583333333333331,
          "recall": 1.0,
          "valid_positive_count": 2
        }
      },
      "threshold": 0.5,
      "valid_code_count": 3
    }
  ],
  "fold_scheme": "weld_independent",
  "mode": "window_mil",
  "run_folds": [
    0,
    1,
    2,
    3,
    4
  ],
  "sample_count": 101
}
