{
  "aggregator": "gated_attention",
  "completed_fold_count": 5,
  "fold_count": 5,
  "fold_metrics": [
    {
      "amp_enabled": false,
      "augmentation_enabled": false,
      "best_epoch": 20,
      "early_stopping_monitor": null,
      "epochs_ran": 20,
      "fold": 0,
      "macro_f1": 0.5393939393939394,
      "macro_pr_auc": 0.6212561947856066,
      "macro_recall": 0.601010101010101,
      "per_code": {
        "blur": {
          "f1": 0.6363636363636364,
          "pr_auc": 0.7035121741004094,
          "recall": 0.6363636363636364,
          "valid_positive_count": 11
        },
        "flash": {
          "f1": 0.8,
          "pr_auc": 1.0,
          "recall": 0.6666666666666666,
          "valid_positive_count": 18
        },
        "tunnel": {
          "f1": 0.18181818181818182,
          "pr_auc": 0.16025641025641024,
          "recall": 0.5,
          "valid_positive_count": 2
        }
      },
      "scheduler": "none",
      "threshold": 0.5,
      "training_history": [
        {
          "gradient_norm_max": 1.9678311345729416,
          "gradient_norm_mean": 0.7535548867814192,
          "learning_rate": 0.001
        },
        {
          "gradient_norm_max": 1.9835980385943015,
          "gradient_norm_mean": 0.6674190730541115,
          "learning_rate": 0.001
        },
        {
          "gradient_norm_max": 1.7850773079749809,
          "gradient_norm_mean": 0.6257694587738413,
          "learning_rate": 0.001
        },
        {
          "gradient_norm_max": 1.195313613777583,
          "gradient_norm_mean": 0.6554912810916742,
          "learning_rate": 0.001
        },
        {
          "gradient_norm_max": 5.379966916574123,
          "gradient_norm_mean": 1.1769197525173514,
          "learning_rate": 0.001
        },
        {
          "gradient_norm_max": 3.255241382746513,
          "gradient_norm_mean": 0.8678122344281163,
          "learning_rate": 0.001
        },
        {
          "gradient_norm_max": 1.1955589131533815,
          "gradient_norm_mean": 0.6483503761226262,
          "learning_rate": 0.001
        },
        {
          "gradient_norm_max": 3.2671599956371287,
          "gradient_norm_mean": 0.9790737435083072,
          "learning_rate": 0.001
        },
        {
          "gradient_norm_max": 1.6883323598094224,
          "gradient_norm_mean": 0.9439732833636933,
          "learning_rate": 0.001
        },
        {
          "gradient_norm_max": 2.798406051753662,
          "gradient_norm_mean": 1.1147628028729635,
          "learning_rate": 0.001
        },
        {
          "gradient_norm_max": 3.9451683784191887,
          "gradient_norm_mean": 1.3308032112083752,
          "learning_rate": 0.001
        },
        {
          "gradient_norm_max": 6.200155995090031,
          "gradient_norm_mean": 1.728414729829199,
          "learning_rate": 0.001
        },
        {
          "gradient_norm_max": 9.107029599270765,
          "gradient_norm_mean": 1.721568672474167,
          "learning_rate": 0.001
        },
        {
          "gradient_norm_max": 3.0583955366642908,
          "gradient_norm_mean": 1.2724444318055703,
          "learning_rate": 0.001
        },
        {
          "gradient_norm_max": 7.2372340571231115,
          "gradient_norm_mean": 1.8719078442306611,
          "learning_rate": 0.001
        },
        {
          "gradient_norm_max": 4.1462700871396265,
          "gradient_norm_mean": 1.7348454320523923,
          "learning_rate": 0.001
        },
        {
          "gradient_norm_max": 6.604372882605356,
          "gradient_norm_mean": 1.6314970210002875,
          "learning_rate": 0.001
        },
        {
          "gradient_norm_max": 6.937951316229292,
          "gradient_norm_mean": 1.6809277229863322,
          "learning_rate": 0.001
        },
        {
          "gradient_norm_max": 2.631700236295126,
          "gradient_norm_mean": 1.3280833374426029,
          "learning_rate": 0.001
        },
        {
          "gradient_norm_max": 12.4581844586697,
          "gradient_norm_mean": 2.440028068721384,
          "learning_rate": 0.001
        }
      ],
      "valid_code_count": 3
    },
    {
      "amp_enabled": false,
      "augmentation_enabled": false,
      "best_epoch": 20,
      "early_stopping_monitor": null,
      "epochs_ran": 20,
      "fold": 1,
      "macro_f1": 0.5284780578898226,
      "macro_pr_auc": 0.7046719867438459,
      "macro_recall": 0.5122807017543859,
      "per_code": {
        "blur": {
          "f1": 0.7619047619047619,
          "pr_auc": 0.8405691530691529,
          "recall": 0.8,
          "valid_positive_count": 10
        },
        "flash": {
          "f1": 0.8235294117647058,
          "pr_auc": 0.981780140495718,
          "recall": 0.7368421052631579,
          "valid_positive_count": 19
        },
        "tunnel": {
          "f1": 0.0,
          "pr_auc": 0.29166666666666663,
          "recall": 0.0,
          "valid_positive_count": 2
        }
      },
      "scheduler": "none",
      "threshold": 0.5,
      "training_history": [
        {
          "gradient_norm_max": 3.2366215682902975,
          "gradient_norm_mean": 1.0678164584353949,
          "learning_rate": 0.001
        },
        {
          "gradient_norm_max": 2.984894389390094,
          "gradient_norm_mean": 0.6364776691794931,
          "learning_rate": 0.001
        },
        {
          "gradient_norm_max": 1.4617417075864885,
          "gradient_norm_mean": 0.5434598609235483,
          "learning_rate": 0.001
        },
        {
          "gradient_norm_max": 1.324288097725438,
          "gradient_norm_mean": 0.5807627133158579,
          "learning_rate": 0.001
        },
        {
          "gradient_norm_max": 0.7195221959054899,
          "gradient_norm_mean": 0.5115383650135803,
          "learning_rate": 0.001
        },
        {
          "gradient_norm_max": 3.3888018815861223,
          "gradient_norm_mean": 0.7066864747437321,
          "learning_rate": 0.001
        },
        {
          "gradient_norm_max": 3.847988616472296,
          "gradient_norm_mean": 0.8532031543549048,
          "learning_rate": 0.001
        },
        {
          "gradient_norm_max": 3.0477045369858824,
          "gradient_norm_mean": 1.0263695805122581,
          "learning_rate": 0.001
        },
        {
          "gradient_norm_max": 6.607133189330183,
          "gradient_norm_mean": 1.4709221965132206,
          "learning_rate": 0.001
        },
        {
          "gradient_norm_max": 7.0575674115883,
          "gradient_norm_mean": 1.4375258110516014,
          "learning_rate": 0.001
        },
        {
          "gradient_norm_max": 4.217836822795882,
          "gradient_norm_mean": 1.2757315554542723,
          "learning_rate": 0.001
        },
        {
          "gradient_norm_max": 4.7867165884143175,
          "gradient_norm_mean": 1.536877038658628,
          "learning_rate": 0.001
        },
        {
          "gradient_norm_max": 13.08575897620844,
          "gradient_norm_mean": 2.0772070913605347,
          "learning_rate": 0.001
        },
        {
          "gradient_norm_max": 4.62978180632412,
          "gradient_norm_mean": 1.6777104538221908,
          "learning_rate": 0.001
        },
        {
          "gradient_norm_max": 7.3622758259162,
          "gradient_norm_mean": 1.367963645091689,
          "learning_rate": 0.001
        },
        {
          "gradient_norm_max": 3.0204902744426856,
          "gradient_norm_mean": 1.5100618128778798,
          "learning_rate": 0.001
        },
        {
          "gradient_norm_max": 12.282144537694895,
          "gradient_norm_mean": 2.1785653889978165,
          "learning_rate": 0.001
        },
        {
          "gradient_norm_max": 6.138449642303656,
          "gradient_norm_mean": 1.6634542238542107,
          "learning_rate": 0.001
        },
        {
          "gradient_norm_max": 4.530677936107006,
          "gradient_norm_mean": 1.0919373095721636,
          "learning_rate": 0.001
        },
        {
          "gradient_norm_max": 7.482952957699883,
          "gradient_norm_mean": 1.4286662743058354,
          "learning_rate": 0.001
        }
      ],
      "valid_code_count": 3
    },
    {
      "amp_enabled": false,
      "augmentation_enabled": false,
      "best_epoch": 20,
      "early_stopping_monitor": null,
      "epochs_ran": 20,
      "fold": 2,
      "macro_f1": 0.5654719235364397,
      "macro_pr_auc": 0.6986617499362989,
      "macro_recall": 0.601010101010101,
      "per_code": {
        "blur": {
          "f1": 0.7,
          "pr_auc": 0.8456972320608684,
          "recall": 0.6363636363636364,
          "valid_positive_count": 11
        },
        "flash": {
          "f1": 0.7741935483870968,
          "pr_auc": 0.9336213510813616,
          "recall": 0.6666666666666666,
          "valid_positive_count": 18
        },
        "tunnel": {
          "f1": 0.2222222222222222,
          "pr_auc": 0.31666666666666665,
          "recall": 0.5,
          "valid_positive_count": 2
        }
      },
      "scheduler": "none",
      "threshold": 0.5,
      "training_history": [
        {
          "gradient_norm_max": 3.190656795763541,
          "gradient_norm_mean": 0.8208415310006408,
          "learning_rate": 0.001
        },
        {
          "gradient_norm_max": 1.7685552939667204,
          "gradient_norm_mean": 0.6244568475051956,
          "learning_rate": 0.001
        },
        {
          "gradient_norm_max": 2.248649371089128,
          "gradient_norm_mean": 0.6575217394826702,
          "learning_rate": 0.001
        },
        {
          "gradient_norm_max": 2.7408689506356927,
          "gradient_norm_mean": 0.802986872024986,
          "learning_rate": 0.001
        },
        {
          "gradient_norm_max": 1.708514792140792,
          "gradient_norm_mean": 0.6324820408644883,
          "learning_rate": 0.001
        },
        {
          "gradient_norm_max": 1.7115745484171898,
          "gradient_norm_mean": 0.636302322248483,
          "learning_rate": 0.001
        },
        {
          "gradient_norm_max": 1.3397825258934013,
          "gradient_norm_mean": 0.76187250383774,
          "learning_rate": 0.001
        },
        {
          "gradient_norm_max": 2.4446980944656085,
          "gradient_norm_mean": 0.9872239998007155,
          "learning_rate": 0.001
        },
        {
          "gradient_norm_max": 3.686618765082427,
          "gradient_norm_mean": 1.1767297640541015,
          "learning_rate": 0.001
        },
        {
          "gradient_norm_max": 6.238801733993221,
          "gradient_norm_mean": 1.4739447218563615,
          "learning_rate": 0.001
        },
        {
          "gradient_norm_max": 2.946140140691289,
          "gradient_norm_mean": 1.2026249774351396,
          "learning_rate": 0.001
        },
        {
          "gradient_norm_max": 7.985137059362615,
          "gradient_norm_mean": 2.3205847011856804,
          "learning_rate": 0.001
        },
        {
          "gradient_norm_max": 4.775140854492196,
          "gradient_norm_mean": 1.7261513515235543,
          "learning_rate": 0.001
        },
        {
          "gradient_norm_max": 5.293940648772592,
          "gradient_norm_mean": 1.2207928728621145,
          "learning_rate": 0.001
        },
        {
          "gradient_norm_max": 4.335250633799227,
          "gradient_norm_mean": 1.1726390919687497,
          "learning_rate": 0.001
        },
        {
          "gradient_norm_max": 4.432462230206435,
          "gradient_norm_mean": 1.3008297752260423,
          "learning_rate": 0.001
        },
        {
          "gradient_norm_max": 5.1306208870364465,
          "gradient_norm_mean": 1.594843727443076,
          "learning_rate": 0.001
        },
        {
          "gradient_norm_max": 6.1894236776680485,
          "gradient_norm_mean": 1.8607698905307832,
          "learning_rate": 0.001
        },
        {
          "gradient_norm_max": 11.543004658021117,
          "gradient_norm_mean": 1.887576165416526,
          "learning_rate": 0.001
        },
        {
          "gradient_norm_max": 7.369989442021493,
          "gradient_norm_mean": 1.4431665737629595,
          "learning_rate": 0.001
        }
      ],
      "valid_code_count": 3
    },
    {
      "amp_enabled": false,
      "augmentation_enabled": false,
      "best_epoch": 20,
      "early_stopping_monitor": null,
      "epochs_ran": 20,
      "fold": 3,
      "macro_f1": 0.5841025641025641,
      "macro_pr_auc": 0.7245343948341025,
      "macro_recall": 0.5962962962962963,
      "per_code": {
        "blur": {
          "f1": 0.6923076923076923,
          "pr_auc": 0.7079793735676088,
          "recall": 0.9,
          "valid_positive_count": 10
        },
        "flash": {
          "f1": 0.56,
          "pr_auc": 0.9656238109346986,
          "recall": 0.3888888888888889,
          "valid_positive_count": 18
        },
        "tunnel": {
          "f1": 0.5,
          "pr_auc": 0.5,
          "recall": 0.5,
          "valid_positive_count": 2
        }
      },
      "scheduler": "none",
      "threshold": 0.5,
      "training_history": [
        {
          "gradient_norm_max": 0.9626412292764062,
          "gradient_norm_mean": 0.7413880424257222,
          "learning_rate": 0.001
        },
        {
          "gradient_norm_max": 2.757846246204156,
          "gradient_norm_mean": 0.7726487335049603,
          "learning_rate": 0.001
        },
        {
          "gradient_norm_max": 2.4704355763275476,
          "gradient_norm_mean": 0.7296109348954724,
          "learning_rate": 0.001
        },
        {
          "gradient_norm_max": 2.1983105371121567,
          "gradient_norm_mean": 0.7239863989724519,
          "learning_rate": 0.001
        },
        {
          "gradient_norm_max": 3.3695857906745204,
          "gradient_norm_mean": 0.787040687795476,
          "learning_rate": 0.001
        },
        {
          "gradient_norm_max": 2.9944251383834115,
          "gradient_norm_mean": 0.8398289564109677,
          "learning_rate": 0.001
        },
        {
          "gradient_norm_max": 4.0336044216113365,
          "gradient_norm_mean": 1.1288406159058348,
          "learning_rate": 0.001
        },
        {
          "gradient_norm_max": 3.271554321876403,
          "gradient_norm_mean": 1.1822351505160047,
          "learning_rate": 0.001
        },
        {
          "gradient_norm_max": 3.9826945512491982,
          "gradient_norm_mean": 1.0179834310419005,
          "learning_rate": 0.001
        },
        {
          "gradient_norm_max": 4.58297543143442,
          "gradient_norm_mean": 1.276656155370309,
          "learning_rate": 0.001
        },
        {
          "gradient_norm_max": 5.118181948228256,
          "gradient_norm_mean": 1.7264656370701874,
          "learning_rate": 0.001
        },
        {
          "gradient_norm_max": 9.269288284770294,
          "gradient_norm_mean": 2.0338764257027853,
          "learning_rate": 0.001
        },
        {
          "gradient_norm_max": 6.485123814825736,
          "gradient_norm_mean": 1.389749689348347,
          "learning_rate": 0.001
        },
        {
          "gradient_norm_max": 2.8044772476441255,
          "gradient_norm_mean": 1.098823243524893,
          "learning_rate": 0.001
        },
        {
          "gradient_norm_max": 4.758971849133464,
          "gradient_norm_mean": 1.3876455036673416,
          "learning_rate": 0.001
        },
        {
          "gradient_norm_max": 4.4585334988629395,
          "gradient_norm_mean": 1.528650819130467,
          "learning_rate": 0.001
        },
        {
          "gradient_norm_max": 9.222048783870864,
          "gradient_norm_mean": 1.7184748712284879,
          "learning_rate": 0.001
        },
        {
          "gradient_norm_max": 11.125617877499641,
          "gradient_norm_mean": 1.796474169194797,
          "learning_rate": 0.001
        },
        {
          "gradient_norm_max": 7.098190187279068,
          "gradient_norm_mean": 1.427752918091469,
          "learning_rate": 0.001
        },
        {
          "gradient_norm_max": 4.945644287653136,
          "gradient_norm_mean": 1.3927278583760454,
          "learning_rate": 0.001
        }
      ],
      "valid_code_count": 3
    },
    {
      "amp_enabled": false,
      "augmentation_enabled": false,
      "best_epoch": 20,
      "early_stopping_monitor": null,
      "epochs_ran": 20,
      "fold": 4,
      "macro_f1": 0.5650522317188983,
      "macro_pr_auc": 0.6534298775120096,
      "macro_recall": 0.6100478468899522,
      "per_code": {
        "blur": {
          "f1": 0.7692307692307693,
          "pr_auc": 0.7038214607733324,
          "recall": 0.9090909090909091,
          "valid_positive_count": 11
        },
        "flash": {
          "f1": 0.5925925925925926,
          "pr_auc": 0.9648015050960299,
          "recall": 0.42105263157894735,
          "valid_positive_count": 19
        },
        "tunnel": {
          "f1": 0.3333333333333333,
          "pr_auc": 0.29166666666666663,
          "recall": 0.5,
          "valid_positive_count": 2
        }
      },
      "scheduler": "none",
      "threshold": 0.5,
      "training_history": [
        {
          "gradient_norm_max": 3.0021338597217855,
          "gradient_norm_mean": 0.9161180048732673,
          "learning_rate": 0.001
        },
        {
          "gradient_norm_max": 1.5558905121878777,
          "gradient_norm_mean": 0.6295351322013005,
          "learning_rate": 0.001
        },
        {
          "gradient_norm_max": 1.57857051251642,
          "gradient_norm_mean": 0.63664589630501,
          "learning_rate": 0.001
        },
        {
          "gradient_norm_max": 2.1066373876828037,
          "gradient_norm_mean": 0.7131545701936609,
          "learning_rate": 0.001
        },
        {
          "gradient_norm_max": 2.1248011930829187,
          "gradient_norm_mean": 0.9447566242848927,
          "learning_rate": 0.001
        },
        {
          "gradient_norm_max": 4.120640446046543,
          "gradient_norm_mean": 1.2468119023036388,
          "learning_rate": 0.001
        },
        {
          "gradient_norm_max": 3.9585892037140575,
          "gradient_norm_mean": 1.3441417555059663,
          "learning_rate": 0.001
        },
        {
          "gradient_norm_max": 4.707091075359025,
          "gradient_norm_mean": 1.6602819702785676,
          "learning_rate": 0.001
        },
        {
          "gradient_norm_max": 2.965737563097495,
          "gradient_norm_mean": 1.1505358408463573,
          "learning_rate": 0.001
        },
        {
          "gradient_norm_max": 5.975569477889432,
          "gradient_norm_mean": 1.4813722234010553,
          "learning_rate": 0.001
        },
        {
          "gradient_norm_max": 3.553808083530945,
          "gradient_norm_mean": 1.4980727344335532,
          "learning_rate": 0.001
        },
        {
          "gradient_norm_max": 4.085223466205582,
          "gradient_norm_mean": 1.6827901272231098,
          "learning_rate": 0.001
        },
        {
          "gradient_norm_max": 14.658030365490365,
          "gradient_norm_mean": 2.4673305211283103,
          "learning_rate": 0.001
        },
        {
          "gradient_norm_max": 2.303931859624028,
          "gradient_norm_mean": 1.4963855050801624,
          "learning_rate": 0.001
        },
        {
          "gradient_norm_max": 6.587206438125923,
          "gradient_norm_mean": 1.6636607090059503,
          "learning_rate": 0.001
        },
        {
          "gradient_norm_max": 3.434850080641166,
          "gradient_norm_mean": 1.4155051352476815,
          "learning_rate": 0.001
        },
        {
          "gradient_norm_max": 5.470172574843515,
          "gradient_norm_mean": 1.4850315549933253,
          "learning_rate": 0.001
        },
        {
          "gradient_norm_max": 3.1590284163826023,
          "gradient_norm_mean": 1.5252935925642563,
          "learning_rate": 0.001
        },
        {
          "gradient_norm_max": 9.551446072981756,
          "gradient_norm_mean": 1.9360302685407849,
          "learning_rate": 0.001
        },
        {
          "gradient_norm_max": 10.308184132972196,
          "gradient_norm_mean": 2.0708058771547893,
          "learning_rate": 0.001
        }
      ],
      "valid_code_count": 3
    }
  ],
  "fold_scheme": "weld_independent",
  "mode": "window_mil",
  "run_folds": [
    0,
    1,
    2,
    3,
    4
  ],
  "sample_count": 101
}
