{
  "aggregator": "max",
  "completed_fold_count": 5,
  "fold_count": 5,
  "fold_metrics": [
    {
      "best_epoch": 20,
      "early_stopping_monitor": null,
      "epochs_ran": 20,
      "fold": 0,
      "macro_f1": 0.50682261208577,
      "macro_pr_auc": 0.6191894312830846,
      "macro_recall": 0.4781144781144781,
      "per_code": {
        "blur": {
          "f1": 0.631578947368421,
          "pr_auc": 0.7640042619918781,
          "recall": 0.5454545454545454,
          "valid_positive_count": 11
        },
        "flash": {
          "f1": 0.8888888888888888,
          "pr_auc": 0.9602306985240423,
          "recall": 0.8888888888888888,
          "valid_positive_count": 18
        },
        "tunnel": {
          "f1": 0.0,
          "pr_auc": 0.13333333333333333,
          "recall": 0.0,
          "valid_positive_count": 2
        }
      },
      "threshold": 0.5,
      "valid_code_count": 3
    },
    {
      "best_epoch": 20,
      "early_stopping_monitor": null,
      "epochs_ran": 20,
      "fold": 1,
      "macro_f1": 0.2940516273849607,
      "macro_pr_auc": 0.6113363263029222,
      "macro_recall": 0.4894736842105263,
      "per_code": {
        "blur": {
          "f1": 0.18181818181818182,
          "pr_auc": 0.6970479082321187,
          "recall": 0.1,
          "valid_positive_count": 10
        },
        "flash": {
          "f1": 0.5185185185185185,
          "pr_auc": 0.9202944040099814,
          "recall": 0.3684210526315789,
          "valid_positive_count": 19
        },
        "tunnel": {
          "f1": 0.18181818181818182,
          "pr_auc": 0.21666666666666667,
          "recall": 1.0,
          "valid_positive_count": 2
        }
      },
      "threshold": 0.5,
      "valid_code_count": 3
    },
    {
      "best_epoch": 20,
      "early_stopping_monitor": null,
      "epochs_ran": 20,
      "fold": 2,
      "macro_f1": 0.13765182186234817,
      "macro_pr_auc": 0.8647353864459127,
      "macro_recall": 0.07912457912457913,
      "per_code": {
        "blur": {
          "f1": 0.3076923076923077,
          "pr_auc": 0.7722763347763348,
          "recall": 0.18181818181818182,
          "valid_positive_count": 11
        },
        "flash": {
          "f1": 0.10526315789473684,
          "pr_auc": 0.9885964912280703,
          "recall": 0.05555555555555555,
          "valid_positive_count": 18
        },
        "tunnel": {
          "f1": 0.0,
          "pr_auc": 0.8333333333333333,
          "recall": 0.0,
          "valid_positive_count": 2
        }
      },
      "threshold": 0.5,
      "valid_code_count": 3
    },
    {
      "best_epoch": 20,
      "early_stopping_monitor": null,
      "epochs_ran": 20,
      "fold": 3,
      "macro_f1": 0.5074561403508772,
      "macro_pr_auc": 0.5420311181288994,
      "macro_recall": 0.7666666666666666,
      "per_code": {
        "blur": {
          "f1": 0.375,
          "pr_auc": 0.5338381501539397,
          "recall": 0.3,
          "valid_positive_count": 10
        },
        "flash": {
          "f1": 0.9473684210526315,
          "pr_auc": 0.9297552042327586,
          "recall": 1.0,
          "valid_positive_count": 18
        },
        "tunnel": {
          "f1": 0.2,
          "pr_auc": 0.1625,
          "recall": 1.0,
          "valid_positive_count": 2
        }
      },
      "threshold": 0.5,
      "valid_code_count": 3
    },
    {
      "best_epoch": 20,
      "early_stopping_monitor": null,
      "epochs_ran": 20,
      "fold": 4,
      "macro_f1": 0.21851851851851853,
      "macro_pr_auc": 0.7154026131865466,
      "macro_recall": 0.16905901116427433,
      "per_code": {
        "blur": {
          "f1": 0.5555555555555556,
          "pr_auc": 0.734942834942835,
          "recall": 0.45454545454545453,
          "valid_positive_count": 11
        },
        "flash": {
          "f1": 0.1,
          "pr_auc": 0.9945983379501384,
          "recall": 0.05263157894736842,
          "valid_positive_count": 19
        },
        "tunnel": {
          "f1": 0.0,
          "pr_auc": 0.41666666666666663,
          "recall": 0.0,
          "valid_positive_count": 2
        }
      },
      "threshold": 0.5,
      "valid_code_count": 3
    }
  ],
  "fold_scheme": "weld_independent",
  "mode": "window_mil",
  "run_folds": [
    0,
    1,
    2,
    3,
    4
  ],
  "sample_count": 101
}
