{
  "aggregator": "gated_attention",
  "completed_fold_count": 5,
  "fold_count": 5,
  "fold_metrics": [
    {
      "best_epoch": 20,
      "early_stopping_monitor": null,
      "epochs_ran": 20,
      "fold": 0,
      "macro_f1": 0.5284780578898226,
      "macro_pr_auc": 0.5834879226412595,
      "macro_recall": 0.5016835016835017,
      "per_code": {
        "blur": {
          "f1": 0.7619047619047619,
          "pr_auc": 0.7810606060606061,
          "recall": 0.7272727272727273,
          "valid_positive_count": 11
        },
        "flash": {
          "f1": 0.8235294117647058,
          "pr_auc": 0.8793296324514075,
          "recall": 0.7777777777777778,
          "valid_positive_count": 18
        },
        "tunnel": {
          "f1": 0.0,
          "pr_auc": 0.0900735294117647,
          "recall": 0.0,
          "valid_positive_count": 2
        }
      },
      "threshold": 0.5,
      "valid_code_count": 3
    },
    {
      "best_epoch": 20,
      "early_stopping_monitor": null,
      "epochs_ran": 20,
      "fold": 1,
      "macro_f1": 0.5053140096618357,
      "macro_pr_auc": 0.6344431561202784,
      "macro_recall": 0.49298245614035086,
      "per_code": {
        "blur": {
          "f1": 0.782608695652174,
          "pr_auc": 0.7689177489177489,
          "recall": 0.9,
          "valid_positive_count": 10
        },
        "flash": {
          "f1": 0.7333333333333333,
          "pr_auc": 0.988578386109753,
          "recall": 0.5789473684210527,
          "valid_positive_count": 19
        },
        "tunnel": {
          "f1": 0.0,
          "pr_auc": 0.14583333333333331,
          "recall": 0.0,
          "valid_positive_count": 2
        }
      },
      "threshold": 0.5,
      "valid_code_count": 3
    },
    {
      "best_epoch": 20,
      "early_stopping_monitor": null,
      "epochs_ran": 20,
      "fold": 2,
      "macro_f1": 0.5595238095238094,
      "macro_pr_auc": 0.7115961822672897,
      "macro_recall": 0.6060606060606061,
      "per_code": {
        "blur": {
          "f1": 0.75,
          "pr_auc": 0.9010016432265238,
          "recall": 0.8181818181818182,
          "valid_positive_count": 11
        },
        "flash": {
          "f1": 0.6428571428571429,
          "pr_auc": 0.9171202369086786,
          "recall": 0.5,
          "valid_positive_count": 18
        },
        "tunnel": {
          "f1": 0.2857142857142857,
          "pr_auc": 0.31666666666666665,
          "recall": 0.5,
          "valid_positive_count": 2
        }
      },
      "threshold": 0.5,
      "valid_code_count": 3
    },
    {
      "best_epoch": 20,
      "early_stopping_monitor": null,
      "epochs_ran": 20,
      "fold": 3,
      "macro_f1": 0.13333333333333333,
      "macro_pr_auc": 0.6609349877052836,
      "macro_recall": 0.16666666666666666,
      "per_code": {
        "blur": {
          "f1": 0.0,
          "pr_auc": 0.7254166666666666,
          "recall": 0.0,
          "valid_positive_count": 10
        },
        "flash": {
          "f1": 0.0,
          "pr_auc": 0.9907216297825174,
          "recall": 0.0,
          "valid_positive_count": 18
        },
        "tunnel": {
          "f1": 0.4,
          "pr_auc": 0.26666666666666666,
          "recall": 0.5,
          "valid_positive_count": 2
        }
      },
      "threshold": 0.5,
      "valid_code_count": 3
    },
    {
      "best_epoch": 20,
      "early_stopping_monitor": null,
      "epochs_ran": 20,
      "fold": 4,
      "macro_f1": 0.41837732160312807,
      "macro_pr_auc": 0.6027985949710732,
      "macro_recall": 0.3748006379585327,
      "per_code": {
        "blur": {
          "f1": 0.5454545454545454,
          "pr_auc": 0.6174038036267138,
          "recall": 0.5454545454545454,
          "valid_positive_count": 11
        },
        "flash": {
          "f1": 0.7096774193548387,
          "pr_auc": 0.9648015050960299,
          "recall": 0.5789473684210527,
          "valid_positive_count": 19
        },
        "tunnel": {
          "f1": 0.0,
          "pr_auc": 0.22619047619047616,
          "recall": 0.0,
          "valid_positive_count": 2
        }
      },
      "threshold": 0.5,
      "valid_code_count": 3
    }
  ],
  "fold_scheme": "weld_independent",
  "mode": "window_mil",
  "run_folds": [
    0,
    1,
    2,
    3,
    4
  ],
  "sample_count": 101
}
