{
  "aggregator": "mean",
  "fold_count": 5,
  "fold_metrics": [
    {
      "best_epoch": 20,
      "early_stopping_monitor": null,
      "epochs_ran": 20,
      "fold": 0,
      "macro_f1": 0.7595520421607378,
      "macro_pr_auc": 0.9264739095547175,
      "macro_recall": 0.914141414141414,
      "per_code": {
        "blur": {
          "f1": 0.8695652173913043,
          "pr_auc": 0.7880637039727947,
          "recall": 0.9090909090909091,
          "valid_positive_count": 11
        },
        "flash": {
          "f1": 0.9090909090909091,
          "pr_auc": 0.9913580246913581,
          "recall": 0.8333333333333334,
          "valid_positive_count": 18
        },
        "tunnel": {
          "f1": 0.5,
          "pr_auc": 1.0,
          "recall": 1.0,
          "valid_positive_count": 2
        }
      },
      "threshold": 0.5,
      "valid_code_count": 3
    },
    {
      "best_epoch": 20,
      "early_stopping_monitor": null,
      "epochs_ran": 20,
      "fold": 1,
      "macro_f1": 0.4838533114395183,
      "macro_pr_auc": 0.8211710088775428,
      "macro_recall": 0.4421052631578948,
      "per_code": {
        "blur": {
          "f1": 0.7619047619047619,
          "pr_auc": 0.8916013071895424,
          "recall": 0.8,
          "valid_positive_count": 10
        },
        "flash": {
          "f1": 0.6896551724137931,
          "pr_auc": 0.988578386109753,
          "recall": 0.5263157894736842,
          "valid_positive_count": 19
        },
        "tunnel": {
          "f1": 0.0,
          "pr_auc": 0.5833333333333333,
          "recall": 0.0,
          "valid_positive_count": 2
        }
      },
      "threshold": 0.5,
      "valid_code_count": 3
    },
    {
      "best_epoch": 20,
      "early_stopping_monitor": null,
      "epochs_ran": 20,
      "fold": 2,
      "macro_f1": 0.6726190476190476,
      "macro_pr_auc": 0.859285647480092,
      "macro_recall": 0.6986531986531986,
      "per_code": {
        "blur": {
          "f1": 0.8571428571428571,
          "pr_auc": 0.9527629233511588,
          "recall": 0.8181818181818182,
          "valid_positive_count": 11
        },
        "flash": {
          "f1": 0.875,
          "pr_auc": 0.9822368762319744,
          "recall": 0.7777777777777778,
          "valid_positive_count": 18
        },
        "tunnel": {
          "f1": 0.2857142857142857,
          "pr_auc": 0.6428571428571428,
          "recall": 0.5,
          "valid_positive_count": 2
        }
      },
      "threshold": 0.5,
      "valid_code_count": 3
    },
    {
      "best_epoch": 20,
      "early_stopping_monitor": null,
      "epochs_ran": 20,
      "fold": 3,
      "macro_f1": 0.7002419842710225,
      "macro_pr_auc": 0.7991534391534391,
      "macro_recall": 0.6370370370370371,
      "per_code": {
        "blur": {
          "f1": 0.8421052631578947,
          "pr_auc": 0.7546031746031746,
          "recall": 0.8,
          "valid_positive_count": 10
        },
        "flash": {
          "f1": 0.7586206896551724,
          "pr_auc": 1.0,
          "recall": 0.6111111111111112,
          "valid_positive_count": 18
        },
        "tunnel": {
          "f1": 0.5,
          "pr_auc": 0.6428571428571428,
          "recall": 0.5,
          "valid_positive_count": 2
        }
      },
      "threshold": 0.5,
      "valid_code_count": 3
    },
    {
      "best_epoch": 20,
      "early_stopping_monitor": null,
      "epochs_ran": 20,
      "fold": 4,
      "macro_f1": 0.7701418108150225,
      "macro_pr_auc": 0.9093899809210813,
      "macro_recall": 0.84688995215311,
      "per_code": {
        "blur": {
          "f1": 0.8695652173913043,
          "pr_auc": 0.8974681883772793,
          "recall": 0.9090909090909091,
          "valid_positive_count": 11
        },
        "flash": {
          "f1": 0.7741935483870968,
          "pr_auc": 0.9973684210526315,
          "recall": 0.631578947368421,
          "valid_positive_count": 19
        },
        "tunnel": {
          "f1": 0.6666666666666666,
          "pr_auc": 0.8333333333333333,
          "recall": 1.0,
          "valid_positive_count": 2
        }
      },
      "threshold": 0.5,
      "valid_code_count": 3
    }
  ],
  "fold_scheme": "weld_independent",
  "mode": "full_signal",
  "sample_count": 101
}
