{
  "aggregator": "topk_mean",
  "fold_count": 5,
  "fold_metrics": [
    {
      "best_epoch": 20,
      "early_stopping_monitor": null,
      "epochs_ran": 20,
      "fold": 0,
      "macro_f1": 0.7236024844720497,
      "macro_pr_auc": 0.7663934214744171,
      "macro_recall": 0.8333333333333334,
      "per_code": {
        "blur": {
          "f1": 0.9565217391304348,
          "pr_auc": 0.9536042240587697,
          "recall": 1.0,
          "valid_positive_count": 11
        },
        "flash": {
          "f1": 0.6428571428571429,
          "pr_auc": 0.9289093736978155,
          "recall": 0.5,
          "valid_positive_count": 18
        },
        "tunnel": {
          "f1": 0.5714285714285714,
          "pr_auc": 0.41666666666666663,
          "recall": 1.0,
          "valid_positive_count": 2
        }
      },
      "threshold": 0.5,
      "valid_code_count": 3
    },
    {
      "best_epoch": 20,
      "early_stopping_monitor": null,
      "epochs_ran": 20,
      "fold": 1,
      "macro_f1": 0.5645803471890428,
      "macro_pr_auc": 0.7284597925053359,
      "macro_recall": 0.6228070175438597,
      "per_code": {
        "blur": {
          "f1": 0.8695652173913043,
          "pr_auc": 0.8072333222333222,
          "recall": 1.0,
          "valid_positive_count": 10
        },
        "flash": {
          "f1": 0.5384615384615384,
          "pr_auc": 0.9852889124255426,
          "recall": 0.3684210526315789,
          "valid_positive_count": 19
        },
        "tunnel": {
          "f1": 0.2857142857142857,
          "pr_auc": 0.39285714285714285,
          "recall": 0.5,
          "valid_positive_count": 2
        }
      },
      "threshold": 0.5,
      "valid_code_count": 3
    },
    {
      "best_epoch": 20,
      "early_stopping_monitor": null,
      "epochs_ran": 20,
      "fold": 2,
      "macro_f1": 0.6900584795321637,
      "macro_pr_auc": 0.8271804728144442,
      "macro_recall": 0.5454545454545454,
      "per_code": {
        "blur": {
          "f1": 0.7368421052631579,
          "pr_auc": 0.9406172110717566,
          "recall": 0.6363636363636364,
          "valid_positive_count": 11
        },
        "flash": {
          "f1": 0.6666666666666666,
          "pr_auc": 0.9298130962604647,
          "recall": 0.5,
          "valid_positive_count": 18
        },
        "tunnel": {
          "f1": 0.6666666666666666,
          "pr_auc": 0.6111111111111112,
          "recall": 0.5,
          "valid_positive_count": 2
        }
      },
      "threshold": 0.5,
      "valid_code_count": 3
    },
    {
      "best_epoch": 20,
      "early_stopping_monitor": null,
      "epochs_ran": 20,
      "fold": 3,
      "macro_f1": 0.6041666666666667,
      "macro_pr_auc": 0.6925881947970871,
      "macro_recall": 0.7074074074074074,
      "per_code": {
        "blur": {
          "f1": 0.8181818181818182,
          "pr_auc": 0.9426315789473684,
          "recall": 0.9,
          "valid_positive_count": 10
        },
        "flash": {
          "f1": 0.8125,
          "pr_auc": 0.9795774498883376,
          "recall": 0.7222222222222222,
          "valid_positive_count": 18
        },
        "tunnel": {
          "f1": 0.18181818181818182,
          "pr_auc": 0.15555555555555556,
          "recall": 0.5,
          "valid_positive_count": 2
        }
      },
      "threshold": 0.5,
      "valid_code_count": 3
    },
    {
      "best_epoch": 20,
      "early_stopping_monitor": null,
      "epochs_ran": 20,
      "fold": 4,
      "macro_f1": 0.6924803591470258,
      "macro_pr_auc": 0.894681469994956,
      "macro_recall": 0.7464114832535885,
      "per_code": {
        "blur": {
          "f1": 0.8181818181818182,
          "pr_auc": 0.8689309361558166,
          "recall": 0.8181818181818182,
          "valid_positive_count": 11
        },
        "flash": {
          "f1": 0.5925925925925926,
          "pr_auc": 0.981780140495718,
          "recall": 0.42105263157894735,
          "valid_positive_count": 19
        },
        "tunnel": {
          "f1": 0.6666666666666666,
          "pr_auc": 0.8333333333333333,
          "recall": 1.0,
          "valid_positive_count": 2
        }
      },
      "threshold": 0.5,
      "valid_code_count": 3
    }
  ],
  "fold_scheme": "weld_independent",
  "mode": "window_mil",
  "sample_count": 101
}
