{
  "aggregator": "gated_attention",
  "completed_fold_count": 5,
  "fold_count": 5,
  "fold_metrics": [
    {
      "amp_enabled": false,
      "augmentation_enabled": false,
      "best_epoch": 20,
      "early_stopping_monitor": null,
      "epochs_ran": 20,
      "fold": 0,
      "macro_f1": 0.4646464646464647,
      "macro_pr_auc": 0.5741613952591765,
      "macro_recall": 0.4276094276094276,
      "per_code": {
        "blur": {
          "f1": 0.7272727272727273,
          "pr_auc": 0.8246198246198246,
          "recall": 0.7272727272727273,
          "valid_positive_count": 11
        },
        "flash": {
          "f1": 0.6666666666666666,
          "pr_auc": 0.8077908317459402,
          "recall": 0.5555555555555556,
          "valid_positive_count": 18
        },
        "tunnel": {
          "f1": 0.0,
          "pr_auc": 0.0900735294117647,
          "recall": 0.0,
          "valid_positive_count": 2
        }
      },
      "scheduler": "none",
      "threshold": 0.5,
      "training_history": [
        {
          "gradient_norm_max": 2.468787818933049,
          "gradient_norm_mean": 0.9295604244842763,
          "learning_rate": 0.001
        },
        {
          "gradient_norm_max": 1.9360143343527658,
          "gradient_norm_mean": 0.7701189935292237,
          "learning_rate": 0.001
        },
        {
          "gradient_norm_max": 1.9783979182533353,
          "gradient_norm_mean": 0.7453218951484324,
          "learning_rate": 0.001
        },
        {
          "gradient_norm_max": 1.7787163121453156,
          "gradient_norm_mean": 0.7184713804845304,
          "learning_rate": 0.001
        },
        {
          "gradient_norm_max": 1.5477881776123563,
          "gradient_norm_mean": 0.815565702410977,
          "learning_rate": 0.001
        },
        {
          "gradient_norm_max": 4.725815414047882,
          "gradient_norm_mean": 1.1118901277878306,
          "learning_rate": 0.001
        },
        {
          "gradient_norm_max": 4.419688836430747,
          "gradient_norm_mean": 1.3222687766746586,
          "learning_rate": 0.001
        },
        {
          "gradient_norm_max": 4.043521968254386,
          "gradient_norm_mean": 1.334141907552002,
          "learning_rate": 0.001
        },
        {
          "gradient_norm_max": 4.66661090036578,
          "gradient_norm_mean": 1.3972957592845172,
          "learning_rate": 0.001
        },
        {
          "gradient_norm_max": 3.549076729350774,
          "gradient_norm_mean": 1.3549087338652672,
          "learning_rate": 0.001
        },
        {
          "gradient_norm_max": 3.7682175117535044,
          "gradient_norm_mean": 1.5910006449010883,
          "learning_rate": 0.001
        },
        {
          "gradient_norm_max": 5.76753046478379,
          "gradient_norm_mean": 1.8304240638713847,
          "learning_rate": 0.001
        },
        {
          "gradient_norm_max": 10.91983885215719,
          "gradient_norm_mean": 1.956320273882099,
          "learning_rate": 0.001
        },
        {
          "gradient_norm_max": 3.775807941771433,
          "gradient_norm_mean": 1.609217640479861,
          "learning_rate": 0.001
        },
        {
          "gradient_norm_max": 9.304172916745536,
          "gradient_norm_mean": 1.9408972901706636,
          "learning_rate": 0.001
        },
        {
          "gradient_norm_max": 5.742830045683622,
          "gradient_norm_mean": 1.3404678694240362,
          "learning_rate": 0.001
        },
        {
          "gradient_norm_max": 5.78129935604973,
          "gradient_norm_mean": 1.829499892770785,
          "learning_rate": 0.001
        },
        {
          "gradient_norm_max": 13.139775549161435,
          "gradient_norm_mean": 2.0855149119823984,
          "learning_rate": 0.001
        },
        {
          "gradient_norm_max": 2.394300546501565,
          "gradient_norm_mean": 1.2970038727167954,
          "learning_rate": 0.001
        },
        {
          "gradient_norm_max": 8.0076045864397,
          "gradient_norm_mean": 1.5897728234694837,
          "learning_rate": 0.001
        }
      ],
      "valid_code_count": 3
    },
    {
      "amp_enabled": false,
      "augmentation_enabled": false,
      "best_epoch": 20,
      "early_stopping_monitor": null,
      "epochs_ran": 20,
      "fold": 1,
      "macro_f1": 0.5472370766488414,
      "macro_pr_auc": 0.6644217009672444,
      "macro_recall": 0.5456140350877193,
      "per_code": {
        "blur": {
          "f1": 0.8181818181818182,
          "pr_auc": 0.8899206349206349,
          "recall": 0.9,
          "valid_positive_count": 10
        },
        "flash": {
          "f1": 0.8235294117647058,
          "pr_auc": 0.9852889124255426,
          "recall": 0.7368421052631579,
          "valid_positive_count": 19
        },
        "tunnel": {
          "f1": 0.0,
          "pr_auc": 0.11805555555555555,
          "recall": 0.0,
          "valid_positive_count": 2
        }
      },
      "scheduler": "none",
      "threshold": 0.5,
      "training_history": [
        {
          "gradient_norm_max": 2.5139412044452683,
          "gradient_norm_mean": 0.8339254586970629,
          "learning_rate": 0.001
        },
        {
          "gradient_norm_max": 1.659191864495649,
          "gradient_norm_mean": 0.6584692915948305,
          "learning_rate": 0.001
        },
        {
          "gradient_norm_max": 1.513636837232194,
          "gradient_norm_mean": 0.6752794776471125,
          "learning_rate": 0.001
        },
        {
          "gradient_norm_max": 2.6747098015874156,
          "gradient_norm_mean": 0.7574813448707323,
          "learning_rate": 0.001
        },
        {
          "gradient_norm_max": 2.8183413735878893,
          "gradient_norm_mean": 0.7710185506776328,
          "learning_rate": 0.001
        },
        {
          "gradient_norm_max": 1.7077046731117478,
          "gradient_norm_mean": 0.7100627506239053,
          "learning_rate": 0.001
        },
        {
          "gradient_norm_max": 2.244265880590075,
          "gradient_norm_mean": 0.9956367630998261,
          "learning_rate": 0.001
        },
        {
          "gradient_norm_max": 3.33676355561376,
          "gradient_norm_mean": 1.2117039318483211,
          "learning_rate": 0.001
        },
        {
          "gradient_norm_max": 6.337753862937767,
          "gradient_norm_mean": 1.478901683273138,
          "learning_rate": 0.001
        },
        {
          "gradient_norm_max": 3.267757062685424,
          "gradient_norm_mean": 1.065145779317835,
          "learning_rate": 0.001
        },
        {
          "gradient_norm_max": 5.701889251872071,
          "gradient_norm_mean": 1.305554573284794,
          "learning_rate": 0.001
        },
        {
          "gradient_norm_max": 6.063509558539359,
          "gradient_norm_mean": 1.6240491979548788,
          "learning_rate": 0.001
        },
        {
          "gradient_norm_max": 3.5842128095332404,
          "gradient_norm_mean": 1.3250389927048374,
          "learning_rate": 0.001
        },
        {
          "gradient_norm_max": 39.53179988122898,
          "gradient_norm_mean": 3.568958842894639,
          "learning_rate": 0.001
        },
        {
          "gradient_norm_max": 5.869271043680804,
          "gradient_norm_mean": 1.8257117884894338,
          "learning_rate": 0.001
        },
        {
          "gradient_norm_max": 13.183874291331426,
          "gradient_norm_mean": 2.274930698830378,
          "learning_rate": 0.001
        },
        {
          "gradient_norm_max": 6.515660275866506,
          "gradient_norm_mean": 1.3613787158315545,
          "learning_rate": 0.001
        },
        {
          "gradient_norm_max": 7.132599542922744,
          "gradient_norm_mean": 1.6570988292814985,
          "learning_rate": 0.001
        },
        {
          "gradient_norm_max": 2.880192320481859,
          "gradient_norm_mean": 1.0164871904894466,
          "learning_rate": 0.001
        },
        {
          "gradient_norm_max": 8.700507106604144,
          "gradient_norm_mean": 2.013551543800788,
          "learning_rate": 0.001
        }
      ],
      "valid_code_count": 3
    },
    {
      "amp_enabled": false,
      "augmentation_enabled": false,
      "best_epoch": 20,
      "early_stopping_monitor": null,
      "epochs_ran": 20,
      "fold": 2,
      "macro_f1": 0.64640522875817,
      "macro_pr_auc": 0.7901416931022195,
      "macro_recall": 0.5521885521885522,
      "per_code": {
        "blur": {
          "f1": 0.7058823529411765,
          "pr_auc": 0.9051438757321111,
          "recall": 0.5454545454545454,
          "valid_positive_count": 11
        },
        "flash": {
          "f1": 0.7333333333333333,
          "pr_auc": 0.9652812035745474,
          "recall": 0.6111111111111112,
          "valid_positive_count": 18
        },
        "tunnel": {
          "f1": 0.5,
          "pr_auc": 0.5,
          "recall": 0.5,
          "valid_positive_count": 2
        }
      },
      "scheduler": "none",
      "threshold": 0.5,
      "training_history": [
        {
          "gradient_norm_max": 2.635877595328794,
          "gradient_norm_mean": 0.7727417317467827,
          "learning_rate": 0.001
        },
        {
          "gradient_norm_max": 1.767497264459846,
          "gradient_norm_mean": 0.6620562059503362,
          "learning_rate": 0.001
        },
        {
          "gradient_norm_max": 1.9398857087439958,
          "gradient_norm_mean": 0.6535463727351303,
          "learning_rate": 0.001
        },
        {
          "gradient_norm_max": 1.8108429809059086,
          "gradient_norm_mean": 0.7116583564424165,
          "learning_rate": 0.001
        },
        {
          "gradient_norm_max": 1.8801950722625222,
          "gradient_norm_mean": 0.8952315260702832,
          "learning_rate": 0.001
        },
        {
          "gradient_norm_max": 4.153347946131501,
          "gradient_norm_mean": 0.9388770369113415,
          "learning_rate": 0.001
        },
        {
          "gradient_norm_max": 1.645357360787354,
          "gradient_norm_mean": 0.8542358798927608,
          "learning_rate": 0.001
        },
        {
          "gradient_norm_max": 2.558894118018459,
          "gradient_norm_mean": 1.027341713787657,
          "learning_rate": 0.001
        },
        {
          "gradient_norm_max": 3.236550422159741,
          "gradient_norm_mean": 1.1587195549176816,
          "learning_rate": 0.001
        },
        {
          "gradient_norm_max": 4.506990454230984,
          "gradient_norm_mean": 1.4489588135977383,
          "learning_rate": 0.001
        },
        {
          "gradient_norm_max": 2.182699786617997,
          "gradient_norm_mean": 1.1313669303712337,
          "learning_rate": 0.001
        },
        {
          "gradient_norm_max": 3.853866145140937,
          "gradient_norm_mean": 1.279368991630933,
          "learning_rate": 0.001
        },
        {
          "gradient_norm_max": 9.435789739383196,
          "gradient_norm_mean": 2.010115919569165,
          "learning_rate": 0.001
        },
        {
          "gradient_norm_max": 3.332970157079149,
          "gradient_norm_mean": 1.4440002291831315,
          "learning_rate": 0.001
        },
        {
          "gradient_norm_max": 4.471507071564255,
          "gradient_norm_mean": 1.5094316881504615,
          "learning_rate": 0.001
        },
        {
          "gradient_norm_max": 5.617162174694092,
          "gradient_norm_mean": 1.2276307948026557,
          "learning_rate": 0.001
        },
        {
          "gradient_norm_max": 2.772385929824008,
          "gradient_norm_mean": 1.0814255652868552,
          "learning_rate": 0.001
        },
        {
          "gradient_norm_max": 4.793207884226897,
          "gradient_norm_mean": 1.317191605363369,
          "learning_rate": 0.001
        },
        {
          "gradient_norm_max": 7.708159516196998,
          "gradient_norm_mean": 1.7504663557396647,
          "learning_rate": 0.001
        },
        {
          "gradient_norm_max": 2.9107996001265866,
          "gradient_norm_mean": 1.3363130151077391,
          "learning_rate": 0.001
        }
      ],
      "valid_code_count": 3
    },
    {
      "amp_enabled": false,
      "augmentation_enabled": false,
      "best_epoch": 20,
      "early_stopping_monitor": null,
      "epochs_ran": 20,
      "fold": 3,
      "macro_f1": 0.6648536648536648,
      "macro_pr_auc": 0.8257865282865282,
      "macro_recall": 0.8444444444444444,
      "per_code": {
        "blur": {
          "f1": 0.7777777777777778,
          "pr_auc": 0.8523595848595847,
          "recall": 0.7,
          "valid_positive_count": 10
        },
        "flash": {
          "f1": 0.9090909090909091,
          "pr_auc": 1.0,
          "recall": 0.8333333333333334,
          "valid_positive_count": 18
        },
        "tunnel": {
          "f1": 0.3076923076923077,
          "pr_auc": 0.625,
          "recall": 1.0,
          "valid_positive_count": 2
        }
      },
      "scheduler": "none",
      "threshold": 0.5,
      "training_history": [
        {
          "gradient_norm_max": 3.81422723947296,
          "gradient_norm_mean": 0.9246197652973104,
          "learning_rate": 0.001
        },
        {
          "gradient_norm_max": 0.8800295483120949,
          "gradient_norm_mean": 0.5593846743445321,
          "learning_rate": 0.001
        },
        {
          "gradient_norm_max": 2.056318263425426,
          "gradient_norm_mean": 0.6145389213949076,
          "learning_rate": 0.001
        },
        {
          "gradient_norm_max": 1.9611615885336864,
          "gradient_norm_mean": 0.7164379440126025,
          "learning_rate": 0.001
        },
        {
          "gradient_norm_max": 3.710289453021462,
          "gradient_norm_mean": 0.8612986023353952,
          "learning_rate": 0.001
        },
        {
          "gradient_norm_max": 1.7279809960089458,
          "gradient_norm_mean": 0.6897764072873747,
          "learning_rate": 0.001
        },
        {
          "gradient_norm_max": 3.0616880380274583,
          "gradient_norm_mean": 1.0740455277479943,
          "learning_rate": 0.001
        },
        {
          "gradient_norm_max": 4.210774169766178,
          "gradient_norm_mean": 0.926676373862512,
          "learning_rate": 0.001
        },
        {
          "gradient_norm_max": 4.613566251926157,
          "gradient_norm_mean": 1.2371658689018268,
          "learning_rate": 0.001
        },
        {
          "gradient_norm_max": 3.697872048397296,
          "gradient_norm_mean": 1.262902099932666,
          "learning_rate": 0.001
        },
        {
          "gradient_norm_max": 4.081151613221568,
          "gradient_norm_mean": 1.1990622606364536,
          "learning_rate": 0.001
        },
        {
          "gradient_norm_max": 6.739918570794376,
          "gradient_norm_mean": 1.2389640024794861,
          "learning_rate": 0.001
        },
        {
          "gradient_norm_max": 3.4882296402765776,
          "gradient_norm_mean": 1.176717343562896,
          "learning_rate": 0.001
        },
        {
          "gradient_norm_max": 3.1234732533385205,
          "gradient_norm_mean": 1.326441198050126,
          "learning_rate": 0.001
        },
        {
          "gradient_norm_max": 3.893407411302364,
          "gradient_norm_mean": 1.1999210571666057,
          "learning_rate": 0.001
        },
        {
          "gradient_norm_max": 5.63132307544344,
          "gradient_norm_mean": 1.517803938821655,
          "learning_rate": 0.001
        },
        {
          "gradient_norm_max": 12.474619591047155,
          "gradient_norm_mean": 2.079205425839249,
          "learning_rate": 0.001
        },
        {
          "gradient_norm_max": 6.913471318039275,
          "gradient_norm_mean": 1.7141203333357329,
          "learning_rate": 0.001
        },
        {
          "gradient_norm_max": 6.1473455769761935,
          "gradient_norm_mean": 1.7182021820116848,
          "learning_rate": 0.001
        },
        {
          "gradient_norm_max": 5.6686828375705955,
          "gradient_norm_mean": 1.4094296671692097,
          "learning_rate": 0.001
        }
      ],
      "valid_code_count": 3
    },
    {
      "amp_enabled": false,
      "augmentation_enabled": false,
      "best_epoch": 20,
      "early_stopping_monitor": null,
      "epochs_ran": 20,
      "fold": 4,
      "macro_f1": 0.6307620383356709,
      "macro_pr_auc": 0.6483953586018926,
      "macro_recall": 0.799043062200957,
      "per_code": {
        "blur": {
          "f1": 0.782608695652174,
          "pr_auc": 0.6795472501354853,
          "recall": 0.8181818181818182,
          "valid_positive_count": 11
        },
        "flash": {
          "f1": 0.7096774193548387,
          "pr_auc": 0.973972159003526,
          "recall": 0.5789473684210527,
          "valid_positive_count": 19
        },
        "tunnel": {
          "f1": 0.4,
          "pr_auc": 0.29166666666666663,
          "recall": 1.0,
          "valid_positive_count": 2
        }
      },
      "scheduler": "none",
      "threshold": 0.5,
      "training_history": [
        {
          "gradient_norm_max": 1.4598800306659498,
          "gradient_norm_mean": 0.7434056754087952,
          "learning_rate": 0.001
        },
        {
          "gradient_norm_max": 4.001094879597756,
          "gradient_norm_mean": 0.8262814581653227,
          "learning_rate": 0.001
        },
        {
          "gradient_norm_max": 1.7586985208144439,
          "gradient_norm_mean": 0.6083780031288764,
          "learning_rate": 0.001
        },
        {
          "gradient_norm_max": 0.8862697768142123,
          "gradient_norm_mean": 0.5461910515078368,
          "learning_rate": 0.001
        },
        {
          "gradient_norm_max": 1.467477702866374,
          "gradient_norm_mean": 0.6325718067825072,
          "learning_rate": 0.001
        },
        {
          "gradient_norm_max": 2.1245904170731564,
          "gradient_norm_mean": 0.7950566041554036,
          "learning_rate": 0.001
        },
        {
          "gradient_norm_max": 2.5583782717864123,
          "gradient_norm_mean": 0.911883638615459,
          "learning_rate": 0.001
        },
        {
          "gradient_norm_max": 9.392677394623114,
          "gradient_norm_mean": 1.4545228930770056,
          "learning_rate": 0.001
        },
        {
          "gradient_norm_max": 1.882198296196847,
          "gradient_norm_mean": 1.0474556954169394,
          "learning_rate": 0.001
        },
        {
          "gradient_norm_max": 3.8528163995775713,
          "gradient_norm_mean": 1.2566370666899218,
          "learning_rate": 0.001
        },
        {
          "gradient_norm_max": 2.1844951060590905,
          "gradient_norm_mean": 1.0918500563147067,
          "learning_rate": 0.001
        },
        {
          "gradient_norm_max": 2.427153908829943,
          "gradient_norm_mean": 1.0633448476162368,
          "learning_rate": 0.001
        },
        {
          "gradient_norm_max": 7.085815226366111,
          "gradient_norm_mean": 1.499877027088014,
          "learning_rate": 0.001
        },
        {
          "gradient_norm_max": 2.945968008591712,
          "gradient_norm_mean": 1.3859054030868994,
          "learning_rate": 0.001
        },
        {
          "gradient_norm_max": 4.5205729086191075,
          "gradient_norm_mean": 1.3614263773185415,
          "learning_rate": 0.001
        },
        {
          "gradient_norm_max": 7.992669832422764,
          "gradient_norm_mean": 1.8700837634735237,
          "learning_rate": 0.001
        },
        {
          "gradient_norm_max": 4.552525089782897,
          "gradient_norm_mean": 1.708177982114145,
          "learning_rate": 0.001
        },
        {
          "gradient_norm_max": 3.5426364505973544,
          "gradient_norm_mean": 1.4848320526089944,
          "learning_rate": 0.001
        },
        {
          "gradient_norm_max": 4.162317010827213,
          "gradient_norm_mean": 1.565346345542102,
          "learning_rate": 0.001
        },
        {
          "gradient_norm_max": 18.601691406125582,
          "gradient_norm_mean": 2.5710948278107644,
          "learning_rate": 0.001
        }
      ],
      "valid_code_count": 3
    }
  ],
  "fold_scheme": "weld_independent",
  "mode": "window_mil",
  "run_folds": [
    0,
    1,
    2,
    3,
    4
  ],
  "sample_count": 101
}
