{
  "aggregator": "topk_mean",
  "completed_fold_count": 5,
  "fold_count": 5,
  "fold_metrics": [
    {
      "best_epoch": 20,
      "early_stopping_monitor": null,
      "epochs_ran": 20,
      "fold": 0,
      "macro_f1": 0.4754990925589837,
      "macro_pr_auc": 0.7369655448243183,
      "macro_recall": 0.39730639730639733,
      "per_code": {
        "blur": {
          "f1": 0.7368421052631579,
          "pr_auc": 0.9649678604224059,
          "recall": 0.6363636363636364,
          "valid_positive_count": 11
        },
        "flash": {
          "f1": 0.6896551724137931,
          "pr_auc": 0.9542621073838826,
          "recall": 0.5555555555555556,
          "valid_positive_count": 18
        },
        "tunnel": {
          "f1": 0.0,
          "pr_auc": 0.29166666666666663,
          "recall": 0.0,
          "valid_positive_count": 2
        }
      },
      "threshold": 0.5,
      "valid_code_count": 3
    },
    {
      "best_epoch": 20,
      "early_stopping_monitor": null,
      "epochs_ran": 20,
      "fold": 1,
      "macro_f1": 0.4527777777777778,
      "macro_pr_auc": 0.6978525293980727,
      "macro_recall": 0.35964912280701755,
      "per_code": {
        "blur": {
          "f1": 0.625,
          "pr_auc": 0.9063455988455987,
          "recall": 0.5,
          "valid_positive_count": 10
        },
        "flash": {
          "f1": 0.7333333333333333,
          "pr_auc": 0.9852889124255426,
          "recall": 0.5789473684210527,
          "valid_positive_count": 19
        },
        "tunnel": {
          "f1": 0.0,
          "pr_auc": 0.20192307692307693,
          "recall": 0.0,
          "valid_positive_count": 2
        }
      },
      "threshold": 0.5,
      "valid_code_count": 3
    },
    {
      "best_epoch": 20,
      "early_stopping_monitor": null,
      "epochs_ran": 20,
      "fold": 2,
      "macro_f1": 0.6775271512113618,
      "macro_pr_auc": 0.8384171936244521,
      "macro_recall": 0.6868686868686869,
      "per_code": {
        "blur": {
          "f1": 0.8421052631578947,
          "pr_auc": 0.9504495504495505,
          "recall": 0.7272727272727273,
          "valid_positive_count": 11
        },
        "flash": {
          "f1": 0.8571428571428571,
          "pr_auc": 0.9536909193126945,
          "recall": 0.8333333333333334,
          "valid_positive_count": 18
        },
        "tunnel": {
          "f1": 0.3333333333333333,
          "pr_auc": 0.6111111111111112,
          "recall": 0.5,
          "valid_positive_count": 2
        }
      },
      "threshold": 0.5,
      "valid_code_count": 3
    },
    {
      "best_epoch": 20,
      "early_stopping_monitor": null,
      "epochs_ran": 20,
      "fold": 3,
      "macro_f1": 0.6357142857142857,
      "macro_pr_auc": 0.6987145375900967,
      "macro_recall": 0.6888888888888888,
      "per_code": {
        "blur": {
          "f1": 0.8571428571428571,
          "pr_auc": 0.9144497607655503,
          "recall": 0.9,
          "valid_positive_count": 10
        },
        "flash": {
          "f1": 0.8,
          "pr_auc": 0.9872494075602952,
          "recall": 0.6666666666666666,
          "valid_positive_count": 18
        },
        "tunnel": {
          "f1": 0.25,
          "pr_auc": 0.19444444444444442,
          "recall": 0.5,
          "valid_positive_count": 2
        }
      },
      "threshold": 0.5,
      "valid_code_count": 3
    },
    {
      "best_epoch": 20,
      "early_stopping_monitor": null,
      "epochs_ran": 20,
      "fold": 4,
      "macro_f1": 0.7864067966016991,
      "macro_pr_auc": 0.9027927787641595,
      "macro_recall": 0.8118022328548644,
      "per_code": {
        "blur": {
          "f1": 0.8695652173913043,
          "pr_auc": 0.9054588088678999,
          "recall": 0.9090909090909091,
          "valid_positive_count": 11
        },
        "flash": {
          "f1": 0.6896551724137931,
          "pr_auc": 0.9695861940912454,
          "recall": 0.5263157894736842,
          "valid_positive_count": 19
        },
        "tunnel": {
          "f1": 0.8,
          "pr_auc": 0.8333333333333333,
          "recall": 1.0,
          "valid_positive_count": 2
        }
      },
      "threshold": 0.5,
      "valid_code_count": 3
    }
  ],
  "fold_scheme": "weld_independent",
  "mode": "window_mil",
  "run_folds": [
    0,
    1,
    2,
    3,
    4
  ],
  "sample_count": 101
}
