{
  "aggregator": "topk_mean",
  "completed_fold_count": 5,
  "fold_count": 5,
  "fold_metrics": [
    {
      "best_epoch": 20,
      "early_stopping_monitor": null,
      "epochs_ran": 20,
      "fold": 0,
      "macro_f1": 0.5078431372549019,
      "macro_pr_auc": 0.587762961025775,
      "macro_recall": 0.4713804713804714,
      "per_code": {
        "blur": {
          "f1": 0.7,
          "pr_auc": 0.6823953823953823,
          "recall": 0.6363636363636364,
          "valid_positive_count": 11
        },
        "flash": {
          "f1": 0.8235294117647058,
          "pr_auc": 0.9072823895708313,
          "recall": 0.7777777777777778,
          "valid_positive_count": 18
        },
        "tunnel": {
          "f1": 0.0,
          "pr_auc": 0.1736111111111111,
          "recall": 0.0,
          "valid_positive_count": 2
        }
      },
      "threshold": 0.5,
      "valid_code_count": 3
    },
    {
      "best_epoch": 20,
      "early_stopping_monitor": null,
      "epochs_ran": 20,
      "fold": 1,
      "macro_f1": 0.46160856687172475,
      "macro_pr_auc": 0.6078428436647028,
      "macro_recall": 0.5070175438596491,
      "per_code": {
        "blur": {
          "f1": 0.631578947368421,
          "pr_auc": 0.7484722222222221,
          "recall": 0.6,
          "valid_positive_count": 10
        },
        "flash": {
          "f1": 0.5714285714285714,
          "pr_auc": 0.9202944040099814,
          "recall": 0.42105263157894735,
          "valid_positive_count": 19
        },
        "tunnel": {
          "f1": 0.18181818181818182,
          "pr_auc": 0.15476190476190477,
          "recall": 0.5,
          "valid_positive_count": 2
        }
      },
      "threshold": 0.5,
      "valid_code_count": 3
    },
    {
      "best_epoch": 20,
      "early_stopping_monitor": null,
      "epochs_ran": 20,
      "fold": 2,
      "macro_f1": 0.5311355311355311,
      "macro_pr_auc": 0.8030388659927078,
      "macro_recall": 0.5875420875420875,
      "per_code": {
        "blur": {
          "f1": 0.6923076923076923,
          "pr_auc": 0.7571214139395958,
          "recall": 0.8181818181818182,
          "valid_positive_count": 11
        },
        "flash": {
          "f1": 0.6153846153846154,
          "pr_auc": 0.9853285173718611,
          "recall": 0.4444444444444444,
          "valid_positive_count": 18
        },
        "tunnel": {
          "f1": 0.2857142857142857,
          "pr_auc": 0.6666666666666666,
          "recall": 0.5,
          "valid_positive_count": 2
        }
      },
      "threshold": 0.5,
      "valid_code_count": 3
    },
    {
      "best_epoch": 20,
      "early_stopping_monitor": null,
      "epochs_ran": 20,
      "fold": 3,
      "macro_f1": 0.5181657848324515,
      "macro_pr_auc": 0.6969079712952261,
      "macro_recall": 0.5814814814814815,
      "per_code": {
        "blur": {
          "f1": 0.7619047619047619,
          "pr_auc": 0.8969336219336218,
          "recall": 0.8,
          "valid_positive_count": 10
        },
        "flash": {
          "f1": 0.5925925925925926,
          "pr_auc": 0.916012514174279,
          "recall": 0.4444444444444444,
          "valid_positive_count": 18
        },
        "tunnel": {
          "f1": 0.2,
          "pr_auc": 0.2777777777777778,
          "recall": 0.5,
          "valid_positive_count": 2
        }
      },
      "threshold": 0.5,
      "valid_code_count": 3
    },
    {
      "best_epoch": 20,
      "early_stopping_monitor": null,
      "epochs_ran": 20,
      "fold": 4,
      "macro_f1": 0.5824561403508772,
      "macro_pr_auc": 0.7283818217223271,
      "macro_recall": 0.6188197767145135,
      "per_code": {
        "blur": {
          "f1": 0.8,
          "pr_auc": 0.9404580565008374,
          "recall": 0.9090909090909091,
          "valid_positive_count": 11
        },
        "flash": {
          "f1": 0.9473684210526315,
          "pr_auc": 0.9780207419994773,
          "recall": 0.9473684210526315,
          "valid_positive_count": 19
        },
        "tunnel": {
          "f1": 0.0,
          "pr_auc": 0.26666666666666666,
          "recall": 0.0,
          "valid_positive_count": 2
        }
      },
      "threshold": 0.5,
      "valid_code_count": 3
    }
  ],
  "fold_scheme": "weld_independent",
  "mode": "window_mil",
  "run_folds": [
    0,
    1,
    2,
    3,
    4
  ],
  "sample_count": 101
}
