{
  "aggregator": "gated_attention",
  "completed_fold_count": 1,
  "fold_count": 5,
  "fold_metrics": [
    {
      "best_epoch": 20,
      "early_stopping_monitor": null,
      "epochs_ran": 20,
      "fold": 0,
      "macro_f1": 0.6178451178451178,
      "macro_pr_auc": 0.7176533641365787,
      "macro_recall": 0.6178451178451178,
      "per_code": {
        "blur": {
          "f1": 0.9090909090909091,
          "pr_auc": 0.9649678604224059,
          "recall": 0.9090909090909091,
          "valid_positive_count": 11
        },
        "flash": {
          "f1": 0.9444444444444444,
          "pr_auc": 0.9629922319873301,
          "recall": 0.9444444444444444,
          "valid_positive_count": 18
        },
        "tunnel": {
          "f1": 0.0,
          "pr_auc": 0.225,
          "recall": 0.0,
          "valid_positive_count": 2
        }
      },
      "threshold": 0.5,
      "valid_code_count": 3
    }
  ],
  "fold_scheme": "weld_independent",
  "mode": "window_mil",
  "run_folds": [
    0
  ],
  "sample_count": 20
}
