{
  "aggregator": "max",
  "fold_count": 5,
  "fold_metrics": [
    {
      "fold": 0,
      "macro_f1": 0.5905359008807284,
      "macro_pr_auc": 0.8157311410976499,
      "macro_recall": 0.565686274509804,
      "per_code": {
        "blur": {
          "f1": 0.7272727272727273,
          "pr_auc": 0.8757783882783882,
          "recall": 0.8,
          "valid_positive_count": 10
        },
        "flash": {
          "f1": 0.7586206896551724,
          "pr_auc": 0.9642721778717044,
          "recall": 0.6470588235294118,
          "valid_positive_count": 17
        },
        "tunnel": {
          "f1": 0.2857142857142857,
          "pr_auc": 0.6071428571428572,
          "recall": 0.25,
          "valid_positive_count": 4
        }
      },
      "threshold": 0.5,
      "valid_code_count": 3
    },
    {
      "fold": 1,
      "macro_f1": 0.7821969696969697,
      "macro_pr_auc": 0.9514178582360401,
      "macro_recall": 0.810966810966811,
      "per_code": {
        "blur": {
          "f1": 0.9090909090909091,
          "pr_auc": 0.85425357470812,
          "recall": 0.9090909090909091,
          "valid_positive_count": 11
        },
        "flash": {
          "f1": 0.6875,
          "pr_auc": 1.0000000000000002,
          "recall": 0.5238095238095238,
          "valid_positive_count": 21
        },
        "tunnel": {
          "f1": 0.75,
          "pr_auc": 1.0,
          "recall": 1.0,
          "valid_positive_count": 3
        }
      },
      "threshold": 0.5,
      "valid_code_count": 3
    },
    {
      "fold": 2,
      "macro_f1": 0.6232439335887612,
      "macro_pr_auc": 0.7718547912992357,
      "macro_recall": 0.6111111111111112,
      "per_code": {
        "blur": {
          "f1": 0.6666666666666666,
          "pr_auc": 0.9282627865961199,
          "recall": 0.5555555555555556,
          "valid_positive_count": 9
        },
        "flash": {
          "f1": 0.7586206896551724,
          "pr_auc": 1.0,
          "recall": 0.6111111111111112,
          "valid_positive_count": 18
        },
        "tunnel": {
          "f1": 0.4444444444444444,
          "pr_auc": 0.3873015873015873,
          "recall": 0.6666666666666666,
          "valid_positive_count": 3
        }
      },
      "threshold": 0.5,
      "valid_code_count": 3
    },
    {
      "fold": 3,
      "macro_f1": 0.6338383838383839,
      "macro_pr_auc": 0.6163257259687598,
      "macro_recall": 0.6148325358851674,
      "per_code": {
        "blur": {
          "f1": 0.5454545454545454,
          "pr_auc": 0.49273203739606897,
          "recall": 0.5454545454545454,
          "valid_positive_count": 11
        },
        "flash": {
          "f1": 0.7222222222222222,
          "pr_auc": 0.7399194145414505,
          "recall": 0.6842105263157895,
          "valid_positive_count": 19
        },
        "tunnel": {
          "f1": null,
          "pr_auc": null,
          "recall": null,
          "valid_positive_count": 0
        }
      },
      "threshold": 0.5,
      "valid_code_count": 2
    },
    {
      "fold": 4,
      "macro_f1": 0.6150793650793651,
      "macro_pr_auc": 0.8057121806717737,
      "macro_recall": 0.4901960784313726,
      "per_code": {
        "blur": {
          "f1": 0.4444444444444444,
          "pr_auc": 0.6516523101081925,
          "recall": 0.3333333333333333,
          "valid_positive_count": 12
        },
        "flash": {
          "f1": 0.7857142857142857,
          "pr_auc": 0.9597720512353549,
          "recall": 0.6470588235294118,
          "valid_positive_count": 17
        },
        "tunnel": {
          "f1": null,
          "pr_auc": null,
          "recall": null,
          "valid_positive_count": 0
        }
      },
      "threshold": 0.5,
      "valid_code_count": 2
    }
  ],
  "mode": "window_mil",
  "sample_count": 101
}
