{
  "aggregator": "mean",
  "completed_fold_count": 5,
  "fold_count": 5,
  "fold_metrics": [
    {
      "best_epoch": 20,
      "early_stopping_monitor": null,
      "epochs_ran": 20,
      "fold": 0,
      "macro_f1": 0.49096880131362886,
      "macro_pr_auc": 0.6052911041926584,
      "macro_recall": 0.5521885521885522,
      "per_code": {
        "blur": {
          "f1": 0.5714285714285714,
          "pr_auc": 0.7213284487348658,
          "recall": 0.5454545454545454,
          "valid_positive_count": 11
        },
        "flash": {
          "f1": 0.7586206896551724,
          "pr_auc": 0.9824236517218974,
          "recall": 0.6111111111111112,
          "valid_positive_count": 18
        },
        "tunnel": {
          "f1": 0.14285714285714285,
          "pr_auc": 0.11212121212121212,
          "recall": 0.5,
          "valid_positive_count": 2
        }
      },
      "threshold": 0.5,
      "valid_code_count": 3
    },
    {
      "best_epoch": 20,
      "early_stopping_monitor": null,
      "epochs_ran": 20,
      "fold": 1,
      "macro_f1": 0.5682539682539682,
      "macro_pr_auc": 0.6256115710386934,
      "macro_recall": 0.7403508771929825,
      "per_code": {
        "blur": {
          "f1": 0.8,
          "pr_auc": 0.7789087301587301,
          "recall": 0.8,
          "valid_positive_count": 10
        },
        "flash": {
          "f1": 0.5714285714285714,
          "pr_auc": 0.8895926496240167,
          "recall": 0.42105263157894735,
          "valid_positive_count": 19
        },
        "tunnel": {
          "f1": 0.3333333333333333,
          "pr_auc": 0.20833333333333331,
          "recall": 1.0,
          "valid_positive_count": 2
        }
      },
      "threshold": 0.5,
      "valid_code_count": 3
    },
    {
      "best_epoch": 20,
      "early_stopping_monitor": null,
      "epochs_ran": 20,
      "fold": 2,
      "macro_f1": 0.5180246913580246,
      "macro_pr_auc": 0.6878818331110214,
      "macro_recall": 0.5808080808080808,
      "per_code": {
        "blur": {
          "f1": 0.7407407407407407,
          "pr_auc": 0.7389461845344197,
          "recall": 0.9090909090909091,
          "valid_positive_count": 11
        },
        "flash": {
          "f1": 0.48,
          "pr_auc": 0.874699314798644,
          "recall": 0.3333333333333333,
          "valid_positive_count": 18
        },
        "tunnel": {
          "f1": 0.3333333333333333,
          "pr_auc": 0.45,
          "recall": 0.5,
          "valid_positive_count": 2
        }
      },
      "threshold": 0.5,
      "valid_code_count": 3
    },
    {
      "best_epoch": 20,
      "early_stopping_monitor": null,
      "epochs_ran": 20,
      "fold": 3,
      "macro_f1": 0.5092063492063491,
      "macro_pr_auc": 0.6512255786550593,
      "macro_recall": 0.5444444444444444,
      "per_code": {
        "blur": {
          "f1": 0.7619047619047619,
          "pr_auc": 0.7744977244977244,
          "recall": 0.8,
          "valid_positive_count": 10
        },
        "flash": {
          "f1": 0.48,
          "pr_auc": 0.9355892678777097,
          "recall": 0.3333333333333333,
          "valid_positive_count": 18
        },
        "tunnel": {
          "f1": 0.2857142857142857,
          "pr_auc": 0.24358974358974358,
          "recall": 0.5,
          "valid_positive_count": 2
        }
      },
      "threshold": 0.5,
      "valid_code_count": 3
    },
    {
      "best_epoch": 20,
      "early_stopping_monitor": null,
      "epochs_ran": 20,
      "fold": 4,
      "macro_f1": 0.6099163679808841,
      "macro_pr_auc": 0.6355890052206729,
      "macro_recall": 0.6802232854864433,
      "per_code": {
        "blur": {
          "f1": 0.8333333333333334,
          "pr_auc": 0.7558509672146034,
          "recall": 0.9090909090909091,
          "valid_positive_count": 11
        },
        "flash": {
          "f1": 0.7741935483870968,
          "pr_auc": 0.988578386109753,
          "recall": 0.631578947368421,
          "valid_positive_count": 19
        },
        "tunnel": {
          "f1": 0.2222222222222222,
          "pr_auc": 0.16233766233766234,
          "recall": 0.5,
          "valid_positive_count": 2
        }
      },
      "threshold": 0.5,
      "valid_code_count": 3
    }
  ],
  "fold_scheme": "weld_independent",
  "mode": "window_mil",
  "run_folds": [
    0,
    1,
    2,
    3,
    4
  ],
  "sample_count": 101
}
