{
  "aggregator": "topk_mean",
  "completed_fold_count": 5,
  "fold_count": 5,
  "fold_metrics": [
    {
      "best_epoch": 20,
      "early_stopping_monitor": null,
      "epochs_ran": 20,
      "fold": 0,
      "macro_f1": 0.4090909090909091,
      "macro_pr_auc": 0.6907714475417435,
      "macro_recall": 0.35353535353535354,
      "per_code": {
        "blur": {
          "f1": 0.7272727272727273,
          "pr_auc": 0.8655289155289156,
          "recall": 0.7272727272727273,
          "valid_positive_count": 11
        },
        "flash": {
          "f1": 0.5,
          "pr_auc": 0.9706743159852036,
          "recall": 0.3333333333333333,
          "valid_positive_count": 18
        },
        "tunnel": {
          "f1": 0.0,
          "pr_auc": 0.2361111111111111,
          "recall": 0.0,
          "valid_positive_count": 2
        }
      },
      "threshold": 0.5,
      "valid_code_count": 3
    },
    {
      "best_epoch": 20,
      "early_stopping_monitor": null,
      "epochs_ran": 20,
      "fold": 1,
      "macro_f1": 0.4398826979472141,
      "macro_pr_auc": 0.6012938596491227,
      "macro_recall": 0.41052631578947363,
      "per_code": {
        "blur": {
          "f1": 0.5454545454545454,
          "pr_auc": 0.7122149122807018,
          "recall": 0.6,
          "valid_positive_count": 10
        },
        "flash": {
          "f1": 0.7741935483870968,
          "pr_auc": 0.9973684210526315,
          "recall": 0.631578947368421,
          "valid_positive_count": 19
        },
        "tunnel": {
          "f1": 0.0,
          "pr_auc": 0.09429824561403508,
          "recall": 0.0,
          "valid_positive_count": 2
        }
      },
      "threshold": 0.5,
      "valid_code_count": 3
    },
    {
      "best_epoch": 20,
      "early_stopping_monitor": null,
      "epochs_ran": 20,
      "fold": 2,
      "macro_f1": 0.6155555555555555,
      "macro_pr_auc": 0.7520037707211301,
      "macro_recall": 0.4898989898989899,
      "per_code": {
        "blur": {
          "f1": 0.7,
          "pr_auc": 0.8279122392758758,
          "recall": 0.6363636363636364,
          "valid_positive_count": 11
        },
        "flash": {
          "f1": 0.48,
          "pr_auc": 0.8725435173319589,
          "recall": 0.3333333333333333,
          "valid_positive_count": 18
        },
        "tunnel": {
          "f1": 0.6666666666666666,
          "pr_auc": 0.5555555555555556,
          "recall": 0.5,
          "valid_positive_count": 2
        }
      },
      "threshold": 0.5,
      "valid_code_count": 3
    },
    {
      "best_epoch": 20,
      "early_stopping_monitor": null,
      "epochs_ran": 20,
      "fold": 3,
      "macro_f1": 0.06060606060606061,
      "macro_pr_auc": 0.6668473745546328,
      "macro_recall": 0.03333333333333333,
      "per_code": {
        "blur": {
          "f1": 0.18181818181818182,
          "pr_auc": 0.8410958485958484,
          "recall": 0.1,
          "valid_positive_count": 10
        },
        "flash": {
          "f1": 0.0,
          "pr_auc": 0.9344462750680502,
          "recall": 0.0,
          "valid_positive_count": 18
        },
        "tunnel": {
          "f1": 0.0,
          "pr_auc": 0.225,
          "recall": 0.0,
          "valid_positive_count": 2
        }
      },
      "threshold": 0.5,
      "valid_code_count": 3
    },
    {
      "best_epoch": 20,
      "early_stopping_monitor": null,
      "epochs_ran": 20,
      "fold": 4,
      "macro_f1": 0.50997150997151,
      "macro_pr_auc": 0.61607892775605,
      "macro_recall": 0.48484848484848486,
      "per_code": {
        "blur": {
          "f1": 0.5555555555555556,
          "pr_auc": 0.7677350427350428,
          "recall": 0.45454545454545453,
          "valid_positive_count": 11
        },
        "flash": {
          "f1": 0.9743589743589743,
          "pr_auc": 0.9395926496240166,
          "recall": 1.0,
          "valid_positive_count": 19
        },
        "tunnel": {
          "f1": 0.0,
          "pr_auc": 0.14090909090909093,
          "recall": 0.0,
          "valid_positive_count": 2
        }
      },
      "threshold": 0.5,
      "valid_code_count": 3
    }
  ],
  "fold_scheme": "weld_independent",
  "mode": "window_mil",
  "run_folds": [
    0,
    1,
    2,
    3,
    4
  ],
  "sample_count": 101
}
