{
  "aggregator": "mean",
  "fold_count": 5,
  "fold_metrics": [
    {
      "fold": 0,
      "macro_f1": 0.7808460634547592,
      "macro_pr_auc": 0.9625759762123399,
      "macro_recall": 0.9696969696969697,
      "per_code": {
        "blur": {
          "f1": 0.8695652173913043,
          "pr_auc": 0.8877279286370197,
          "recall": 0.9090909090909091,
          "valid_positive_count": 11
        },
        "flash": {
          "f1": 0.972972972972973,
          "pr_auc": 1.0,
          "recall": 1.0,
          "valid_positive_count": 18
        },
        "tunnel": {
          "f1": 0.5,
          "pr_auc": 1.0,
          "recall": 1.0,
          "valid_positive_count": 2
        }
      },
      "threshold": 0.5,
      "valid_code_count": 3
    },
    {
      "fold": 1,
      "macro_f1": 0.7057280883367839,
      "macro_pr_auc": 0.8315129989021955,
      "macro_recall": 0.7807017543859649,
      "per_code": {
        "blur": {
          "f1": 0.8695652173913043,
          "pr_auc": 0.8361979686979686,
          "recall": 1.0,
          "valid_positive_count": 10
        },
        "flash": {
          "f1": 0.9142857142857143,
          "pr_auc": 0.9916743613419512,
          "recall": 0.8421052631578947,
          "valid_positive_count": 19
        },
        "tunnel": {
          "f1": 0.3333333333333333,
          "pr_auc": 0.6666666666666666,
          "recall": 0.5,
          "valid_positive_count": 2
        }
      },
      "threshold": 0.5,
      "valid_code_count": 3
    },
    {
      "fold": 2,
      "macro_f1": 0.67987012987013,
      "macro_pr_auc": 0.8609728234728236,
      "macro_recall": 0.7542087542087542,
      "per_code": {
        "blur": {
          "f1": 0.8181818181818182,
          "pr_auc": 0.9456168831168832,
          "recall": 0.8181818181818182,
          "valid_positive_count": 11
        },
        "flash": {
          "f1": 0.9714285714285714,
          "pr_auc": 0.9944444444444446,
          "recall": 0.9444444444444444,
          "valid_positive_count": 18
        },
        "tunnel": {
          "f1": 0.25,
          "pr_auc": 0.6428571428571428,
          "recall": 0.5,
          "valid_positive_count": 2
        }
      },
      "threshold": 0.5,
      "valid_code_count": 3
    },
    {
      "fold": 3,
      "macro_f1": 0.6670653907496013,
      "macro_pr_auc": 0.8458333333333333,
      "macro_recall": 0.7111111111111111,
      "per_code": {
        "blur": {
          "f1": 0.8421052631578947,
          "pr_auc": 0.9263888888888888,
          "recall": 0.8,
          "valid_positive_count": 10
        },
        "flash": {
          "f1": 0.9090909090909091,
          "pr_auc": 1.0,
          "recall": 0.8333333333333334,
          "valid_positive_count": 18
        },
        "tunnel": {
          "f1": 0.25,
          "pr_auc": 0.6111111111111112,
          "recall": 0.5,
          "valid_positive_count": 2
        }
      },
      "threshold": 0.5,
      "valid_code_count": 3
    },
    {
      "fold": 4,
      "macro_f1": 0.7542087542087542,
      "macro_pr_auc": 0.8378171093482099,
      "macro_recall": 0.7376395534290271,
      "per_code": {
        "blur": {
          "f1": 0.8181818181818182,
          "pr_auc": 0.8160829069919979,
          "recall": 0.8181818181818182,
          "valid_positive_count": 11
        },
        "flash": {
          "f1": 0.9444444444444444,
          "pr_auc": 0.9973684210526315,
          "recall": 0.8947368421052632,
          "valid_positive_count": 19
        },
        "tunnel": {
          "f1": 0.5,
          "pr_auc": 0.7,
          "recall": 0.5,
          "valid_positive_count": 2
        }
      },
      "threshold": 0.5,
      "valid_code_count": 3
    }
  ],
  "fold_scheme": "weld_independent",
  "mode": "statistical",
  "sample_count": 101
}
runs=1 ok=True
OK /home/user/PROJECT/MMDII/MMDII-Core/outputs/alignment-weld-independent-v0-2-1/seed-7-b0-statistical samples=101
{
  "aggregator": "mean",
  "fold_count": 5,
  "fold_metrics": [
    {
      "fold": 0,
      "macro_f1": 0.7845117845117845,
      "macro_pr_auc": 0.9321454639636458,
      "macro_recall": 0.7845117845117845,
      "per_code": {
        "blur": {
          "f1": 0.9090909090909091,
          "pr_auc": 0.9686586141131597,
          "recall": 0.9090909090909091,
          "valid_positive_count": 11
        },
        "flash": {
          "f1": 0.9444444444444444,
          "pr_auc": 0.9944444444444445,
          "recall": 0.9444444444444444,
          "valid_positive_count": 18
        },
        "tunnel": {
          "f1": 0.5,
          "pr_auc": 0.8333333333333333,
          "recall": 0.5,
          "valid_positive_count": 2
        }
      },
      "threshold": 0.5,
      "valid_code_count": 3
    },
    {
      "fold": 1,
      "macro_f1": 0.7380952380952381,
      "macro_pr_auc": 0.8127591706539076,
      "macro_recall": 0.7473684210526316,
      "per_code": {
        "blur": {
          "f1": 0.9,
          "pr_auc": 0.9909090909090909,
          "recall": 0.9,
          "valid_positive_count": 10
        },
        "flash": {
          "f1": 0.9142857142857143,
          "pr_auc": 0.9973684210526316,
          "recall": 0.8421052631578947,
          "valid_positive_count": 19
        },
        "tunnel": {
          "f1": 0.4,
          "pr_auc": 0.45,
          "recall": 0.5,
          "valid_positive_count": 2
        }
      },
      "threshold": 0.5,
      "valid_code_count": 3
    },
    {
      "fold": 2,
      "macro_f1": 0.7681704260651628,
      "macro_pr_auc": 0.8487891273178354,
      "macro_recall": 0.7727272727272728,
      "per_code": {
        "blur": {
          "f1": 0.8571428571428571,
          "pr_auc": 0.9327708907254362,
          "recall": 0.8181818181818182,
          "valid_positive_count": 11
        },
        "flash": {
          "f1": 0.9473684210526315,
          "pr_auc": 0.9885964912280701,
          "recall": 1.0,
          "valid_positive_count": 18
        },
        "tunnel": {
          "f1": 0.5,
          "pr_auc": 0.625,
          "recall": 0.5,
          "valid_positive_count": 2
        }
      },
      "threshold": 0.5,
      "valid_code_count": 3
    },
    {
      "fold": 3,
      "macro_f1": 0.8210563504681151,
      "macro_pr_auc": 0.8939102564102565,
      "macro_recall": 0.7333333333333334,
      "per_code": {
        "blur": {
          "f1": 0.8235294117647058,
          "pr_auc": 0.9317307692307691,
          "recall": 0.7,
          "valid_positive_count": 10
        },
        "flash": {
          "f1": 0.972972972972973,
          "pr_auc": 1.0,
          "recall": 1.0,
          "valid_positive_count": 18
        },
        "tunnel": {
          "f1": 0.6666666666666666,
          "pr_auc": 0.75,
          "recall": 0.5,
          "valid_positive_count": 2
        }
      },
      "threshold": 0.5,
      "valid_code_count": 3
    },
    {
      "fold": 4,
      "macro_f1": 0.8333333333333334,
      "macro_pr_auc": 0.9309944363420298,
      "macro_recall": 0.9696969696969697,
      "per_code": {
        "blur": {
          "f1": 0.8333333333333334,
          "pr_auc": 0.9596499756927566,
          "recall": 0.9090909090909091,
          "valid_positive_count": 11
        },
        "flash": {
          "f1": 1.0,
          "pr_auc": 0.9999999999999999,
          "recall": 1.0,
          "valid_positive_count": 19
        },
        "tunnel": {
          "f1": 0.6666666666666666,
          "pr_auc": 0.8333333333333333,
          "recall": 1.0,
          "valid_positive_count": 2
        }
      },
      "threshold": 0.5,
      "valid_code_count": 3
    }
  ],
  "fold_scheme": "weld_independent",
  "mode": "random_forest",
  "sample_count": 101
}
runs=1 ok=True
OK /home/user/PROJECT/MMDII/MMDII-Core/outputs/alignment-weld-independent-v0-2-1/seed-7-random-forest samples=101
{
  "aggregator": "mean",
  "fold_count": 5,
  "fold_metrics": [
    {
      "best_epoch": 20,
      "early_stopping_monitor": null,
      "epochs_ran": 20,
      "fold": 0,
      "macro_f1": 0.8595520421607379,
      "macro_pr_auc": 0.9264739095547175,
      "macro_recall": 0.914141414141414,
      "per_code": {
        "blur": {
          "f1": 0.8695652173913043,
          "pr_auc": 0.7880637039727947,
          "recall": 0.9090909090909091,
          "valid_positive_count": 11
        },
        "flash": {
          "f1": 0.9090909090909091,
          "pr_auc": 0.9913580246913581,
          "recall": 0.8333333333333334,
          "valid_positive_count": 18
        },
        "tunnel": {
          "f1": 0.8,
          "pr_auc": 1.0,
          "recall": 1.0,
          "valid_positive_count": 2
        }
      },
      "threshold": 0.5,
      "valid_code_count": 3
    },
    {
      "best_epoch": 20,
      "early_stopping_monitor": null,
      "epochs_ran": 20,
      "fold": 1,
      "macro_f1": 0.7549603174603176,
      "macro_pr_auc": 0.882990780379977,
      "macro_recall": 0.7280701754385964,
      "per_code": {
        "blur": {
          "f1": 0.9523809523809523,
          "pr_auc": 0.9572979797979798,
          "recall": 1.0,
          "valid_positive_count": 10
        },
        "flash": {
          "f1": 0.8125,
          "pr_auc": 0.9916743613419512,
          "recall": 0.6842105263157895,
          "valid_positive_count": 19
        },
        "tunnel": {
          "f1": 0.5,
          "pr_auc": 0.7,
          "recall": 0.5,
          "valid_positive_count": 2
        }
      },
      "threshold": 0.5,
      "valid_code_count": 3
    },
    {
      "best_epoch": 20,
      "early_stopping_monitor": null,
      "epochs_ran": 20,
      "fold": 2,
      "macro_f1": 0.6467731829573934,
      "macro_pr_auc": 0.859744449848079,
      "macro_recall": 0.6498316498316498,
      "per_code": {
        "blur": {
          "f1": 0.8421052631578947,
          "pr_auc": 0.9316525579683475,
          "recall": 0.7272727272727273,
          "valid_positive_count": 11
        },
        "flash": {
          "f1": 0.8125,
          "pr_auc": 0.980914124909223,
          "recall": 0.7222222222222222,
          "valid_positive_count": 18
        },
        "tunnel": {
          "f1": 0.2857142857142857,
          "pr_auc": 0.6666666666666666,
          "recall": 0.5,
          "valid_positive_count": 2
        }
      },
      "threshold": 0.5,
      "valid_code_count": 3
    },
    {
      "best_epoch": 20,
      "early_stopping_monitor": null,
      "epochs_ran": 20,
      "fold": 3,
      "macro_f1": 0.6896653398201386,
      "macro_pr_auc": 0.7062806321358953,
      "macro_recall": 0.7296296296296297,
      "per_code": {
        "blur": {
          "f1": 0.8421052631578947,
          "pr_auc": 0.725984753550543,
          "recall": 0.8,
          "valid_positive_count": 10
        },
        "flash": {
          "f1": 0.9411764705882353,
          "pr_auc": 1.0,
          "recall": 0.8888888888888888,
          "valid_positive_count": 18
        },
        "tunnel": {
          "f1": 0.2857142857142857,
          "pr_auc": 0.39285714285714285,
          "recall": 0.5,
          "valid_positive_count": 2
        }
      },
      "threshold": 0.5,
      "valid_code_count": 3
    },
    {
      "best_epoch": 20,
      "early_stopping_monitor": null,
      "epochs_ran": 20,
      "fold": 4,
      "macro_f1": 0.8393500219587177,
      "macro_pr_auc": 0.9555990826540547,
      "macro_recall": 0.8819776714513555,
      "per_code": {
        "blur": {
          "f1": 0.8695652173913043,
          "pr_auc": 0.875122886620213,
          "recall": 0.9090909090909091,
          "valid_positive_count": 11
        },
        "flash": {
          "f1": 0.8484848484848485,
          "pr_auc": 0.9916743613419512,
          "recall": 0.7368421052631579,
          "valid_positive_count": 19
        },
        "tunnel": {
          "f1": 0.8,
          "pr_auc": 1.0,
          "recall": 1.0,
          "valid_positive_count": 2
        }
      },
      "threshold": 0.5,
      "valid_code_count": 3
    }
  ],
  "fold_scheme": "weld_independent",
  "mode": "full_signal",
  "sample_count": 101
}
runs=1 ok=True
OK /home/user/PROJECT/MMDII/MMDII-Core/outputs/alignment-weld-independent-v0-2-1/seed-7-e0-full-signal samples=101
{
  "aggregator": "mean",
  "fold_count": 5,
  "fold_metrics": [
    {
      "best_epoch": 20,
      "early_stopping_monitor": null,
      "epochs_ran": 20,
      "fold": 0,
      "macro_f1": 0.8080808080808081,
      "macro_pr_auc": 0.7615622444210178,
      "macro_recall": 0.8956228956228957,
      "per_code": {
        "blur": {
          "f1": 0.9090909090909091,
          "pr_auc": 0.8087990292535745,
          "recall": 0.9090909090909091,
          "valid_positive_count": 11
        },
        "flash": {
          "f1": 0.8484848484848485,
          "pr_auc": 0.9758877040094791,
          "recall": 0.7777777777777778,
          "valid_positive_count": 18
        },
        "tunnel": {
          "f1": 0.6666666666666666,
          "pr_auc": 0.5,
          "recall": 1.0,
          "valid_positive_count": 2
        }
      },
      "threshold": 0.5,
      "valid_code_count": 3
    },
    {
      "best_epoch": 20,
      "early_stopping_monitor": null,
      "epochs_ran": 20,
      "fold": 1,
      "macro_f1": 0.810515873015873,
      "macro_pr_auc": 0.8642035344874679,
      "macro_recall": 0.8947368421052632,
      "per_code": {
        "blur": {
          "f1": 0.9523809523809523,
          "pr_auc": 0.8480122655122654,
          "recall": 1.0,
          "valid_positive_count": 10
        },
        "flash": {
          "f1": 0.8125,
          "pr_auc": 0.9945983379501384,
          "recall": 0.6842105263157895,
          "valid_positive_count": 19
        },
        "tunnel": {
          "f1": 0.6666666666666666,
          "pr_auc": 0.75,
          "recall": 1.0,
          "valid_positive_count": 2
        }
      },
      "threshold": 0.5,
      "valid_code_count": 3
    },
    {
      "best_epoch": 20,
      "early_stopping_monitor": null,
      "epochs_ran": 20,
      "fold": 2,
      "macro_f1": 0.6976430976430977,
      "macro_pr_auc": 0.8464857831205128,
      "macro_recall": 0.8350168350168351,
      "per_code": {
        "blur": {
          "f1": 0.8,
          "pr_auc": 0.9001183160274071,
          "recall": 0.7272727272727273,
          "valid_positive_count": 11
        },
        "flash": {
          "f1": 0.8484848484848485,
          "pr_auc": 0.9726723666674648,
          "recall": 0.7777777777777778,
          "valid_positive_count": 18
        },
        "tunnel": {
          "f1": 0.4444444444444444,
          "pr_auc": 0.6666666666666666,
          "recall": 1.0,
          "valid_positive_count": 2
        }
      },
      "threshold": 0.5,
      "valid_code_count": 3
    },
    {
      "best_epoch": 20,
      "early_stopping_monitor": null,
      "epochs_ran": 20,
      "fold": 3,
      "macro_f1": 0.7378446115288221,
      "macro_pr_auc": 0.8484788359788359,
      "macro_recall": 0.8222222222222223,
      "per_code": {
        "blur": {
          "f1": 0.8421052631578947,
          "pr_auc": 0.8454365079365079,
          "recall": 0.8,
          "valid_positive_count": 10
        },
        "flash": {
          "f1": 0.8,
          "pr_auc": 1.0,
          "recall": 0.6666666666666666,
          "valid_positive_count": 18
        },
        "tunnel": {
          "f1": 0.5714285714285714,
          "pr_auc": 0.7,
          "recall": 1.0,
          "valid_positive_count": 2
        }
      },
      "threshold": 0.5,
      "valid_code_count": 3
    },
    {
      "best_epoch": 20,
      "early_stopping_monitor": null,
      "epochs_ran": 20,
      "fold": 4,
      "macro_f1": 0.7272727272727272,
      "macro_pr_auc": 0.8817704044523115,
      "macro_recall": 0.7153110047846889,
      "per_code": {
        "blur": {
          "f1": 0.8333333333333334,
          "pr_auc": 0.8266889675980584,
          "recall": 0.9090909090909091,
          "valid_positive_count": 11
        },
        "flash": {
          "f1": 0.8484848484848485,
          "pr_auc": 0.9852889124255426,
          "recall": 0.7368421052631579,
          "valid_positive_count": 19
        },
        "tunnel": {
          "f1": 0.5,
          "pr_auc": 0.8333333333333333,
          "recall": 0.5,
          "valid_positive_count": 2
        }
      },
      "threshold": 0.5,
      "valid_code_count": 3
    }
  ],
  "fold_scheme": "weld_independent",
  "mode": "window_mil",
  "sample_count": 101
}
runs=1 ok=True
OK /home/user/PROJECT/MMDII/MMDII-Core/outputs/alignment-weld-independent-v0-2-1/seed-7-e1a-mean samples=101
{
  "aggregator": "max",
  "fold_count": 5,
  "fold_metrics": [
    {
      "best_epoch": 20,
      "early_stopping_monitor": null,
      "epochs_ran": 20,
      "fold": 0,
      "macro_f1": 0.7444444444444445,
      "macro_pr_auc": 0.8985917488561969,
      "macro_recall": 0.7727272727272728,
      "per_code": {
        "blur": {
          "f1": 0.9,
          "pr_auc": 0.9715909090909092,
          "recall": 0.8181818181818182,
          "valid_positive_count": 11
        },
        "flash": {
          "f1": 0.6666666666666666,
          "pr_auc": 0.9741843374776813,
          "recall": 0.5,
          "valid_positive_count": 18
        },
        "tunnel": {
          "f1": 0.6666666666666666,
          "pr_auc": 0.75,
          "recall": 1.0,
          "valid_positive_count": 2
        }
      },
      "threshold": 0.5,
      "valid_code_count": 3
    },
    {
      "best_epoch": 20,
      "early_stopping_monitor": null,
      "epochs_ran": 20,
      "fold": 1,
      "macro_f1": 0.514336917562724,
      "macro_pr_auc": 0.6673388374370123,
      "macro_recall": 0.5263157894736842,
      "per_code": {
        "blur": {
          "f1": 0.8333333333333334,
          "pr_auc": 0.811024531024531,
          "recall": 1.0,
          "valid_positive_count": 10
        },
        "flash": {
          "f1": 0.7096774193548387,
          "pr_auc": 0.9648015050960299,
          "recall": 0.5789473684210527,
          "valid_positive_count": 19
        },
        "tunnel": {
          "f1": 0.0,
          "pr_auc": 0.22619047619047616,
          "recall": 0.0,
          "valid_positive_count": 2
        }
      },
      "threshold": 0.5,
      "valid_code_count": 3
    },
    {
      "best_epoch": 20,
      "early_stopping_monitor": null,
      "epochs_ran": 20,
      "fold": 2,
      "macro_f1": 0.7089232089232089,
      "macro_pr_auc": 0.8699253682108546,
      "macro_recall": 0.7053872053872053,
      "per_code": {
        "blur": {
          "f1": 0.7619047619047619,
          "pr_auc": 0.944077134986226,
          "recall": 0.7272727272727273,
          "valid_positive_count": 11
        },
        "flash": {
          "f1": 0.8648648648648649,
          "pr_auc": 0.9656989696463382,
          "recall": 0.8888888888888888,
          "valid_positive_count": 18
        },
        "tunnel": {
          "f1": 0.5,
          "pr_auc": 0.7,
          "recall": 0.5,
          "valid_positive_count": 2
        }
      },
      "threshold": 0.5,
      "valid_code_count": 3
    },
    {
      "best_epoch": 20,
      "early_stopping_monitor": null,
      "epochs_ran": 20,
      "fold": 3,
      "macro_f1": 0.6106286186931348,
      "macro_pr_auc": 0.7275610638549236,
      "macro_recall": 0.7555555555555555,
      "per_code": {
        "blur": {
          "f1": 0.75,
          "pr_auc": 0.9406417112299464,
          "recall": 0.6,
          "valid_positive_count": 10
        },
        "flash": {
          "f1": 0.7741935483870968,
          "pr_auc": 0.9741843374776813,
          "recall": 0.6666666666666666,
          "valid_positive_count": 18
        },
        "tunnel": {
          "f1": 0.3076923076923077,
          "pr_auc": 0.26785714285714285,
          "recall": 1.0,
          "valid_positive_count": 2
        }
      },
      "threshold": 0.5,
      "valid_code_count": 3
    },
    {
      "best_epoch": 20,
      "early_stopping_monitor": null,
      "epochs_ran": 20,
      "fold": 4,
      "macro_f1": 0.7025089605734767,
      "macro_pr_auc": 0.8079375193578165,
      "macro_recall": 0.7862838915470495,
      "per_code": {
        "blur": {
          "f1": 0.7619047619047619,
          "pr_auc": 0.8458808867899776,
          "recall": 0.7272727272727273,
          "valid_positive_count": 11
        },
        "flash": {
          "f1": 0.7741935483870968,
          "pr_auc": 0.9945983379501384,
          "recall": 0.631578947368421,
          "valid_positive_count": 19
        },
        "tunnel": {
          "f1": 0.5714285714285714,
          "pr_auc": 0.5833333333333333,
          "recall": 1.0,
          "valid_positive_count": 2
        }
      },
      "threshold": 0.5,
      "valid_code_count": 3
    }
  ],
  "fold_scheme": "weld_independent",
  "mode": "window_mil",
  "sample_count": 101
}
runs=1 ok=True
OK /home/user/PROJECT/MMDII/MMDII-Core/outputs/alignment-weld-independent-v0-2-1/seed-7-e1b-max samples=101
{
  "aggregator": "topk_mean",
  "fold_count": 5,
  "fold_metrics": [
    {
      "best_epoch": 20,
      "early_stopping_monitor": null,
      "epochs_ran": 20,
      "fold": 0,
      "macro_f1": 0.7777777777777777,
      "macro_pr_auc": 0.8513033890678369,
      "macro_recall": 0.8215488215488215,
      "per_code": {
        "blur": {
          "f1": 0.9523809523809523,
          "pr_auc": 0.9924242424242424,
          "recall": 0.9090909090909091,
          "valid_positive_count": 11
        },
        "flash": {
          "f1": 0.7142857142857143,
          "pr_auc": 0.9781525914459352,
          "recall": 0.5555555555555556,
          "valid_positive_count": 18
        },
        "tunnel": {
          "f1": 0.6666666666666666,
          "pr_auc": 0.5833333333333333,
          "recall": 1.0,
          "valid_positive_count": 2
        }
      },
      "threshold": 0.5,
      "valid_code_count": 3
    },
    {
      "best_epoch": 20,
      "early_stopping_monitor": null,
      "epochs_ran": 20,
      "fold": 1,
      "macro_f1": 0.5041407867494824,
      "macro_pr_auc": 0.6652020853002601,
      "macro_recall": 0.49122807017543857,
      "per_code": {
        "blur": {
          "f1": 0.8695652173913043,
          "pr_auc": 0.8046142746142746,
          "recall": 1.0,
          "valid_positive_count": 10
        },
        "flash": {
          "f1": 0.6428571428571429,
          "pr_auc": 0.9648015050960299,
          "recall": 0.47368421052631576,
          "valid_positive_count": 19
        },
        "tunnel": {
          "f1": 0.0,
          "pr_auc": 0.22619047619047616,
          "recall": 0.0,
          "valid_positive_count": 2
        }
      },
      "threshold": 0.5,
      "valid_code_count": 3
    },
    {
      "best_epoch": 20,
      "early_stopping_monitor": null,
      "epochs_ran": 20,
      "fold": 2,
      "macro_f1": 0.6632183908045978,
      "macro_pr_auc": 0.8353776730410717,
      "macro_recall": 0.5942760942760943,
      "per_code": {
        "blur": {
          "f1": 0.8,
          "pr_auc": 0.9242229992229993,
          "recall": 0.7272727272727273,
          "valid_positive_count": 11
        },
        "flash": {
          "f1": 0.6896551724137931,
          "pr_auc": 0.9390528770430732,
          "recall": 0.5555555555555556,
          "valid_positive_count": 18
        },
        "tunnel": {
          "f1": 0.5,
          "pr_auc": 0.6428571428571428,
          "recall": 0.5,
          "valid_positive_count": 2
        }
      },
      "threshold": 0.5,
      "valid_code_count": 3
    },
    {
      "best_epoch": 20,
      "early_stopping_monitor": null,
      "epochs_ran": 20,
      "fold": 3,
      "macro_f1": 0.6,
      "macro_pr_auc": 0.6956883061866721,
      "macro_recall": 0.6555555555555556,
      "per_code": {
        "blur": {
          "f1": 0.8,
          "pr_auc": 0.9156746031746031,
          "recall": 0.8,
          "valid_positive_count": 10
        },
        "flash": {
          "f1": 0.8,
          "pr_auc": 0.9769458709409691,
          "recall": 0.6666666666666666,
          "valid_positive_count": 18
        },
        "tunnel": {
          "f1": 0.2,
          "pr_auc": 0.19444444444444442,
          "recall": 0.5,
          "valid_positive_count": 2
        }
      },
      "threshold": 0.5,
      "valid_code_count": 3
    },
    {
      "best_epoch": 20,
      "early_stopping_monitor": null,
      "epochs_ran": 20,
      "fold": 4,
      "macro_f1": 0.7340367965367965,
      "macro_pr_auc": 0.8252606102103192,
      "macro_recall": 0.8341307814992026,
      "per_code": {
        "blur": {
          "f1": 0.8181818181818182,
          "pr_auc": 0.8978501593474857,
          "recall": 0.8181818181818182,
          "valid_positive_count": 11
        },
        "flash": {
          "f1": 0.8125,
          "pr_auc": 0.9945983379501384,
          "recall": 0.6842105263157895,
          "valid_positive_count": 19
        },
        "tunnel": {
          "f1": 0.5714285714285714,
          "pr_auc": 0.5833333333333333,
          "recall": 1.0,
          "valid_positive_count": 2
        }
      },
      "threshold": 0.5,
      "valid_code_count": 3
    }
  ],
  "fold_scheme": "weld_independent",
  "mode": "window_mil",
  "sample_count": 101
}
runs=1 ok=True
OK /home/user/PROJECT/MMDII/MMDII-Core/outputs/alignment-weld-independent-v0-2-1/seed-7-e1b-topk-mean samples=101
{
  "aggregator": "gated_attention",
  "fold_count": 5,
  "fold_metrics": [
    {
      "best_epoch": 20,
      "early_stopping_monitor": null,
      "epochs_ran": 20,
      "fold": 0,
      "macro_f1": 0.8834224598930481,
      "macro_pr_auc": 0.9018230951909846,
      "macro_recall": 0.9326599326599326,
      "per_code": {
        "blur": {
          "f1": 0.9090909090909091,
          "pr_auc": 0.878146348600894,
          "recall": 0.9090909090909091,
          "valid_positive_count": 11
        },
        "flash": {
          "f1": 0.9411764705882353,
          "pr_auc": 0.9939896036387266,
          "recall": 0.8888888888888888,
          "valid_positive_count": 18
        },
        "tunnel": {
          "f1": 0.8,
          "pr_auc": 0.8333333333333333,
          "recall": 1.0,
          "valid_positive_count": 2
        }
      },
      "threshold": 0.5,
      "valid_code_count": 3
    },
    {
      "best_epoch": 20,
      "early_stopping_monitor": null,
      "epochs_ran": 20,
      "fold": 1,
      "macro_f1": 0.6671554252199413,
      "macro_pr_auc": 0.7877955377955378,
      "macro_recall": 0.643859649122807,
      "per_code": {
        "blur": {
          "f1": 0.7272727272727273,
          "pr_auc": 0.9133866133866132,
          "recall": 0.8,
          "valid_positive_count": 10
        },
        "flash": {
          "f1": 0.7741935483870968,
          "pr_auc": 0.9999999999999998,
          "recall": 0.631578947368421,
          "valid_positive_count": 19
        },
        "tunnel": {
          "f1": 0.5,
          "pr_auc": 0.45,
          "recall": 0.5,
          "valid_positive_count": 2
        }
      },
      "threshold": 0.5,
      "valid_code_count": 3
    },
    {
      "best_epoch": 20,
      "early_stopping_monitor": null,
      "epochs_ran": 20,
      "fold": 2,
      "macro_f1": 0.6441176470588236,
      "macro_pr_auc": 0.8399002678607942,
      "macro_recall": 0.6868686868686869,
      "per_code": {
        "blur": {
          "f1": 0.8,
          "pr_auc": 0.9378445084327438,
          "recall": 0.7272727272727273,
          "valid_positive_count": 11
        },
        "flash": {
          "f1": 0.8823529411764706,
          "pr_auc": 0.9818562951496389,
          "recall": 0.8333333333333334,
          "valid_positive_count": 18
        },
        "tunnel": {
          "f1": 0.25,
          "pr_auc": 0.6,
          "recall": 0.5,
          "valid_positive_count": 2
        }
      },
      "threshold": 0.5,
      "valid_code_count": 3
    },
    {
      "best_epoch": 20,
      "early_stopping_monitor": null,
      "epochs_ran": 20,
      "fold": 3,
      "macro_f1": 0.7039473684210527,
      "macro_pr_auc": 0.8162099098648806,
      "macro_recall": 0.6592592592592593,
      "per_code": {
        "blur": {
          "f1": 0.7368421052631579,
          "pr_auc": 0.8546401259559154,
          "recall": 0.7,
          "valid_positive_count": 10
        },
        "flash": {
          "f1": 0.875,
          "pr_auc": 0.9939896036387266,
          "recall": 0.7777777777777778,
          "valid_positive_count": 18
        },
        "tunnel": {
          "f1": 0.5,
          "pr_auc": 0.6,
          "recall": 0.5,
          "valid_positive_count": 2
        }
      },
      "threshold": 0.5,
      "valid_code_count": 3
    },
    {
      "best_epoch": 20,
      "early_stopping_monitor": null,
      "epochs_ran": 20,
      "fold": 4,
      "macro_f1": 0.6590306997039115,
      "macro_pr_auc": 0.8063874279185282,
      "macro_recall": 0.6802232854864433,
      "per_code": {
        "blur": {
          "f1": 0.8695652173913043,
          "pr_auc": 0.755127196036287,
          "recall": 0.9090909090909091,
          "valid_positive_count": 11
        },
        "flash": {
          "f1": 0.7741935483870968,
          "pr_auc": 0.9973684210526315,
          "recall": 0.631578947368421,
          "valid_positive_count": 19
        },
        "tunnel": {
          "f1": 0.3333333333333333,
          "pr_auc": 0.6666666666666666,
          "recall": 0.5,
          "valid_positive_count": 2
        }
      },
      "threshold": 0.5,
      "valid_code_count": 3
    }
  ],
  "fold_scheme": "weld_independent",
  "mode": "window_mil",
  "sample_count": 101
}
runs=1 ok=True
OK /home/user/PROJECT/MMDII/MMDII-Core/outputs/alignment-weld-independent-v0-2-1/seed-7-e1c-gated-attention samples=101
{
  "aggregator": "mean",
  "fold_count": 5,
  "fold_metrics": [
    {
      "fold": 0,
      "macro_f1": 0.7808460634547592,
      "macro_pr_auc": 0.9625759762123399,
      "macro_recall": 0.9696969696969697,
      "per_code": {
        "blur": {
          "f1": 0.8695652173913043,
          "pr_auc": 0.8877279286370197,
          "recall": 0.9090909090909091,
          "valid_positive_count": 11
        },
        "flash": {
          "f1": 0.972972972972973,
          "pr_auc": 1.0,
          "recall": 1.0,
          "valid_positive_count": 18
        },
        "tunnel": {
          "f1": 0.5,
          "pr_auc": 1.0,
          "recall": 1.0,
          "valid_positive_count": 2
        }
      },
      "threshold": 0.5,
      "valid_code_count": 3
    },
    {
      "fold": 1,
      "macro_f1": 0.7057280883367839,
      "macro_pr_auc": 0.8315129989021955,
      "macro_recall": 0.7807017543859649,
      "per_code": {
        "blur": {
          "f1": 0.8695652173913043,
          "pr_auc": 0.8361979686979686,
          "recall": 1.0,
          "valid_positive_count": 10
        },
        "flash": {
          "f1": 0.9142857142857143,
          "pr_auc": 0.9916743613419512,
          "recall": 0.8421052631578947,
          "valid_positive_count": 19
        },
        "tunnel": {
          "f1": 0.3333333333333333,
          "pr_auc": 0.6666666666666666,
          "recall": 0.5,
          "valid_positive_count": 2
        }
      },
      "threshold": 0.5,
      "valid_code_count": 3
    },
    {
      "fold": 2,
      "macro_f1": 0.67987012987013,
      "macro_pr_auc": 0.8609728234728236,
      "macro_recall": 0.7542087542087542,
      "per_code": {
        "blur": {
          "f1": 0.8181818181818182,
          "pr_auc": 0.9456168831168832,
          "recall": 0.8181818181818182,
          "valid_positive_count": 11
        },
        "flash": {
          "f1": 0.9714285714285714,
          "pr_auc": 0.9944444444444446,
          "recall": 0.9444444444444444,
          "valid_positive_count": 18
        },
        "tunnel": {
          "f1": 0.25,
          "pr_auc": 0.6428571428571428,
          "recall": 0.5,
          "valid_positive_count": 2
        }
      },
      "threshold": 0.5,
      "valid_code_count": 3
    },
    {
      "fold": 3,
      "macro_f1": 0.6670653907496013,
      "macro_pr_auc": 0.8458333333333333,
      "macro_recall": 0.7111111111111111,
      "per_code": {
        "blur": {
          "f1": 0.8421052631578947,
          "pr_auc": 0.9263888888888888,
          "recall": 0.8,
          "valid_positive_count": 10
        },
        "flash": {
          "f1": 0.9090909090909091,
          "pr_auc": 1.0,
          "recall": 0.8333333333333334,
          "valid_positive_count": 18
        },
        "tunnel": {
          "f1": 0.25,
          "pr_auc": 0.6111111111111112,
          "recall": 0.5,
          "valid_positive_count": 2
        }
      },
      "threshold": 0.5,
      "valid_code_count": 3
    },
    {
      "fold": 4,
      "macro_f1": 0.7542087542087542,
      "macro_pr_auc": 0.8378171093482099,
      "macro_recall": 0.7376395534290271,
      "per_code": {
        "blur": {
          "f1": 0.8181818181818182,
          "pr_auc": 0.8160829069919979,
          "recall": 0.8181818181818182,
          "valid_positive_count": 11
        },
        "flash": {
          "f1": 0.9444444444444444,
          "pr_auc": 0.9973684210526315,
          "recall": 0.8947368421052632,
          "valid_positive_count": 19
        },
        "tunnel": {
          "f1": 0.5,
          "pr_auc": 0.7,
          "recall": 0.5,
          "valid_positive_count": 2
        }
      },
      "threshold": 0.5,
      "valid_code_count": 3
    }
  ],
  "fold_scheme": "weld_independent",
  "mode": "statistical",
  "sample_count": 101
}
runs=1 ok=True
OK /home/user/PROJECT/MMDII/MMDII-Core/outputs/alignment-weld-independent-v0-2-1/seed-17-b0-statistical samples=101
{
  "aggregator": "mean",
  "fold_count": 5,
  "fold_metrics": [
    {
      "fold": 0,
      "macro_f1": 0.7803312629399586,
      "macro_pr_auc": 0.9018778758013207,
      "macro_recall": 0.7845117845117845,
      "per_code": {
        "blur": {
          "f1": 0.8695652173913043,
          "pr_auc": 0.9585576040121495,
          "recall": 0.9090909090909091,
          "valid_positive_count": 11
        },
        "flash": {
          "f1": 0.9714285714285714,
          "pr_auc": 0.9970760233918129,
          "recall": 0.9444444444444444,
          "valid_positive_count": 18
        },
        "tunnel": {
          "f1": 0.5,
          "pr_auc": 0.75,
          "recall": 0.5,
          "valid_positive_count": 2
        }
      },
      "threshold": 0.5,
      "valid_code_count": 3
    },
    {
      "fold": 1,
      "macro_f1": 0.7714285714285714,
      "macro_pr_auc": 0.7937115516062884,
      "macro_recall": 0.7473684210526316,
      "per_code": {
        "blur": {
          "f1": 0.9,
          "pr_auc": 0.9909090909090907,
          "recall": 0.9,
          "valid_positive_count": 10
        },
        "flash": {
          "f1": 0.9142857142857143,
          "pr_auc": 0.9973684210526316,
          "recall": 0.8421052631578947,
          "valid_positive_count": 19
        },
        "tunnel": {
          "f1": 0.5,
          "pr_auc": 0.39285714285714285,
          "recall": 0.5,
          "valid_positive_count": 2
        }
      },
      "threshold": 0.5,
      "valid_code_count": 3
    },
    {
      "fold": 2,
      "macro_f1": 0.7854864433811802,
      "macro_pr_auc": 0.8473948236574499,
      "macro_recall": 0.8030303030303031,
      "per_code": {
        "blur": {
          "f1": 0.9090909090909091,
          "pr_auc": 0.9258264462809918,
          "recall": 0.9090909090909091,
          "valid_positive_count": 11
        },
        "flash": {
          "f1": 0.9473684210526315,
          "pr_auc": 0.991358024691358,
          "recall": 1.0,
          "valid_positive_count": 18
        },
        "tunnel": {
          "f1": 0.5,
          "pr_auc": 0.625,
          "recall": 0.5,
          "valid_positive_count": 2
        }
      },
      "threshold": 0.5,
      "valid_code_count": 3
    },
    {
      "fold": 3,
      "macro_f1": 0.8210563504681151,
      "macro_pr_auc": 0.9008333333333334,
      "macro_recall": 0.7333333333333334,
      "per_code": {
        "blur": {
          "f1": 0.8235294117647058,
          "pr_auc": 0.9525,
          "recall": 0.7,
          "valid_positive_count": 10
        },
        "flash": {
          "f1": 0.972972972972973,
          "pr_auc": 1.0,
          "recall": 1.0,
          "valid_positive_count": 18
        },
        "tunnel": {
          "f1": 0.6666666666666666,
          "pr_auc": 0.75,
          "recall": 0.5,
          "valid_positive_count": 2
        }
      },
      "threshold": 0.5,
      "valid_code_count": 3
    },
    {
      "fold": 4,
      "macro_f1": 0.8333333333333334,
      "macro_pr_auc": 0.9309944363420298,
      "macro_recall": 0.9696969696969697,
      "per_code": {
        "blur": {
          "f1": 0.8333333333333334,
          "pr_auc": 0.9596499756927566,
          "recall": 0.9090909090909091,
          "valid_positive_count": 11
        },
        "flash": {
          "f1": 1.0,
          "pr_auc": 0.9999999999999999,
          "recall": 1.0,
          "valid_positive_count": 19
        },
        "tunnel": {
          "f1": 0.6666666666666666,
          "pr_auc": 0.8333333333333333,
          "recall": 1.0,
          "valid_positive_count": 2
        }
      },
      "threshold": 0.5,
      "valid_code_count": 3
    }
  ],
  "fold_scheme": "weld_independent",
  "mode": "random_forest",
  "sample_count": 101
}
runs=1 ok=True
OK /home/user/PROJECT/MMDII/MMDII-Core/outputs/alignment-weld-independent-v0-2-1/seed-17-random-forest samples=101
{
  "aggregator": "mean",
  "fold_count": 5,
  "fold_metrics": [
    {
      "best_epoch": 20,
      "early_stopping_monitor": null,
      "epochs_ran": 20,
      "fold": 0,
      "macro_f1": 0.8258027848820687,
      "macro_pr_auc": 0.9289532483976929,
      "macro_recall": 0.9326599326599326,
      "per_code": {
        "blur": {
          "f1": 0.8695652173913043,
          "pr_auc": 0.7955017205017203,
          "recall": 0.9090909090909091,
          "valid_positive_count": 11
        },
        "flash": {
          "f1": 0.9411764705882353,
          "pr_auc": 0.9913580246913581,
          "recall": 0.8888888888888888,
          "valid_positive_count": 18
        },
        "tunnel": {
          "f1": 0.6666666666666666,
          "pr_auc": 1.0,
          "recall": 1.0,
          "valid_positive_count": 2
        }
      },
      "threshold": 0.5,
      "valid_code_count": 3
    },
    {
      "best_epoch": 20,
      "early_stopping_monitor": null,
      "epochs_ran": 20,
      "fold": 1,
      "macro_f1": 0.5580645161290323,
      "macro_pr_auc": 0.8260925039872408,
      "macro_recall": 0.5105263157894737,
      "per_code": {
        "blur": {
          "f1": 0.9,
          "pr_auc": 0.9809090909090908,
          "recall": 0.9,
          "valid_positive_count": 10
        },
        "flash": {
          "f1": 0.7741935483870968,
          "pr_auc": 0.9973684210526315,
          "recall": 0.631578947368421,
          "valid_positive_count": 19
        },
        "tunnel": {
          "f1": 0.0,
          "pr_auc": 0.5,
          "recall": 0.0,
          "valid_positive_count": 2
        }
      },
      "threshold": 0.5,
      "valid_code_count": 3
    },
    {
      "best_epoch": 20,
      "early_stopping_monitor": null,
      "epochs_ran": 20,
      "fold": 2,
      "macro_f1": 0.7319508448540706,
      "macro_pr_auc": 0.8671092301295259,
      "macro_recall": 0.8468013468013469,
      "per_code": {
        "blur": {
          "f1": 0.8571428571428571,
          "pr_auc": 0.9465709728867624,
          "recall": 0.8181818181818182,
          "valid_positive_count": 11
        },
        "flash": {
          "f1": 0.8387096774193549,
          "pr_auc": 0.988090050835149,
          "recall": 0.7222222222222222,
          "valid_positive_count": 18
        },
        "tunnel": {
          "f1": 0.5,
          "pr_auc": 0.6666666666666666,
          "recall": 1.0,
          "valid_positive_count": 2
        }
      },
      "threshold": 0.5,
      "valid_code_count": 3
    },
    {
      "best_epoch": 20,
      "early_stopping_monitor": null,
      "epochs_ran": 20,
      "fold": 3,
      "macro_f1": 0.6807017543859649,
      "macro_pr_auc": 0.7046551742604374,
      "macro_recall": 0.6555555555555556,
      "per_code": {
        "blur": {
          "f1": 0.8421052631578947,
          "pr_auc": 0.7389655227813122,
          "recall": 0.8,
          "valid_positive_count": 10
        },
        "flash": {
          "f1": 0.8,
          "pr_auc": 1.0,
          "recall": 0.6666666666666666,
          "valid_positive_count": 18
        },
        "tunnel": {
          "f1": 0.4,
          "pr_auc": 0.375,
          "recall": 0.5,
          "valid_positive_count": 2
        }
      },
      "threshold": 0.5,
      "valid_code_count": 3
    },
    {
      "best_epoch": 20,
      "early_stopping_monitor": null,
      "epochs_ran": 20,
      "fold": 4,
      "macro_f1": 0.7949055775142732,
      "macro_pr_auc": 0.8613481366616226,
      "macro_recall": 0.8819776714513555,
      "per_code": {
        "blur": {
          "f1": 0.8695652173913043,
          "pr_auc": 0.8454660238751148,
          "recall": 0.9090909090909091,
          "valid_positive_count": 11
        },
        "flash": {
          "f1": 0.8484848484848485,
          "pr_auc": 0.988578386109753,
          "recall": 0.7368421052631579,
          "valid_positive_count": 19
        },
        "tunnel": {
          "f1": 0.6666666666666666,
          "pr_auc": 0.75,
          "recall": 1.0,
          "valid_positive_count": 2
        }
      },
      "threshold": 0.5,
      "valid_code_count": 3
    }
  ],
  "fold_scheme": "weld_independent",
  "mode": "full_signal",
  "sample_count": 101
}
runs=1 ok=True
OK /home/user/PROJECT/MMDII/MMDII-Core/outputs/alignment-weld-independent-v0-2-1/seed-17-e0-full-signal samples=101
{
  "aggregator": "mean",
  "fold_count": 5,
  "fold_metrics": [
    {
      "best_epoch": 20,
      "early_stopping_monitor": null,
      "epochs_ran": 20,
      "fold": 0,
      "macro_f1": 0.7960858585858586,
      "macro_pr_auc": 0.8671483250070985,
      "macro_recall": 0.8771043771043772,
      "per_code": {
        "blur": {
          "f1": 0.9090909090909091,
          "pr_auc": 0.8087990292535745,
          "recall": 0.9090909090909091,
          "valid_positive_count": 11
        },
        "flash": {
          "f1": 0.8125,
          "pr_auc": 0.9593126124343876,
          "recall": 0.7222222222222222,
          "valid_positive_count": 18
        },
        "tunnel": {
          "f1": 0.6666666666666666,
          "pr_auc": 0.8333333333333333,
          "recall": 1.0,
          "valid_positive_count": 2
        }
      },
      "threshold": 0.5,
      "valid_code_count": 3
    },
    {
      "best_epoch": 20,
      "early_stopping_monitor": null,
      "epochs_ran": 20,
      "fold": 1,
      "macro_f1": 0.7763347763347763,
      "macro_pr_auc": 0.8967935621882989,
      "macro_recall": 0.912280701754386,
      "per_code": {
        "blur": {
          "f1": 0.9090909090909091,
          "pr_auc": 0.9430122655122654,
          "recall": 1.0,
          "valid_positive_count": 10
        },
        "flash": {
          "f1": 0.8484848484848485,
          "pr_auc": 0.9973684210526315,
          "recall": 0.7368421052631579,
          "valid_positive_count": 19
        },
        "tunnel": {
          "f1": 0.5714285714285714,
          "pr_auc": 0.75,
          "recall": 1.0,
          "valid_positive_count": 2
        }
      },
      "threshold": 0.5,
      "valid_code_count": 3
    },
    {
      "best_epoch": 20,
      "early_stopping_monitor": null,
      "epochs_ran": 20,
      "fold": 2,
      "macro_f1": 0.7279800809212574,
      "macro_pr_auc": 0.8461500033588957,
      "macro_recall": 0.8838383838383838,
      "per_code": {
        "blur": {
          "f1": 0.8571428571428571,
          "pr_auc": 0.916015417331207,
          "recall": 0.8181818181818182,
          "valid_positive_count": 11
        },
        "flash": {
          "f1": 0.8823529411764706,
          "pr_auc": 0.9795774498883376,
          "recall": 0.8333333333333334,
          "valid_positive_count": 18
        },
        "tunnel": {
          "f1": 0.4444444444444444,
          "pr_auc": 0.6428571428571428,
          "recall": 1.0,
          "valid_positive_count": 2
        }
      },
      "threshold": 0.5,
      "valid_code_count": 3
    },
    {
      "best_epoch": 20,
      "early_stopping_monitor": null,
      "epochs_ran": 20,
      "fold": 3,
      "macro_f1": 0.6584795321637427,
      "macro_pr_auc": 0.738936925647452,
      "macro_recall": 0.6555555555555556,
      "per_code": {
        "blur": {
          "f1": 0.8421052631578947,
          "pr_auc": 0.8030680868838762,
          "recall": 0.8,
          "valid_positive_count": 10
        },
        "flash": {
          "f1": 0.8,
          "pr_auc": 0.997076023391813,
          "recall": 0.6666666666666666,
          "valid_positive_count": 18
        },
        "tunnel": {
          "f1": 0.3333333333333333,
          "pr_auc": 0.41666666666666663,
          "recall": 0.5,
          "valid_positive_count": 2
        }
      },
      "threshold": 0.5,
      "valid_code_count": 3
    },
    {
      "best_epoch": 20,
      "early_stopping_monitor": null,
      "epochs_ran": 20,
      "fold": 4,
      "macro_f1": 0.8145862552594672,
      "macro_pr_auc": 0.8904825256644328,
      "macro_recall": 0.84688995215311,
      "per_code": {
        "blur": {
          "f1": 0.8695652173913043,
          "pr_auc": 0.8528253312344221,
          "recall": 0.9090909090909091,
          "valid_positive_count": 11
        },
        "flash": {
          "f1": 0.7741935483870968,
          "pr_auc": 0.9852889124255426,
          "recall": 0.631578947368421,
          "valid_positive_count": 19
        },
        "tunnel": {
          "f1": 0.8,
          "pr_auc": 0.8333333333333333,
          "recall": 1.0,
          "valid_positive_count": 2
        }
      },
      "threshold": 0.5,
      "valid_code_count": 3
    }
  ],
  "fold_scheme": "weld_independent",
  "mode": "window_mil",
  "sample_count": 101
}
runs=1 ok=True
OK /home/user/PROJECT/MMDII/MMDII-Core/outputs/alignment-weld-independent-v0-2-1/seed-17-e1a-mean samples=101
{
  "aggregator": "max",
  "fold_count": 5,
  "fold_metrics": [
    {
      "best_epoch": 20,
      "early_stopping_monitor": null,
      "epochs_ran": 20,
      "fold": 0,
      "macro_f1": 0.6506493506493506,
      "macro_pr_auc": 0.8958466842610133,
      "macro_recall": 0.8030303030303031,
      "per_code": {
        "blur": {
          "f1": 0.9090909090909091,
          "pr_auc": 0.9536042240587697,
          "recall": 0.9090909090909091,
          "valid_positive_count": 11
        },
        "flash": {
          "f1": 0.6428571428571429,
          "pr_auc": 0.9006024953909371,
          "recall": 0.5,
          "valid_positive_count": 18
        },
        "tunnel": {
          "f1": 0.4,
          "pr_auc": 0.8333333333333333,
          "recall": 1.0,
          "valid_positive_count": 2
        }
      },
      "threshold": 0.5,
      "valid_code_count": 3
    },
    {
      "best_epoch": 20,
      "early_stopping_monitor": null,
      "epochs_ran": 20,
      "fold": 1,
      "macro_f1": 0.5197401299350325,
      "macro_pr_auc": 0.6543120834892058,
      "macro_recall": 0.5087719298245613,
      "per_code": {
        "blur": {
          "f1": 0.8695652173913043,
          "pr_auc": 0.791024531024531,
          "recall": 1.0,
          "valid_positive_count": 10
        },
        "flash": {
          "f1": 0.6896551724137931,
          "pr_auc": 0.988578386109753,
          "recall": 0.5263157894736842,
          "valid_positive_count": 19
        },
        "tunnel": {
          "f1": 0.0,
          "pr_auc": 0.18333333333333335,
          "recall": 0.0,
          "valid_positive_count": 2
        }
      },
      "threshold": 0.5,
      "valid_code_count": 3
    },
    {
      "best_epoch": 20,
      "early_stopping_monitor": null,
      "epochs_ran": 20,
      "fold": 2,
      "macro_f1": 0.6972222222222223,
      "macro_pr_auc": 0.8474801848093589,
      "macro_recall": 0.5404040404040403,
      "per_code": {
        "blur": {
          "f1": 0.625,
          "pr_auc": 0.9362339977313241,
          "recall": 0.45454545454545453,
          "valid_positive_count": 11
        },
        "flash": {
          "f1": 0.8,
          "pr_auc": 0.96334941383961,
          "recall": 0.6666666666666666,
          "valid_positive_count": 18
        },
        "tunnel": {
          "f1": 0.6666666666666666,
          "pr_auc": 0.6428571428571428,
          "recall": 0.5,
          "valid_positive_count": 2
        }
      },
      "threshold": 0.5,
      "valid_code_count": 3
    },
    {
      "best_epoch": 20,
      "early_stopping_monitor": null,
      "epochs_ran": 20,
      "fold": 3,
      "macro_f1": 0.6634920634920635,
      "macro_pr_auc": 0.7045922060713944,
      "macro_recall": 0.8555555555555555,
      "per_code": {
        "blur": {
          "f1": 0.8571428571428571,
          "pr_auc": 0.9344497607655503,
          "recall": 0.9,
          "valid_positive_count": 10
        },
        "flash": {
          "f1": 0.8,
          "pr_auc": 0.9682157463375214,
          "recall": 0.6666666666666666,
          "valid_positive_count": 18
        },
        "tunnel": {
          "f1": 0.3333333333333333,
          "pr_auc": 0.2111111111111111,
          "recall": 1.0,
          "valid_positive_count": 2
        }
      },
      "threshold": 0.5,
      "valid_code_count": 3
    },
    {
      "best_epoch": 20,
      "early_stopping_monitor": null,
      "epochs_ran": 20,
      "fold": 4,
      "macro_f1": 0.7536796536796538,
      "macro_pr_auc": 0.7981066997359751,
      "macro_recall": 0.7639553429027114,
      "per_code": {
        "blur": {
          "f1": 0.8181818181818182,
          "pr_auc": 0.8329660238751149,
          "recall": 0.8181818181818182,
          "valid_positive_count": 11
        },
        "flash": {
          "f1": 0.6428571428571429,
          "pr_auc": 0.9780207419994773,
          "recall": 0.47368421052631576,
          "valid_positive_count": 19
        },
        "tunnel": {
          "f1": 0.8,
          "pr_auc": 0.5833333333333333,
          "recall": 1.0,
          "valid_positive_count": 2
        }
      },
      "threshold": 0.5,
      "valid_code_count": 3
    }
  ],
  "fold_scheme": "weld_independent",
  "mode": "window_mil",
  "sample_count": 101
}
runs=1 ok=True
OK /home/user/PROJECT/MMDII/MMDII-Core/outputs/alignment-weld-independent-v0-2-1/seed-17-e1b-max samples=101
{
  "aggregator": "topk_mean",
  "fold_count": 5,
  "fold_metrics": [
    {
      "best_epoch": 20,
      "early_stopping_monitor": null,
      "epochs_ran": 20,
      "fold": 0,
      "macro_f1": 0.7236024844720497,
      "macro_pr_auc": 0.7663934214744171,
      "macro_recall": 0.8333333333333334,
      "per_code": {
        "blur": {
          "f1": 0.9565217391304348,
          "pr_auc": 0.9536042240587697,
          "recall": 1.0,
          "valid_positive_count": 11
        },
        "flash": {
          "f1": 0.6428571428571429,
          "pr_auc": 0.9289093736978155,
          "recall": 0.5,
          "valid_positive_count": 18
        },
        "tunnel": {
          "f1": 0.5714285714285714,
          "pr_auc": 0.41666666666666663,
          "recall": 1.0,
          "valid_positive_count": 2
        }
      },
      "threshold": 0.5,
      "valid_code_count": 3
    },
    {
      "best_epoch": 20,
      "early_stopping_monitor": null,
      "epochs_ran": 20,
      "fold": 1,
      "macro_f1": 0.5645803471890428,
      "macro_pr_auc": 0.7284597925053359,
      "macro_recall": 0.6228070175438597,
      "per_code": {
        "blur": {
          "f1": 0.8695652173913043,
          "pr_auc": 0.8072333222333222,
          "recall": 1.0,
          "valid_positive_count": 10
        },
        "flash": {
          "f1": 0.5384615384615384,
          "pr_auc": 0.9852889124255426,
          "recall": 0.3684210526315789,
          "valid_positive_count": 19
        },
        "tunnel": {
          "f1": 0.2857142857142857,
          "pr_auc": 0.39285714285714285,
          "recall": 0.5,
          "valid_positive_count": 2
        }
      },
      "threshold": 0.5,
      "valid_code_count": 3
    },
    {
      "best_epoch": 20,
      "early_stopping_monitor": null,
      "epochs_ran": 20,
      "fold": 2,
      "macro_f1": 0.6900584795321637,
      "macro_pr_auc": 0.8271804728144442,
      "macro_recall": 0.5454545454545454,
      "per_code": {
        "blur": {
          "f1": 0.7368421052631579,
          "pr_auc": 0.9406172110717566,
          "recall": 0.6363636363636364,
          "valid_positive_count": 11
        },
        "flash": {
          "f1": 0.6666666666666666,
          "pr_auc": 0.9298130962604647,
          "recall": 0.5,
          "valid_positive_count": 18
        },
        "tunnel": {
          "f1": 0.6666666666666666,
          "pr_auc": 0.6111111111111112,
          "recall": 0.5,
          "valid_positive_count": 2
        }
      },
      "threshold": 0.5,
      "valid_code_count": 3
    },
    {
      "best_epoch": 20,
      "early_stopping_monitor": null,
      "epochs_ran": 20,
      "fold": 3,
      "macro_f1": 0.6041666666666667,
      "macro_pr_auc": 0.6925881947970871,
      "macro_recall": 0.7074074074074074,
      "per_code": {
        "blur": {
          "f1": 0.8181818181818182,
          "pr_auc": 0.9426315789473684,
          "recall": 0.9,
          "valid_positive_count": 10
        },
        "flash": {
          "f1": 0.8125,
          "pr_auc": 0.9795774498883376,
          "recall": 0.7222222222222222,
          "valid_positive_count": 18
        },
        "tunnel": {
          "f1": 0.18181818181818182,
          "pr_auc": 0.15555555555555556,
          "recall": 0.5,
          "valid_positive_count": 2
        }
      },
      "threshold": 0.5,
      "valid_code_count": 3
    },
    {
      "best_epoch": 20,
      "early_stopping_monitor": null,
      "epochs_ran": 20,
      "fold": 4,
      "macro_f1": 0.6924803591470258,
      "macro_pr_auc": 0.894681469994956,
      "macro_recall": 0.7464114832535885,
      "per_code": {
        "blur": {
          "f1": 0.8181818181818182,
          "pr_auc": 0.8689309361558166,
          "recall": 0.8181818181818182,
          "valid_positive_count": 11
        },
        "flash": {
          "f1": 0.5925925925925926,
          "pr_auc": 0.981780140495718,
          "recall": 0.42105263157894735,
          "valid_positive_count": 19
        },
        "tunnel": {
          "f1": 0.6666666666666666,
          "pr_auc": 0.8333333333333333,
          "recall": 1.0,
          "valid_positive_count": 2
        }
      },
      "threshold": 0.5,
      "valid_code_count": 3
    }
  ],
  "fold_scheme": "weld_independent",
  "mode": "window_mil",
  "sample_count": 101
}
runs=1 ok=True
OK /home/user/PROJECT/MMDII/MMDII-Core/outputs/alignment-weld-independent-v0-2-1/seed-17-e1b-topk-mean samples=101
{
  "aggregator": "gated_attention",
  "fold_count": 5,
  "fold_metrics": [
    {
      "best_epoch": 20,
      "early_stopping_monitor": null,
      "epochs_ran": 20,
      "fold": 0,
      "macro_f1": 0.8490620490620491,
      "macro_pr_auc": 0.9615188683370501,
      "macro_recall": 0.9511784511784511,
      "per_code": {
        "blur": {
          "f1": 0.9090909090909091,
          "pr_auc": 0.8845566050111504,
          "recall": 0.9090909090909091,
          "valid_positive_count": 11
        },
        "flash": {
          "f1": 0.9714285714285714,
          "pr_auc": 1.0,
          "recall": 0.9444444444444444,
          "valid_positive_count": 18
        },
        "tunnel": {
          "f1": 0.6666666666666666,
          "pr_auc": 1.0,
          "recall": 1.0,
          "valid_positive_count": 2
        }
      },
      "threshold": 0.5,
      "valid_code_count": 3
    },
    {
      "best_epoch": 20,
      "early_stopping_monitor": null,
      "epochs_ran": 20,
      "fold": 1,
      "macro_f1": 0.6837944664031621,
      "macro_pr_auc": 0.7882012180904147,
      "macro_recall": 0.7456140350877193,
      "per_code": {
        "blur": {
          "f1": 0.8695652173913043,
          "pr_auc": 0.9229292929292928,
          "recall": 1.0,
          "valid_positive_count": 10
        },
        "flash": {
          "f1": 0.8484848484848485,
          "pr_auc": 0.9916743613419512,
          "recall": 0.7368421052631579,
          "valid_positive_count": 19
        },
        "tunnel": {
          "f1": 0.3333333333333333,
          "pr_auc": 0.45,
          "recall": 0.5,
          "valid_positive_count": 2
        }
      },
      "threshold": 0.5,
      "valid_code_count": 3
    },
    {
      "best_epoch": 20,
      "early_stopping_monitor": null,
      "epochs_ran": 20,
      "fold": 2,
      "macro_f1": 0.7108225108225108,
      "macro_pr_auc": 0.8299066787822379,
      "macro_recall": 0.7356902356902357,
      "per_code": {
        "blur": {
          "f1": 0.8181818181818182,
          "pr_auc": 0.9185406698564595,
          "recall": 0.8181818181818182,
          "valid_positive_count": 11
        },
        "flash": {
          "f1": 0.9142857142857143,
          "pr_auc": 0.960068255379143,
          "recall": 0.8888888888888888,
          "valid_positive_count": 18
        },
        "tunnel": {
          "f1": 0.4,
          "pr_auc": 0.6111111111111112,
          "recall": 0.5,
          "valid_positive_count": 2
        }
      },
      "threshold": 0.5,
      "valid_code_count": 3
    },
    {
      "best_epoch": 20,
      "early_stopping_monitor": null,
      "epochs_ran": 20,
      "fold": 3,
      "macro_f1": 0.7390350877192983,
      "macro_pr_auc": 0.725229044834308,
      "macro_recall": 0.8592592592592593,
      "per_code": {
        "blur": {
          "f1": 0.8421052631578947,
          "pr_auc": 0.8423538011695906,
          "recall": 0.8,
          "valid_positive_count": 10
        },
        "flash": {
          "f1": 0.875,
          "pr_auc": 1.0,
          "recall": 0.7777777777777778,
          "valid_positive_count": 18
        },
        "tunnel": {
          "f1": 0.5,
          "pr_auc": 0.3333333333333333,
          "recall": 1.0,
          "valid_positive_count": 2
        }
      },
      "threshold": 0.5,
      "valid_code_count": 3
    },
    {
      "best_epoch": 20,
      "early_stopping_monitor": null,
      "epochs_ran": 20,
      "fold": 4,
      "macro_f1": 0.7949055775142732,
      "macro_pr_auc": 0.9164276800640435,
      "macro_recall": 0.8819776714513555,
      "per_code": {
        "blur": {
          "f1": 0.8695652173913043,
          "pr_auc": 0.9159497068587978,
          "recall": 0.9090909090909091,
          "valid_positive_count": 11
        },
        "flash": {
          "f1": 0.8484848484848485,
          "pr_auc": 0.9999999999999998,
          "recall": 0.7368421052631579,
          "valid_positive_count": 19
        },
        "tunnel": {
          "f1": 0.6666666666666666,
          "pr_auc": 0.8333333333333333,
          "recall": 1.0,
          "valid_positive_count": 2
        }
      },
      "threshold": 0.5,
      "valid_code_count": 3
    }
  ],
  "fold_scheme": "weld_independent",
  "mode": "window_mil",
  "sample_count": 101
}
runs=1 ok=True
OK /home/user/PROJECT/MMDII/MMDII-Core/outputs/alignment-weld-independent-v0-2-1/seed-17-e1c-gated-attention samples=101
{
  "aggregator": "mean",
  "fold_count": 5,
  "fold_metrics": [
    {
      "fold": 0,
      "macro_f1": 0.7808460634547592,
      "macro_pr_auc": 0.9625759762123399,
      "macro_recall": 0.9696969696969697,
      "per_code": {
        "blur": {
          "f1": 0.8695652173913043,
          "pr_auc": 0.8877279286370197,
          "recall": 0.9090909090909091,
          "valid_positive_count": 11
        },
        "flash": {
          "f1": 0.972972972972973,
          "pr_auc": 1.0,
          "recall": 1.0,
          "valid_positive_count": 18
        },
        "tunnel": {
          "f1": 0.5,
          "pr_auc": 1.0,
          "recall": 1.0,
          "valid_positive_count": 2
        }
      },
      "threshold": 0.5,
      "valid_code_count": 3
    },
    {
      "fold": 1,
      "macro_f1": 0.7057280883367839,
      "macro_pr_auc": 0.8315129989021955,
      "macro_recall": 0.7807017543859649,
      "per_code": {
        "blur": {
          "f1": 0.8695652173913043,
          "pr_auc": 0.8361979686979686,
          "recall": 1.0,
          "valid_positive_count": 10
        },
        "flash": {
          "f1": 0.9142857142857143,
          "pr_auc": 0.9916743613419512,
          "recall": 0.8421052631578947,
          "valid_positive_count": 19
        },
        "tunnel": {
          "f1": 0.3333333333333333,
          "pr_auc": 0.6666666666666666,
          "recall": 0.5,
          "valid_positive_count": 2
        }
      },
      "threshold": 0.5,
      "valid_code_count": 3
    },
    {
      "fold": 2,
      "macro_f1": 0.67987012987013,
      "macro_pr_auc": 0.8609728234728236,
      "macro_recall": 0.7542087542087542,
      "per_code": {
        "blur": {
          "f1": 0.8181818181818182,
          "pr_auc": 0.9456168831168832,
          "recall": 0.8181818181818182,
          "valid_positive_count": 11
        },
        "flash": {
          "f1": 0.9714285714285714,
          "pr_auc": 0.9944444444444446,
          "recall": 0.9444444444444444,
          "valid_positive_count": 18
        },
        "tunnel": {
          "f1": 0.25,
          "pr_auc": 0.6428571428571428,
          "recall": 0.5,
          "valid_positive_count": 2
        }
      },
      "threshold": 0.5,
      "valid_code_count": 3
    },
    {
      "fold": 3,
      "macro_f1": 0.6670653907496013,
      "macro_pr_auc": 0.8458333333333333,
      "macro_recall": 0.7111111111111111,
      "per_code": {
        "blur": {
          "f1": 0.8421052631578947,
          "pr_auc": 0.9263888888888888,
          "recall": 0.8,
          "valid_positive_count": 10
        },
        "flash": {
          "f1": 0.9090909090909091,
          "pr_auc": 1.0,
          "recall": 0.8333333333333334,
          "valid_positive_count": 18
        },
        "tunnel": {
          "f1": 0.25,
          "pr_auc": 0.6111111111111112,
          "recall": 0.5,
          "valid_positive_count": 2
        }
      },
      "threshold": 0.5,
      "valid_code_count": 3
    },
    {
      "fold": 4,
      "macro_f1": 0.7542087542087542,
      "macro_pr_auc": 0.8378171093482099,
      "macro_recall": 0.7376395534290271,
      "per_code": {
        "blur": {
          "f1": 0.8181818181818182,
          "pr_auc": 0.8160829069919979,
          "recall": 0.8181818181818182,
          "valid_positive_count": 11
        },
        "flash": {
          "f1": 0.9444444444444444,
          "pr_auc": 0.9973684210526315,
          "recall": 0.8947368421052632,
          "valid_positive_count": 19
        },
        "tunnel": {
          "f1": 0.5,
          "pr_auc": 0.7,
          "recall": 0.5,
          "valid_positive_count": 2
        }
      },
      "threshold": 0.5,
      "valid_code_count": 3
    }
  ],
  "fold_scheme": "weld_independent",
  "mode": "statistical",
  "sample_count": 101
}
runs=1 ok=True
OK /home/user/PROJECT/MMDII/MMDII-Core/outputs/alignment-weld-independent-v0-2-1/seed-27-b0-statistical samples=101
{
  "aggregator": "mean",
  "fold_count": 5,
  "fold_metrics": [
    {
      "fold": 0,
      "macro_f1": 0.7845117845117845,
      "macro_pr_auc": 0.9321454639636458,
      "macro_recall": 0.7845117845117845,
      "per_code": {
        "blur": {
          "f1": 0.9090909090909091,
          "pr_auc": 0.9686586141131595,
          "recall": 0.9090909090909091,
          "valid_positive_count": 11
        },
        "flash": {
          "f1": 0.9444444444444444,
          "pr_auc": 0.9944444444444445,
          "recall": 0.9444444444444444,
          "valid_positive_count": 18
        },
        "tunnel": {
          "f1": 0.5,
          "pr_auc": 0.8333333333333333,
          "recall": 0.5,
          "valid_positive_count": 2
        }
      },
      "threshold": 0.5,
      "valid_code_count": 3
    },
    {
      "fold": 1,
      "macro_f1": 0.7872180451127818,
      "macro_pr_auc": 0.8136363636363636,
      "macro_recall": 0.7473684210526316,
      "per_code": {
        "blur": {
          "f1": 0.9473684210526315,
          "pr_auc": 0.9909090909090907,
          "recall": 0.9,
          "valid_positive_count": 10
        },
        "flash": {
          "f1": 0.9142857142857143,
          "pr_auc": 0.9999999999999999,
          "recall": 0.8421052631578947,
          "valid_positive_count": 19
        },
        "tunnel": {
          "f1": 0.5,
          "pr_auc": 0.45,
          "recall": 0.5,
          "valid_positive_count": 2
        }
      },
      "threshold": 0.5,
      "valid_code_count": 3
    },
    {
      "fold": 2,
      "macro_f1": 0.7854864433811802,
      "macro_pr_auc": 0.852272027064065,
      "macro_recall": 0.8030303030303031,
      "per_code": {
        "blur": {
          "f1": 0.9090909090909091,
          "pr_auc": 0.9404580565008372,
          "recall": 0.9090909090909091,
          "valid_positive_count": 11
        },
        "flash": {
          "f1": 0.9473684210526315,
          "pr_auc": 0.991358024691358,
          "recall": 1.0,
          "valid_positive_count": 18
        },
        "tunnel": {
          "f1": 0.5,
          "pr_auc": 0.625,
          "recall": 0.5,
          "valid_positive_count": 2
        }
      },
      "threshold": 0.5,
      "valid_code_count": 3
    },
    {
      "fold": 3,
      "macro_f1": 0.8210563504681151,
      "macro_pr_auc": 0.9008333333333334,
      "macro_recall": 0.7333333333333334,
      "per_code": {
        "blur": {
          "f1": 0.8235294117647058,
          "pr_auc": 0.9525,
          "recall": 0.7,
          "valid_positive_count": 10
        },
        "flash": {
          "f1": 0.972972972972973,
          "pr_auc": 1.0,
          "recall": 1.0,
          "valid_positive_count": 18
        },
        "tunnel": {
          "f1": 0.6666666666666666,
          "pr_auc": 0.75,
          "recall": 0.5,
          "valid_positive_count": 2
        }
      },
      "threshold": 0.5,
      "valid_code_count": 3
    },
    {
      "fold": 4,
      "macro_f1": 0.8333333333333334,
      "macro_pr_auc": 0.9249158249158249,
      "macro_recall": 0.9696969696969697,
      "per_code": {
        "blur": {
          "f1": 0.8333333333333334,
          "pr_auc": 0.9414141414141415,
          "recall": 0.9090909090909091,
          "valid_positive_count": 11
        },
        "flash": {
          "f1": 1.0,
          "pr_auc": 1.0,
          "recall": 1.0,
          "valid_positive_count": 19
        },
        "tunnel": {
          "f1": 0.6666666666666666,
          "pr_auc": 0.8333333333333333,
          "recall": 1.0,
          "valid_positive_count": 2
        }
      },
      "threshold": 0.5,
      "valid_code_count": 3
    }
  ],
  "fold_scheme": "weld_independent",
  "mode": "random_forest",
  "sample_count": 101
}
runs=1 ok=True
OK /home/user/PROJECT/MMDII/MMDII-Core/outputs/alignment-weld-independent-v0-2-1/seed-27-random-forest samples=101
{
  "aggregator": "mean",
  "fold_count": 5,
  "fold_metrics": [
    {
      "best_epoch": 20,
      "early_stopping_monitor": null,
      "epochs_ran": 20,
      "fold": 0,
      "macro_f1": 0.8190476190476191,
      "macro_pr_auc": 0.9312489325115587,
      "macro_recall": 0.8282828282828283,
      "per_code": {
        "blur": {
          "f1": 0.8571428571428571,
          "pr_auc": 0.8023887728433181,
          "recall": 0.8181818181818182,
          "valid_positive_count": 11
        },
        "flash": {
          "f1": 0.8,
          "pr_auc": 0.9913580246913581,
          "recall": 0.6666666666666666,
          "valid_positive_count": 18
        },
        "tunnel": {
          "f1": 0.8,
          "pr_auc": 1.0,
          "recall": 1.0,
          "valid_positive_count": 2
        }
      },
      "threshold": 0.5,
      "valid_code_count": 3
    },
    {
      "best_epoch": 20,
      "early_stopping_monitor": null,
      "epochs_ran": 20,
      "fold": 1,
      "macro_f1": 0.5828282828282828,
      "macro_pr_auc": 0.7901877500769466,
      "macro_recall": 0.5456140350877193,
      "per_code": {
        "blur": {
          "f1": 0.9,
          "pr_auc": 0.9622222222222222,
          "recall": 0.9,
          "valid_positive_count": 10
        },
        "flash": {
          "f1": 0.8484848484848485,
          "pr_auc": 0.9916743613419512,
          "recall": 0.7368421052631579,
          "valid_positive_count": 19
        },
        "tunnel": {
          "f1": 0.0,
          "pr_auc": 0.41666666666666663,
          "recall": 0.0,
          "valid_positive_count": 2
        }
      },
      "threshold": 0.5,
      "valid_code_count": 3
    },
    {
      "best_epoch": 20,
      "early_stopping_monitor": null,
      "epochs_ran": 20,
      "fold": 2,
      "macro_f1": 0.6748079877112135,
      "macro_pr_auc": 0.8579246646949605,
      "macro_recall": 0.6801346801346803,
      "per_code": {
        "blur": {
          "f1": 0.9,
          "pr_auc": 0.9436674436674437,
          "recall": 0.8181818181818182,
          "valid_positive_count": 11
        },
        "flash": {
          "f1": 0.8387096774193549,
          "pr_auc": 0.9872494075602952,
          "recall": 0.7222222222222222,
          "valid_positive_count": 18
        },
        "tunnel": {
          "f1": 0.2857142857142857,
          "pr_auc": 0.6428571428571428,
          "recall": 0.5,
          "valid_positive_count": 2
        }
      },
      "threshold": 0.5,
      "valid_code_count": 3
    },
    {
      "best_epoch": 20,
      "early_stopping_monitor": null,
      "epochs_ran": 20,
      "fold": 3,
      "macro_f1": 0.6140350877192983,
      "macro_pr_auc": 0.8506457115009746,
      "macro_recall": 0.6185185185185186,
      "per_code": {
        "blur": {
          "f1": 0.8421052631578947,
          "pr_auc": 0.8852704678362572,
          "recall": 0.8,
          "valid_positive_count": 10
        },
        "flash": {
          "f1": 0.7142857142857143,
          "pr_auc": 1.0,
          "recall": 0.5555555555555556,
          "valid_positive_count": 18
        },
        "tunnel": {
          "f1": 0.2857142857142857,
          "pr_auc": 0.6666666666666666,
          "recall": 0.5,
          "valid_positive_count": 2
        }
      },
      "threshold": 0.5,
      "valid_code_count": 3
    },
    {
      "best_epoch": 20,
      "early_stopping_monitor": null,
      "epochs_ran": 20,
      "fold": 4,
      "macro_f1": 0.8393500219587177,
      "macro_pr_auc": 0.8981627109761968,
      "macro_recall": 0.8819776714513555,
      "per_code": {
        "blur": {
          "f1": 0.8695652173913043,
          "pr_auc": 0.8725764134855045,
          "recall": 0.9090909090909091,
          "valid_positive_count": 11
        },
        "flash": {
          "f1": 0.8484848484848485,
          "pr_auc": 0.988578386109753,
          "recall": 0.7368421052631579,
          "valid_positive_count": 19
        },
        "tunnel": {
          "f1": 0.8,
          "pr_auc": 0.8333333333333333,
          "recall": 1.0,
          "valid_positive_count": 2
        }
      },
      "threshold": 0.5,
      "valid_code_count": 3
    }
  ],
  "fold_scheme": "weld_independent",
  "mode": "full_signal",
  "sample_count": 101
}
runs=1 ok=True
OK /home/user/PROJECT/MMDII/MMDII-Core/outputs/alignment-weld-independent-v0-2-1/seed-27-e0-full-signal samples=101
{
  "aggregator": "mean",
  "fold_count": 5,
  "fold_metrics": [
    {
      "best_epoch": 20,
      "early_stopping_monitor": null,
      "epochs_ran": 20,
      "fold": 0,
      "macro_f1": 0.8118961352657005,
      "macro_pr_auc": 0.8436610098531165,
      "macro_recall": 0.9074074074074074,
      "per_code": {
        "blur": {
          "f1": 0.9565217391304348,
          "pr_auc": 0.8087990292535745,
          "recall": 1.0,
          "valid_positive_count": 11
        },
        "flash": {
          "f1": 0.8125,
          "pr_auc": 0.9721840003057753,
          "recall": 0.7222222222222222,
          "valid_positive_count": 18
        },
        "tunnel": {
          "f1": 0.6666666666666666,
          "pr_auc": 0.75,
          "recall": 1.0,
          "valid_positive_count": 2
        }
      },
      "threshold": 0.5,
      "valid_code_count": 3
    },
    {
      "best_epoch": 20,
      "early_stopping_monitor": null,
      "epochs_ran": 20,
      "fold": 1,
      "macro_f1": 0.7733044733044734,
      "macro_pr_auc": 0.8076733200625167,
      "macro_recall": 0.8789473684210526,
      "per_code": {
        "blur": {
          "f1": 0.9,
          "pr_auc": 0.8480122655122654,
          "recall": 0.9,
          "valid_positive_count": 10
        },
        "flash": {
          "f1": 0.8484848484848485,
          "pr_auc": 0.9916743613419512,
          "recall": 0.7368421052631579,
          "valid_positive_count": 19
        },
        "tunnel": {
          "f1": 0.5714285714285714,
          "pr_auc": 0.5833333333333333,
          "recall": 1.0,
          "valid_positive_count": 2
        }
      },
      "threshold": 0.5,
      "valid_code_count": 3
    },
    {
      "best_epoch": 20,
      "early_stopping_monitor": null,
      "epochs_ran": 20,
      "fold": 2,
      "macro_f1": 0.6608225108225109,
      "macro_pr_auc": 0.8403036611489171,
      "macro_recall": 0.7356902356902357,
      "per_code": {
        "blur": {
          "f1": 0.8181818181818182,
          "pr_auc": 0.9027498949747754,
          "recall": 0.8181818181818182,
          "valid_positive_count": 11
        },
        "flash": {
          "f1": 0.9142857142857143,
          "pr_auc": 0.9753039456148334,
          "recall": 0.8888888888888888,
          "valid_positive_count": 18
        },
        "tunnel": {
          "f1": 0.25,
          "pr_auc": 0.6428571428571428,
          "recall": 0.5,
          "valid_positive_count": 2
        }
      },
      "threshold": 0.5,
      "valid_code_count": 3
    },
    {
      "best_epoch": 20,
      "early_stopping_monitor": null,
      "epochs_ran": 20,
      "fold": 3,
      "macro_f1": 0.6446864287154668,
      "macro_pr_auc": 0.7372354611110201,
      "macro_recall": 0.6370370370370371,
      "per_code": {
        "blur": {
          "f1": 0.8421052631578947,
          "pr_auc": 0.8543180868838763,
          "recall": 0.8,
          "valid_positive_count": 10
        },
        "flash": {
          "f1": 0.7586206896551724,
          "pr_auc": 0.9907216297825174,
          "recall": 0.6111111111111112,
          "valid_positive_count": 18
        },
        "tunnel": {
          "f1": 0.3333333333333333,
          "pr_auc": 0.3666666666666667,
          "recall": 0.5,
          "valid_positive_count": 2
        }
      },
      "threshold": 0.5,
      "valid_code_count": 3
    },
    {
      "best_epoch": 20,
      "early_stopping_monitor": null,
      "epochs_ran": 20,
      "fold": 4,
      "macro_f1": 0.8393500219587177,
      "macro_pr_auc": 0.8571814699949559,
      "macro_recall": 0.8819776714513555,
      "per_code": {
        "blur": {
          "f1": 0.8695652173913043,
          "pr_auc": 0.7496326905417815,
          "recall": 0.9090909090909091,
          "valid_positive_count": 11
        },
        "flash": {
          "f1": 0.8484848484848485,
          "pr_auc": 0.988578386109753,
          "recall": 0.7368421052631579,
          "valid_positive_count": 19
        },
        "tunnel": {
          "f1": 0.8,
          "pr_auc": 0.8333333333333333,
          "recall": 1.0,
          "valid_positive_count": 2
        }
      },
      "threshold": 0.5,
      "valid_code_count": 3
    }
  ],
  "fold_scheme": "weld_independent",
  "mode": "window_mil",
  "sample_count": 101
}
runs=1 ok=True
OK /home/user/PROJECT/MMDII/MMDII-Core/outputs/alignment-weld-independent-v0-2-1/seed-27-e1a-mean samples=101
{
  "aggregator": "max",
  "fold_count": 5,
  "fold_metrics": [
    {
      "best_epoch": 20,
      "early_stopping_monitor": null,
      "epochs_ran": 20,
      "fold": 0,
      "macro_f1": 0.5198412698412699,
      "macro_pr_auc": 0.6778105023359426,
      "macro_recall": 0.5,
      "per_code": {
        "blur": {
          "f1": 0.9166666666666666,
          "pr_auc": 0.9254656959202414,
          "recall": 1.0,
          "valid_positive_count": 11
        },
        "flash": {
          "f1": 0.6428571428571429,
          "pr_auc": 0.9454658110875863,
          "recall": 0.5,
          "valid_positive_count": 18
        },
        "tunnel": {
          "f1": 0.0,
          "pr_auc": 0.1625,
          "recall": 0.0,
          "valid_positive_count": 2
        }
      },
      "threshold": 0.5,
      "valid_code_count": 3
    },
    {
      "best_epoch": 20,
      "early_stopping_monitor": null,
      "epochs_ran": 20,
      "fold": 1,
      "macro_f1": 0.6599326599326599,
      "macro_pr_auc": 0.6707827424598648,
      "macro_recall": 0.7456140350877193,
      "per_code": {
        "blur": {
          "f1": 0.9090909090909091,
          "pr_auc": 0.8404365079365078,
          "recall": 1.0,
          "valid_positive_count": 10
        },
        "flash": {
          "f1": 0.8484848484848485,
          "pr_auc": 0.988578386109753,
          "recall": 0.7368421052631579,
          "valid_positive_count": 19
        },
        "tunnel": {
          "f1": 0.2222222222222222,
          "pr_auc": 0.18333333333333335,
          "recall": 0.5,
          "valid_positive_count": 2
        }
      },
      "threshold": 0.5,
      "valid_code_count": 3
    },
    {
      "best_epoch": 20,
      "early_stopping_monitor": null,
      "epochs_ran": 20,
      "fold": 2,
      "macro_f1": 0.6411764705882352,
      "macro_pr_auc": 0.8367342129608758,
      "macro_recall": 0.8047138047138048,
      "per_code": {
        "blur": {
          "f1": 0.7,
          "pr_auc": 0.8454840613931522,
          "recall": 0.6363636363636364,
          "valid_positive_count": 11
        },
        "flash": {
          "f1": 0.8235294117647058,
          "pr_auc": 0.9647185774894754,
          "recall": 0.7777777777777778,
          "valid_positive_count": 18
        },
        "tunnel": {
          "f1": 0.4,
          "pr_auc": 0.7,
          "recall": 1.0,
          "valid_positive_count": 2
        }
      },
      "threshold": 0.5,
      "valid_code_count": 3
    },
    {
      "best_epoch": 20,
      "early_stopping_monitor": null,
      "epochs_ran": 20,
      "fold": 3,
      "macro_f1": 0.5942028985507247,
      "macro_pr_auc": 0.6900831448711565,
      "macro_recall": 0.6888888888888888,
      "per_code": {
        "blur": {
          "f1": 0.782608695652174,
          "pr_auc": 0.8878588516746411,
          "recall": 0.9,
          "valid_positive_count": 10
        },
        "flash": {
          "f1": 0.8,
          "pr_auc": 0.9712794718277176,
          "recall": 0.6666666666666666,
          "valid_positive_count": 18
        },
        "tunnel": {
          "f1": 0.2,
          "pr_auc": 0.2111111111111111,
          "recall": 0.5,
          "valid_positive_count": 2
        }
      },
      "threshold": 0.5,
      "valid_code_count": 3
    },
    {
      "best_epoch": 20,
      "early_stopping_monitor": null,
      "epochs_ran": 20,
      "fold": 4,
      "macro_f1": 0.6915644741731698,
      "macro_pr_auc": 0.7610399724602696,
      "macro_recall": 0.7591706539074959,
      "per_code": {
        "blur": {
          "f1": 0.8695652173913043,
          "pr_auc": 0.8718549127640038,
          "recall": 0.9090909090909091,
          "valid_positive_count": 11
        },
        "flash": {
          "f1": 0.5384615384615384,
          "pr_auc": 0.9945983379501384,
          "recall": 0.3684210526315789,
          "valid_positive_count": 19
        },
        "tunnel": {
          "f1": 0.6666666666666666,
          "pr_auc": 0.41666666666666663,
          "recall": 1.0,
          "valid_positive_count": 2
        }
      },
      "threshold": 0.5,
      "valid_code_count": 3
    }
  ],
  "fold_scheme": "weld_independent",
  "mode": "window_mil",
  "sample_count": 101
}
runs=1 ok=True
OK /home/user/PROJECT/MMDII/MMDII-Core/outputs/alignment-weld-independent-v0-2-1/seed-27-e1b-max samples=101
{
  "aggregator": "topk_mean",
  "fold_count": 5,
  "fold_metrics": [
    {
      "best_epoch": 20,
      "early_stopping_monitor": null,
      "epochs_ran": 20,
      "fold": 0,
      "macro_f1": 0.5354406130268199,
      "macro_pr_auc": 0.6738427108681511,
      "macro_recall": 0.5185185185185185,
      "per_code": {
        "blur": {
          "f1": 0.9166666666666666,
          "pr_auc": 0.9406172110717566,
          "recall": 1.0,
          "valid_positive_count": 11
        },
        "flash": {
          "f1": 0.6896551724137931,
          "pr_auc": 0.9400018306236058,
          "recall": 0.5555555555555556,
          "valid_positive_count": 18
        },
        "tunnel": {
          "f1": 0.0,
          "pr_auc": 0.14090909090909093,
          "recall": 0.0,
          "valid_positive_count": 2
        }
      },
      "threshold": 0.5,
      "valid_code_count": 3
    },
    {
      "best_epoch": 20,
      "early_stopping_monitor": null,
      "epochs_ran": 20,
      "fold": 1,
      "macro_f1": 0.6479377104377105,
      "macro_pr_auc": 0.7066413283184506,
      "macro_recall": 0.7280701754385964,
      "per_code": {
        "blur": {
          "f1": 0.9090909090909091,
          "pr_auc": 0.8813455988455987,
          "recall": 1.0,
          "valid_positive_count": 10
        },
        "flash": {
          "f1": 0.8125,
          "pr_auc": 0.988578386109753,
          "recall": 0.6842105263157895,
          "valid_positive_count": 19
        },
        "tunnel": {
          "f1": 0.2222222222222222,
          "pr_auc": 0.25,
          "recall": 0.5,
          "valid_positive_count": 2
        }
      },
      "threshold": 0.5,
      "valid_code_count": 3
    },
    {
      "best_epoch": 20,
      "early_stopping_monitor": null,
      "epochs_ran": 20,
      "fold": 2,
      "macro_f1": 0.6559912854030501,
      "macro_pr_auc": 0.8125002678935975,
      "macro_recall": 0.8047138047138048,
      "per_code": {
        "blur": {
          "f1": 0.7,
          "pr_auc": 0.8414075823166732,
          "recall": 0.6363636363636364,
          "valid_positive_count": 11
        },
        "flash": {
          "f1": 0.8235294117647058,
          "pr_auc": 0.9532360785069764,
          "recall": 0.7777777777777778,
          "valid_positive_count": 18
        },
        "tunnel": {
          "f1": 0.4444444444444444,
          "pr_auc": 0.6428571428571428,
          "recall": 1.0,
          "valid_positive_count": 2
        }
      },
      "threshold": 0.5,
      "valid_code_count": 3
    },
    {
      "best_epoch": 20,
      "early_stopping_monitor": null,
      "epochs_ran": 20,
      "fold": 3,
      "macro_f1": 0.5275362318840581,
      "macro_pr_auc": 0.6827181000878112,
      "macro_recall": 0.5222222222222223,
      "per_code": {
        "blur": {
          "f1": 0.782608695652174,
          "pr_auc": 0.9003588516746411,
          "recall": 0.9,
          "valid_positive_count": 10
        },
        "flash": {
          "f1": 0.8,
          "pr_auc": 0.9741843374776813,
          "recall": 0.6666666666666666,
          "valid_positive_count": 18
        },
        "tunnel": {
          "f1": 0.0,
          "pr_auc": 0.1736111111111111,
          "recall": 0.0,
          "valid_positive_count": 2
        }
      },
      "threshold": 0.5,
      "valid_code_count": 3
    },
    {
      "best_epoch": 20,
      "early_stopping_monitor": null,
      "epochs_ran": 20,
      "fold": 4,
      "macro_f1": 0.7165217391304347,
      "macro_pr_auc": 0.969908846963819,
      "macro_recall": 0.7416267942583733,
      "per_code": {
        "blur": {
          "f1": 0.8695652173913043,
          "pr_auc": 0.9180521795495058,
          "recall": 0.9090909090909091,
          "valid_positive_count": 11
        },
        "flash": {
          "f1": 0.48,
          "pr_auc": 0.9916743613419512,
          "recall": 0.3157894736842105,
          "valid_positive_count": 19
        },
        "tunnel": {
          "f1": 0.8,
          "pr_auc": 1.0,
          "recall": 1.0,
          "valid_positive_count": 2
        }
      },
      "threshold": 0.5,
      "valid_code_count": 3
    }
  ],
  "fold_scheme": "weld_independent",
  "mode": "window_mil",
  "sample_count": 101
}
runs=1 ok=True
OK /home/user/PROJECT/MMDII/MMDII-Core/outputs/alignment-weld-independent-v0-2-1/seed-27-e1b-topk-mean samples=101
{
  "aggregator": "gated_attention",
  "fold_count": 5,
  "fold_metrics": [
    {
      "best_epoch": 20,
      "early_stopping_monitor": null,
      "epochs_ran": 20,
      "fold": 0,
      "macro_f1": 0.7669679248626616,
      "macro_pr_auc": 0.9764973093560828,
      "macro_recall": 0.9696969696969697,
      "per_code": {
        "blur": {
          "f1": 0.9090909090909091,
          "pr_auc": 0.9536042240587697,
          "recall": 0.9090909090909091,
          "valid_positive_count": 11
        },
        "flash": {
          "f1": 0.9473684210526315,
          "pr_auc": 0.9758877040094791,
          "recall": 1.0,
          "valid_positive_count": 18
        },
        "tunnel": {
          "f1": 0.4444444444444444,
          "pr_auc": 1.0,
          "recall": 1.0,
          "valid_positive_count": 2
        }
      },
      "threshold": 0.5,
      "valid_code_count": 3
    },
    {
      "best_epoch": 20,
      "early_stopping_monitor": null,
      "epochs_ran": 20,
      "fold": 1,
      "macro_f1": 0.6469534050179211,
      "macro_pr_auc": 0.7794906547745883,
      "macro_recall": 0.7105263157894738,
      "per_code": {
        "blur": {
          "f1": 0.8333333333333334,
          "pr_auc": 0.8938736263736263,
          "recall": 1.0,
          "valid_positive_count": 10
        },
        "flash": {
          "f1": 0.7741935483870968,
          "pr_auc": 0.9945983379501384,
          "recall": 0.631578947368421,
          "valid_positive_count": 19
        },
        "tunnel": {
          "f1": 0.3333333333333333,
          "pr_auc": 0.45,
          "recall": 0.5,
          "valid_positive_count": 2
        }
      },
      "threshold": 0.5,
      "valid_code_count": 3
    },
    {
      "best_epoch": 20,
      "early_stopping_monitor": null,
      "epochs_ran": 20,
      "fold": 2,
      "macro_f1": 0.6541666666666667,
      "macro_pr_auc": 0.8310543290526952,
      "macro_recall": 0.6801346801346803,
      "per_code": {
        "blur": {
          "f1": 0.75,
          "pr_auc": 0.9295815295815297,
          "recall": 0.8181818181818182,
          "valid_positive_count": 11
        },
        "flash": {
          "f1": 0.8125,
          "pr_auc": 0.9726723666674648,
          "recall": 0.7222222222222222,
          "valid_positive_count": 18
        },
        "tunnel": {
          "f1": 0.4,
          "pr_auc": 0.5909090909090909,
          "recall": 0.5,
          "valid_positive_count": 2
        }
      },
      "threshold": 0.5,
      "valid_code_count": 3
    },
    {
      "best_epoch": 20,
      "early_stopping_monitor": null,
      "epochs_ran": 20,
      "fold": 3,
      "macro_f1": 0.703030303030303,
      "macro_pr_auc": 0.8578765765315474,
      "macro_recall": 0.8777777777777778,
      "per_code": {
        "blur": {
          "f1": 0.8,
          "pr_auc": 0.8796401259559153,
          "recall": 0.8,
          "valid_positive_count": 10
        },
        "flash": {
          "f1": 0.9090909090909091,
          "pr_auc": 0.9939896036387266,
          "recall": 0.8333333333333334,
          "valid_positive_count": 18
        },
        "tunnel": {
          "f1": 0.4,
          "pr_auc": 0.7,
          "recall": 1.0,
          "valid_positive_count": 2
        }
      },
      "threshold": 0.5,
      "valid_code_count": 3
    },
    {
      "best_epoch": 20,
      "early_stopping_monitor": null,
      "epochs_ran": 20,
      "fold": 4,
      "macro_f1": 0.8145862552594672,
      "macro_pr_auc": 0.8807165921368892,
      "macro_recall": 0.84688995215311,
      "per_code": {
        "blur": {
          "f1": 0.8695652173913043,
          "pr_auc": 0.814218105127196,
          "recall": 0.9090909090909091,
          "valid_positive_count": 11
        },
        "flash": {
          "f1": 0.7741935483870968,
          "pr_auc": 0.9945983379501384,
          "recall": 0.631578947368421,
          "valid_positive_count": 19
        },
        "tunnel": {
          "f1": 0.8,
          "pr_auc": 0.8333333333333333,
          "recall": 1.0,
          "valid_positive_count": 2
        }
      },
      "threshold": 0.5,
      "valid_code_count": 3
    }
  ],
  "fold_scheme": "weld_independent",
  "mode": "window_mil",
  "sample_count": 101
}
runs=1 ok=True
OK /home/user/PROJECT/MMDII/MMDII-Core/outputs/alignment-weld-independent-v0-2-1/seed-27-e1c-gated-attention samples=101
