{
  "aggregator": "gated_attention",
  "completed_fold_count": 1,
  "fold_count": 5,
  "fold_metrics": [
    {
      "best_epoch": 20,
      "early_stopping_monitor": null,
      "epochs_ran": 20,
      "fold": 0,
      "macro_f1": 0.5166666666666667,
      "macro_pr_auc": 0.6122520521815327,
      "macro_recall": 0.4646464646464647,
      "per_code": {
        "blur": {
          "f1": 0.8,
          "pr_auc": 0.8409562659562658,
          "recall": 0.7272727272727273,
          "valid_positive_count": 11
        },
        "flash": {
          "f1": 0.75,
          "pr_auc": 0.8791332239216656,
          "recall": 0.6666666666666666,
          "valid_positive_count": 18
        },
        "tunnel": {
          "f1": 0.0,
          "pr_auc": 0.11666666666666667,
          "recall": 0.0,
          "valid_positive_count": 2
        }
      },
      "threshold": 0.5,
      "valid_code_count": 3
    }
  ],
  "fold_scheme": "weld_independent",
  "mode": "window_mil",
  "run_folds": [
    0
  ],
  "sample_count": 20
}
runs=1 ok=True
OK /home/user/PROJECT/MMDII/MMDII-Core/outputs/time-frequency-smoke-optimized/smoke-stft_256-cnn2d-gated_attention samples=20
{
  "aggregator": "gated_attention",
  "completed_fold_count": 1,
  "fold_count": 5,
  "fold_metrics": [
    {
      "best_epoch": 20,
      "early_stopping_monitor": null,
      "epochs_ran": 20,
      "fold": 0,
      "macro_f1": 0.3652380952380952,
      "macro_pr_auc": 0.6027734050461323,
      "macro_recall": 0.5235690235690236,
      "per_code": {
        "blur": {
          "f1": 0.2857142857142857,
          "pr_auc": 0.6515381083562902,
          "recall": 0.18181818181818182,
          "valid_positive_count": 11
        },
        "flash": {
          "f1": 0.56,
          "pr_auc": 0.9944444444444446,
          "recall": 0.3888888888888889,
          "valid_positive_count": 18
        },
        "tunnel": {
          "f1": 0.25,
          "pr_auc": 0.16233766233766234,
          "recall": 1.0,
          "valid_positive_count": 2
        }
      },
      "threshold": 0.5,
      "valid_code_count": 3
    }
  ],
  "fold_scheme": "weld_independent",
  "mode": "window_mil",
  "run_folds": [
    0
  ],
  "sample_count": 20
}
runs=1 ok=True
OK /home/user/PROJECT/MMDII/MMDII-Core/outputs/time-frequency-smoke-optimized/smoke-stft_256-separable_cnn2d-gated_attention samples=20
{
  "aggregator": "gated_attention",
  "completed_fold_count": 1,
  "fold_count": 5,
  "fold_metrics": [
    {
      "best_epoch": 20,
      "early_stopping_monitor": null,
      "epochs_ran": 20,
      "fold": 0,
      "macro_f1": 0.3408521303258145,
      "macro_pr_auc": 0.6577098328034549,
      "macro_recall": 0.2676767676767677,
      "per_code": {
        "blur": {
          "f1": 0.7368421052631579,
          "pr_auc": 0.9247880906971817,
          "recall": 0.6363636363636364,
          "valid_positive_count": 11
        },
        "flash": {
          "f1": 0.2857142857142857,
          "pr_auc": 0.9615358521576273,
          "recall": 0.16666666666666666,
          "valid_positive_count": 18
        },
        "tunnel": {
          "f1": 0.0,
          "pr_auc": 0.08680555555555555,
          "recall": 0.0,
          "valid_positive_count": 2
        }
      },
      "threshold": 0.5,
      "valid_code_count": 3
    }
  ],
  "fold_scheme": "weld_independent",
  "mode": "window_mil",
  "run_folds": [
    0
  ],
  "sample_count": 20
}
runs=1 ok=True
OK /home/user/PROJECT/MMDII/MMDII-Core/outputs/time-frequency-smoke-optimized/smoke-stft_256-resnet2d_small-gated_attention samples=20
{
  "aggregator": "gated_attention",
  "completed_fold_count": 1,
  "fold_count": 5,
  "fold_metrics": [
    {
      "best_epoch": 20,
      "early_stopping_monitor": null,
      "epochs_ran": 20,
      "fold": 0,
      "macro_f1": 0.606131341425459,
      "macro_pr_auc": 0.6189034707342788,
      "macro_recall": 0.7996632996632996,
      "per_code": {
        "blur": {
          "f1": 0.5882352941176471,
          "pr_auc": 0.7433047048020309,
          "recall": 0.45454545454545453,
          "valid_positive_count": 11
        },
        "flash": {
          "f1": 0.9444444444444444,
          "pr_auc": 0.9846178286129268,
          "recall": 0.9444444444444444,
          "valid_positive_count": 18
        },
        "tunnel": {
          "f1": 0.2857142857142857,
          "pr_auc": 0.12878787878787878,
          "recall": 1.0,
          "valid_positive_count": 2
        }
      },
      "threshold": 0.5,
      "valid_code_count": 3
    }
  ],
  "fold_scheme": "weld_independent",
  "mode": "window_mil",
  "run_folds": [
    0
  ],
  "sample_count": 20
}
runs=1 ok=True
OK /home/user/PROJECT/MMDII/MMDII-Core/outputs/time-frequency-smoke-optimized/smoke-stft_256-convnext2d_lite-gated_attention samples=20
{
  "aggregator": "gated_attention",
  "completed_fold_count": 1,
  "fold_count": 5,
  "fold_metrics": [
    {
      "best_epoch": 20,
      "early_stopping_monitor": null,
      "epochs_ran": 20,
      "fold": 0,
      "macro_f1": 0.382335148215366,
      "macro_pr_auc": 0.5649590018470386,
      "macro_recall": 0.3181818181818182,
      "per_code": {
        "blur": {
          "f1": 0.5263157894736842,
          "pr_auc": 0.6840067686324371,
          "recall": 0.45454545454545453,
          "valid_positive_count": 11
        },
        "flash": {
          "f1": 0.6206896551724138,
          "pr_auc": 0.9240646813531231,
          "recall": 0.5,
          "valid_positive_count": 18
        },
        "tunnel": {
          "f1": 0.0,
          "pr_auc": 0.08680555555555555,
          "recall": 0.0,
          "valid_positive_count": 2
        }
      },
      "threshold": 0.5,
      "valid_code_count": 3
    }
  ],
  "fold_scheme": "weld_independent",
  "mode": "window_mil",
  "run_folds": [
    0
  ],
  "sample_count": 20
}
runs=1 ok=True
OK /home/user/PROJECT/MMDII/MMDII-Core/outputs/time-frequency-smoke-optimized/smoke-stft_512-cnn2d-gated_attention samples=20
{
  "aggregator": "gated_attention",
  "completed_fold_count": 1,
  "fold_count": 5,
  "fold_metrics": [
    {
      "best_epoch": 20,
      "early_stopping_monitor": null,
      "epochs_ran": 20,
      "fold": 0,
      "macro_f1": 0.5151515151515151,
      "macro_pr_auc": 0.60102901404931,
      "macro_recall": 0.4898989898989899,
      "per_code": {
        "blur": {
          "f1": 0.6363636363636364,
          "pr_auc": 0.640936840936841,
          "recall": 0.6363636363636364,
          "valid_positive_count": 11
        },
        "flash": {
          "f1": 0.9090909090909091,
          "pr_auc": 0.9907216297825174,
          "recall": 0.8333333333333334,
          "valid_positive_count": 18
        },
        "tunnel": {
          "f1": 0.0,
          "pr_auc": 0.17142857142857143,
          "recall": 0.0,
          "valid_positive_count": 2
        }
      },
      "threshold": 0.5,
      "valid_code_count": 3
    }
  ],
  "fold_scheme": "weld_independent",
  "mode": "window_mil",
  "run_folds": [
    0
  ],
  "sample_count": 20
}
runs=1 ok=True
OK /home/user/PROJECT/MMDII/MMDII-Core/outputs/time-frequency-smoke-optimized/smoke-stft_512-separable_cnn2d-gated_attention samples=20
{
  "aggregator": "gated_attention",
  "completed_fold_count": 1,
  "fold_count": 5,
  "fold_metrics": [
    {
      "best_epoch": 20,
      "early_stopping_monitor": null,
      "epochs_ran": 20,
      "fold": 0,
      "macro_f1": 0.43846153846153846,
      "macro_pr_auc": 0.6466223591223591,
      "macro_recall": 0.3602693602693603,
      "per_code": {
        "blur": {
          "f1": 0.7,
          "pr_auc": 0.8110791985791985,
          "recall": 0.6363636363636364,
          "valid_positive_count": 11
        },
        "flash": {
          "f1": 0.6153846153846154,
          "pr_auc": 1.0,
          "recall": 0.4444444444444444,
          "valid_positive_count": 18
        },
        "tunnel": {
          "f1": 0.0,
          "pr_auc": 0.12878787878787878,
          "recall": 0.0,
          "valid_positive_count": 2
        }
      },
      "threshold": 0.5,
      "valid_code_count": 3
    }
  ],
  "fold_scheme": "weld_independent",
  "mode": "window_mil",
  "run_folds": [
    0
  ],
  "sample_count": 20
}
runs=1 ok=True
OK /home/user/PROJECT/MMDII/MMDII-Core/outputs/time-frequency-smoke-optimized/smoke-stft_512-resnet2d_small-gated_attention samples=20
{
  "aggregator": "gated_attention",
  "completed_fold_count": 1,
  "fold_count": 5,
  "fold_metrics": [
    {
      "best_epoch": 20,
      "early_stopping_monitor": null,
      "epochs_ran": 20,
      "fold": 0,
      "macro_f1": 0.29699248120300753,
      "macro_pr_auc": 0.6376045621745656,
      "macro_recall": 0.473063973063973,
      "per_code": {
        "blur": {
          "f1": 0.5,
          "pr_auc": 0.8297637003519356,
          "recall": 0.36363636363636365,
          "valid_positive_count": 11
        },
        "flash": {
          "f1": 0.10526315789473684,
          "pr_auc": 0.9542621073838826,
          "recall": 0.05555555555555555,
          "valid_positive_count": 18
        },
        "tunnel": {
          "f1": 0.2857142857142857,
          "pr_auc": 0.12878787878787878,
          "recall": 1.0,
          "valid_positive_count": 2
        }
      },
      "threshold": 0.5,
      "valid_code_count": 3
    }
  ],
  "fold_scheme": "weld_independent",
  "mode": "window_mil",
  "run_folds": [
    0
  ],
  "sample_count": 20
}
runs=1 ok=True
OK /home/user/PROJECT/MMDII/MMDII-Core/outputs/time-frequency-smoke-optimized/smoke-stft_512-convnext2d_lite-gated_attention samples=20
{
  "aggregator": "gated_attention",
  "completed_fold_count": 1,
  "fold_count": 5,
  "fold_metrics": [
    {
      "best_epoch": 20,
      "early_stopping_monitor": null,
      "epochs_ran": 20,
      "fold": 0,
      "macro_f1": 0.3410059676044331,
      "macro_pr_auc": 0.6130451491881191,
      "macro_recall": 0.24410774410774408,
      "per_code": {
        "blur": {
          "f1": 0.5882352941176471,
          "pr_auc": 0.7751999661688658,
          "recall": 0.45454545454545453,
          "valid_positive_count": 11
        },
        "flash": {
          "f1": 0.43478260869565216,
          "pr_auc": 0.9415578590178695,
          "recall": 0.2777777777777778,
          "valid_positive_count": 18
        },
        "tunnel": {
          "f1": 0.0,
          "pr_auc": 0.12237762237762238,
          "recall": 0.0,
          "valid_positive_count": 2
        }
      },
      "threshold": 0.5,
      "valid_code_count": 3
    }
  ],
  "fold_scheme": "weld_independent",
  "mode": "window_mil",
  "run_folds": [
    0
  ],
  "sample_count": 20
}
runs=1 ok=True
OK /home/user/PROJECT/MMDII/MMDII-Core/outputs/time-frequency-smoke-optimized/smoke-cwt_morl-cnn2d-gated_attention samples=20
{
  "aggregator": "gated_attention",
  "completed_fold_count": 1,
  "fold_count": 5,
  "fold_metrics": [
    {
      "best_epoch": 20,
      "early_stopping_monitor": null,
      "epochs_ran": 20,
      "fold": 0,
      "macro_f1": 0.44063492063492066,
      "macro_pr_auc": 0.6353319142126331,
      "macro_recall": 0.372053872053872,
      "per_code": {
        "blur": {
          "f1": 0.7619047619047619,
          "pr_auc": 0.8440825514354926,
          "recall": 0.7272727272727273,
          "valid_positive_count": 11
        },
        "flash": {
          "f1": 0.56,
          "pr_auc": 0.9769458709409691,
          "recall": 0.3888888888888889,
          "valid_positive_count": 18
        },
        "tunnel": {
          "f1": 0.0,
          "pr_auc": 0.08496732026143791,
          "recall": 0.0,
          "valid_positive_count": 2
        }
      },
      "threshold": 0.5,
      "valid_code_count": 3
    }
  ],
  "fold_scheme": "weld_independent",
  "mode": "window_mil",
  "run_folds": [
    0
  ],
  "sample_count": 20
}
runs=1 ok=True
OK /home/user/PROJECT/MMDII/MMDII-Core/outputs/time-frequency-smoke-optimized/smoke-cwt_morl-separable_cnn2d-gated_attention samples=20
{
  "aggregator": "gated_attention",
  "completed_fold_count": 1,
  "fold_count": 5,
  "fold_metrics": [
    {
      "best_epoch": 20,
      "early_stopping_monitor": null,
      "epochs_ran": 20,
      "fold": 0,
      "macro_f1": 0.47301587301587295,
      "macro_pr_auc": 0.6318644385682805,
      "macro_recall": 0.6279461279461279,
      "per_code": {
        "blur": {
          "f1": 0.4,
          "pr_auc": 0.7894030212212031,
          "recall": 0.2727272727272727,
          "valid_positive_count": 11
        },
        "flash": {
          "f1": 0.7333333333333333,
          "pr_auc": 0.9652812035745474,
          "recall": 0.6111111111111112,
          "valid_positive_count": 18
        },
        "tunnel": {
          "f1": 0.2857142857142857,
          "pr_auc": 0.14090909090909093,
          "recall": 1.0,
          "valid_positive_count": 2
        }
      },
      "threshold": 0.5,
      "valid_code_count": 3
    }
  ],
  "fold_scheme": "weld_independent",
  "mode": "window_mil",
  "run_folds": [
    0
  ],
  "sample_count": 20
}
runs=1 ok=True
OK /home/user/PROJECT/MMDII/MMDII-Core/outputs/time-frequency-smoke-optimized/smoke-cwt_morl-resnet2d_small-gated_attention samples=20
{
  "aggregator": "gated_attention",
  "completed_fold_count": 1,
  "fold_count": 5,
  "fold_metrics": [
    {
      "best_epoch": 20,
      "early_stopping_monitor": null,
      "epochs_ran": 20,
      "fold": 0,
      "macro_f1": 0.2298850574712644,
      "macro_pr_auc": 0.6010338891139936,
      "macro_recall": 0.1851851851851852,
      "per_code": {
        "blur": {
          "f1": 0.0,
          "pr_auc": 0.7591518330154693,
          "recall": 0.0,
          "valid_positive_count": 11
        },
        "flash": {
          "f1": 0.6896551724137931,
          "pr_auc": 0.9600682553791431,
          "recall": 0.5555555555555556,
          "valid_positive_count": 18
        },
        "tunnel": {
          "f1": 0.0,
          "pr_auc": 0.08388157894736842,
          "recall": 0.0,
          "valid_positive_count": 2
        }
      },
      "threshold": 0.5,
      "valid_code_count": 3
    }
  ],
  "fold_scheme": "weld_independent",
  "mode": "window_mil",
  "run_folds": [
    0
  ],
  "sample_count": 20
}
runs=1 ok=True
OK /home/user/PROJECT/MMDII/MMDII-Core/outputs/time-frequency-smoke-optimized/smoke-cwt_morl-convnext2d_lite-gated_attention samples=20
{
  "aggregator": "gated_attention",
  "completed_fold_count": 1,
  "fold_count": 5,
  "fold_metrics": [
    {
      "best_epoch": 20,
      "early_stopping_monitor": null,
      "epochs_ran": 20,
      "fold": 0,
      "macro_f1": 0.594949494949495,
      "macro_pr_auc": 0.6929726690132608,
      "macro_recall": 0.6616161616161617,
      "per_code": {
        "blur": {
          "f1": 0.8181818181818182,
          "pr_auc": 0.9406926406926408,
          "recall": 0.8181818181818182,
          "valid_positive_count": 11
        },
        "flash": {
          "f1": 0.8,
          "pr_auc": 0.9758877040094791,
          "recall": 0.6666666666666666,
          "valid_positive_count": 18
        },
        "tunnel": {
          "f1": 0.16666666666666666,
          "pr_auc": 0.16233766233766234,
          "recall": 0.5,
          "valid_positive_count": 2
        }
      },
      "threshold": 0.5,
      "valid_code_count": 3
    }
  ],
  "fold_scheme": "weld_independent",
  "mode": "window_mil",
  "run_folds": [
    0
  ],
  "sample_count": 20
}
runs=1 ok=True
OK /home/user/PROJECT/MMDII/MMDII-Core/outputs/time-frequency-smoke-optimized/smoke-dwt_swt_db4-cnn2d-gated_attention samples=20
{
  "aggregator": "gated_attention",
  "completed_fold_count": 1,
  "fold_count": 5,
  "fold_metrics": [
    {
      "best_epoch": 20,
      "early_stopping_monitor": null,
      "epochs_ran": 20,
      "fold": 0,
      "macro_f1": 0.4945652173913044,
      "macro_pr_auc": 0.6301001743704703,
      "macro_recall": 0.4713804713804714,
      "per_code": {
        "blur": {
          "f1": 0.6086956521739131,
          "pr_auc": 0.7636280386280387,
          "recall": 0.6363636363636364,
          "valid_positive_count": 11
        },
        "flash": {
          "f1": 0.875,
          "pr_auc": 0.9872494075602952,
          "recall": 0.7777777777777778,
          "valid_positive_count": 18
        },
        "tunnel": {
          "f1": 0.0,
          "pr_auc": 0.13942307692307693,
          "recall": 0.0,
          "valid_positive_count": 2
        }
      },
      "threshold": 0.5,
      "valid_code_count": 3
    }
  ],
  "fold_scheme": "weld_independent",
  "mode": "window_mil",
  "run_folds": [
    0
  ],
  "sample_count": 20
}
runs=1 ok=True
OK /home/user/PROJECT/MMDII/MMDII-Core/outputs/time-frequency-smoke-optimized/smoke-dwt_swt_db4-separable_cnn2d-gated_attention samples=20
{
  "aggregator": "gated_attention",
  "completed_fold_count": 1,
  "fold_count": 5,
  "fold_metrics": [
    {
      "best_epoch": 20,
      "early_stopping_monitor": null,
      "epochs_ran": 20,
      "fold": 0,
      "macro_f1": 0.7016042780748664,
      "macro_pr_auc": 0.7278853356252738,
      "macro_recall": 0.872053872053872,
      "per_code": {
        "blur": {
          "f1": 0.8,
          "pr_auc": 0.8700595156477511,
          "recall": 0.7272727272727273,
          "valid_positive_count": 11
        },
        "flash": {
          "f1": 0.9411764705882353,
          "pr_auc": 0.9885964912280703,
          "recall": 0.8888888888888888,
          "valid_positive_count": 18
        },
        "tunnel": {
          "f1": 0.36363636363636365,
          "pr_auc": 0.325,
          "recall": 1.0,
          "valid_positive_count": 2
        }
      },
      "threshold": 0.5,
      "valid_code_count": 3
    }
  ],
  "fold_scheme": "weld_independent",
  "mode": "window_mil",
  "run_folds": [
    0
  ],
  "sample_count": 20
}
runs=1 ok=True
OK /home/user/PROJECT/MMDII/MMDII-Core/outputs/time-frequency-smoke-optimized/smoke-dwt_swt_db4-resnet2d_small-gated_attention samples=20
{
  "aggregator": "gated_attention",
  "completed_fold_count": 1,
  "fold_count": 5,
  "fold_metrics": [
    {
      "best_epoch": 20,
      "early_stopping_monitor": null,
      "epochs_ran": 20,
      "fold": 0,
      "macro_f1": 0.566137566137566,
      "macro_pr_auc": 0.7991809580943959,
      "macro_recall": 0.7626262626262627,
      "per_code": {
        "blur": {
          "f1": 0.5555555555555556,
          "pr_auc": 0.8216924786443505,
          "recall": 0.45454545454545453,
          "valid_positive_count": 11
        },
        "flash": {
          "f1": 0.8571428571428571,
          "pr_auc": 0.9091837289721707,
          "recall": 0.8333333333333334,
          "valid_positive_count": 18
        },
        "tunnel": {
          "f1": 0.2857142857142857,
          "pr_auc": 0.6666666666666666,
          "recall": 1.0,
          "valid_positive_count": 2
        }
      },
      "threshold": 0.5,
      "valid_code_count": 3
    }
  ],
  "fold_scheme": "weld_independent",
  "mode": "window_mil",
  "run_folds": [
    0
  ],
  "sample_count": 20
}
runs=1 ok=True
OK /home/user/PROJECT/MMDII/MMDII-Core/outputs/time-frequency-smoke-optimized/smoke-dwt_swt_db4-convnext2d_lite-gated_attention samples=20
{
  "aggregator": "gated_attention",
  "completed_fold_count": 1,
  "fold_count": 5,
  "fold_metrics": [
    {
      "best_epoch": 20,
      "early_stopping_monitor": null,
      "epochs_ran": 20,
      "fold": 0,
      "macro_f1": 0.7552042160737812,
      "macro_pr_auc": 0.9566283741276704,
      "macro_recall": 0.9444444444444445,
      "per_code": {
        "blur": {
          "f1": 0.9565217391304348,
          "pr_auc": 0.8845566050111504,
          "recall": 1.0,
          "valid_positive_count": 11
        },
        "flash": {
          "f1": 0.9090909090909091,
          "pr_auc": 0.9853285173718611,
          "recall": 0.8333333333333334,
          "valid_positive_count": 18
        },
        "tunnel": {
          "f1": 0.4,
          "pr_auc": 1.0,
          "recall": 1.0,
          "valid_positive_count": 2
        }
      },
      "threshold": 0.5,
      "valid_code_count": 3
    }
  ],
  "fold_scheme": "weld_independent",
  "mode": "window_mil",
  "run_folds": [
    0
  ],
  "sample_count": 20
}
runs=1 ok=True
OK /home/user/PROJECT/MMDII/MMDII-Core/outputs/time-frequency-smoke-optimized/smoke-raw_plus_stft-cnn2d-gated_attention samples=20
{
  "aggregator": "gated_attention",
  "completed_fold_count": 1,
  "fold_count": 5,
  "fold_metrics": [
    {
      "best_epoch": 20,
      "early_stopping_monitor": null,
      "epochs_ran": 20,
      "fold": 0,
      "macro_f1": 0.6909698488645857,
      "macro_pr_auc": 0.9513036693711476,
      "macro_recall": 0.9090909090909092,
      "per_code": {
        "blur": {
          "f1": 0.7619047619047619,
          "pr_auc": 0.8992358651449561,
          "recall": 0.7272727272727273,
          "valid_positive_count": 11
        },
        "flash": {
          "f1": 0.9473684210526315,
          "pr_auc": 0.9546751429684868,
          "recall": 1.0,
          "valid_positive_count": 18
        },
        "tunnel": {
          "f1": 0.36363636363636365,
          "pr_auc": 1.0,
          "recall": 1.0,
          "valid_positive_count": 2
        }
      },
      "threshold": 0.5,
      "valid_code_count": 3
    }
  ],
  "fold_scheme": "weld_independent",
  "mode": "window_mil",
  "run_folds": [
    0
  ],
  "sample_count": 20
}
runs=1 ok=True
OK /home/user/PROJECT/MMDII/MMDII-Core/outputs/time-frequency-smoke-optimized/smoke-raw_plus_stft-separable_cnn2d-gated_attention samples=20
{
  "aggregator": "gated_attention",
  "completed_fold_count": 1,
  "fold_count": 5,
  "fold_metrics": [
    {
      "best_epoch": 20,
      "early_stopping_monitor": null,
      "epochs_ran": 20,
      "fold": 0,
      "macro_f1": 0.8126984126984126,
      "macro_pr_auc": 0.7758202933195898,
      "macro_recall": 0.9023569023569024,
      "per_code": {
        "blur": {
          "f1": 0.8571428571428571,
          "pr_auc": 0.9254656959202414,
          "recall": 0.8181818181818182,
          "valid_positive_count": 11
        },
        "flash": {
          "f1": 0.9142857142857143,
          "pr_auc": 0.9853285173718611,
          "recall": 0.8888888888888888,
          "valid_positive_count": 18
        },
        "tunnel": {
          "f1": 0.6666666666666666,
          "pr_auc": 0.41666666666666663,
          "recall": 1.0,
          "valid_positive_count": 2
        }
      },
      "threshold": 0.5,
      "valid_code_count": 3
    }
  ],
  "fold_scheme": "weld_independent",
  "mode": "window_mil",
  "run_folds": [
    0
  ],
  "sample_count": 20
}
runs=1 ok=True
OK /home/user/PROJECT/MMDII/MMDII-Core/outputs/time-frequency-smoke-optimized/smoke-raw_plus_stft-resnet2d_small-gated_attention samples=20
{
  "aggregator": "gated_attention",
  "completed_fold_count": 1,
  "fold_count": 5,
  "fold_metrics": [
    {
      "best_epoch": 20,
      "early_stopping_monitor": null,
      "epochs_ran": 20,
      "fold": 0,
      "macro_f1": 0.7982683982683983,
      "macro_pr_auc": 0.8381359679525158,
      "macro_recall": 0.9326599326599326,
      "per_code": {
        "blur": {
          "f1": 0.9090909090909091,
          "pr_auc": 0.9584022038567492,
          "recall": 0.9090909090909091,
          "valid_positive_count": 11
        },
        "flash": {
          "f1": 0.9142857142857143,
          "pr_auc": 0.9726723666674648,
          "recall": 0.8888888888888888,
          "valid_positive_count": 18
        },
        "tunnel": {
          "f1": 0.5714285714285714,
          "pr_auc": 0.5833333333333333,
          "recall": 1.0,
          "valid_positive_count": 2
        }
      },
      "threshold": 0.5,
      "valid_code_count": 3
    }
  ],
  "fold_scheme": "weld_independent",
  "mode": "window_mil",
  "run_folds": [
    0
  ],
  "sample_count": 20
}
runs=1 ok=True
OK /home/user/PROJECT/MMDII/MMDII-Core/outputs/time-frequency-smoke-optimized/smoke-raw_plus_stft-convnext2d_lite-gated_attention samples=20
{
  "aggregator": "gated_attention",
  "completed_fold_count": 1,
  "fold_count": 5,
  "fold_metrics": [
    {
      "best_epoch": 20,
      "early_stopping_monitor": null,
      "epochs_ran": 20,
      "fold": 0,
      "macro_f1": 0.8095238095238096,
      "macro_pr_auc": 0.84131684813503,
      "macro_recall": 0.9393939393939394,
      "per_code": {
        "blur": {
          "f1": 0.8571428571428571,
          "pr_auc": 0.9406172110717566,
          "recall": 0.8181818181818182,
          "valid_positive_count": 11
        },
        "flash": {
          "f1": 1.0,
          "pr_auc": 1.0,
          "recall": 1.0,
          "valid_positive_count": 18
        },
        "tunnel": {
          "f1": 0.5714285714285714,
          "pr_auc": 0.5833333333333333,
          "recall": 1.0,
          "valid_positive_count": 2
        }
      },
      "threshold": 0.5,
      "valid_code_count": 3
    }
  ],
  "fold_scheme": "weld_independent",
  "mode": "window_mil",
  "run_folds": [
    0
  ],
  "sample_count": 20
}
runs=1 ok=True
OK /home/user/PROJECT/MMDII/MMDII-Core/outputs/time-frequency-smoke-optimized/smoke-raw_plus_cwt-cnn2d-gated_attention samples=20
{
  "aggregator": "gated_attention",
  "completed_fold_count": 1,
  "fold_count": 5,
  "fold_metrics": [
    {
      "best_epoch": 20,
      "early_stopping_monitor": null,
      "epochs_ran": 20,
      "fold": 0,
      "macro_f1": 0.6178451178451178,
      "macro_pr_auc": 0.7176533641365787,
      "macro_recall": 0.6178451178451178,
      "per_code": {
        "blur": {
          "f1": 0.9090909090909091,
          "pr_auc": 0.9649678604224059,
          "recall": 0.9090909090909091,
          "valid_positive_count": 11
        },
        "flash": {
          "f1": 0.9444444444444444,
          "pr_auc": 0.9629922319873301,
          "recall": 0.9444444444444444,
          "valid_positive_count": 18
        },
        "tunnel": {
          "f1": 0.0,
          "pr_auc": 0.225,
          "recall": 0.0,
          "valid_positive_count": 2
        }
      },
      "threshold": 0.5,
      "valid_code_count": 3
    }
  ],
  "fold_scheme": "weld_independent",
  "mode": "window_mil",
  "run_folds": [
    0
  ],
  "sample_count": 20
}
runs=1 ok=True
OK /home/user/PROJECT/MMDII/MMDII-Core/outputs/time-frequency-smoke-optimized/smoke-raw_plus_cwt-separable_cnn2d-gated_attention samples=20
{
  "aggregator": "gated_attention",
  "completed_fold_count": 1,
  "fold_count": 5,
  "fold_metrics": [
    {
      "best_epoch": 20,
      "early_stopping_monitor": null,
      "epochs_ran": 20,
      "fold": 0,
      "macro_f1": 0.7391391391391391,
      "macro_pr_auc": 0.7896279782164558,
      "macro_recall": 0.9090909090909092,
      "per_code": {
        "blur": {
          "f1": 0.8,
          "pr_auc": 0.9649678604224059,
          "recall": 0.7272727272727273,
          "valid_positive_count": 11
        },
        "flash": {
          "f1": 0.972972972972973,
          "pr_auc": 0.9872494075602952,
          "recall": 1.0,
          "valid_positive_count": 18
        },
        "tunnel": {
          "f1": 0.4444444444444444,
          "pr_auc": 0.41666666666666663,
          "recall": 1.0,
          "valid_positive_count": 2
        }
      },
      "threshold": 0.5,
      "valid_code_count": 3
    }
  ],
  "fold_scheme": "weld_independent",
  "mode": "window_mil",
  "run_folds": [
    0
  ],
  "sample_count": 20
}
runs=1 ok=True
OK /home/user/PROJECT/MMDII/MMDII-Core/outputs/time-frequency-smoke-optimized/smoke-raw_plus_cwt-resnet2d_small-gated_attention samples=20
{
  "aggregator": "gated_attention",
  "completed_fold_count": 1,
  "fold_count": 5,
  "fold_metrics": [
    {
      "best_epoch": 20,
      "early_stopping_monitor": null,
      "epochs_ran": 20,
      "fold": 0,
      "macro_f1": 0.8490620490620491,
      "macro_pr_auc": 0.7900902969084788,
      "macro_recall": 0.9511784511784511,
      "per_code": {
        "blur": {
          "f1": 0.9090909090909091,
          "pr_auc": 0.9536042240587697,
          "recall": 0.9090909090909091,
          "valid_positive_count": 11
        },
        "flash": {
          "f1": 0.9714285714285714,
          "pr_auc": 1.0,
          "recall": 0.9444444444444444,
          "valid_positive_count": 18
        },
        "tunnel": {
          "f1": 0.6666666666666666,
          "pr_auc": 0.41666666666666663,
          "recall": 1.0,
          "valid_positive_count": 2
        }
      },
      "threshold": 0.5,
      "valid_code_count": 3
    }
  ],
  "fold_scheme": "weld_independent",
  "mode": "window_mil",
  "run_folds": [
    0
  ],
  "sample_count": 20
}
runs=1 ok=True
OK /home/user/PROJECT/MMDII/MMDII-Core/outputs/time-frequency-smoke-optimized/smoke-raw_plus_cwt-convnext2d_lite-gated_attention samples=20
runs=24 ok=True
OK /home/user/PROJECT/MMDII/MMDII-Core/outputs/time-frequency-smoke-optimized/smoke-cwt_morl-cnn2d-gated_attention samples=20
OK /home/user/PROJECT/MMDII/MMDII-Core/outputs/time-frequency-smoke-optimized/smoke-cwt_morl-convnext2d_lite-gated_attention samples=20
OK /home/user/PROJECT/MMDII/MMDII-Core/outputs/time-frequency-smoke-optimized/smoke-cwt_morl-resnet2d_small-gated_attention samples=20
OK /home/user/PROJECT/MMDII/MMDII-Core/outputs/time-frequency-smoke-optimized/smoke-cwt_morl-separable_cnn2d-gated_attention samples=20
OK /home/user/PROJECT/MMDII/MMDII-Core/outputs/time-frequency-smoke-optimized/smoke-dwt_swt_db4-cnn2d-gated_attention samples=20
OK /home/user/PROJECT/MMDII/MMDII-Core/outputs/time-frequency-smoke-optimized/smoke-dwt_swt_db4-convnext2d_lite-gated_attention samples=20
OK /home/user/PROJECT/MMDII/MMDII-Core/outputs/time-frequency-smoke-optimized/smoke-dwt_swt_db4-resnet2d_small-gated_attention samples=20
OK /home/user/PROJECT/MMDII/MMDII-Core/outputs/time-frequency-smoke-optimized/smoke-dwt_swt_db4-separable_cnn2d-gated_attention samples=20
OK /home/user/PROJECT/MMDII/MMDII-Core/outputs/time-frequency-smoke-optimized/smoke-raw_plus_cwt-cnn2d-gated_attention samples=20
OK /home/user/PROJECT/MMDII/MMDII-Core/outputs/time-frequency-smoke-optimized/smoke-raw_plus_cwt-convnext2d_lite-gated_attention samples=20
OK /home/user/PROJECT/MMDII/MMDII-Core/outputs/time-frequency-smoke-optimized/smoke-raw_plus_cwt-resnet2d_small-gated_attention samples=20
OK /home/user/PROJECT/MMDII/MMDII-Core/outputs/time-frequency-smoke-optimized/smoke-raw_plus_cwt-separable_cnn2d-gated_attention samples=20
OK /home/user/PROJECT/MMDII/MMDII-Core/outputs/time-frequency-smoke-optimized/smoke-raw_plus_stft-cnn2d-gated_attention samples=20
OK /home/user/PROJECT/MMDII/MMDII-Core/outputs/time-frequency-smoke-optimized/smoke-raw_plus_stft-convnext2d_lite-gated_attention samples=20
OK /home/user/PROJECT/MMDII/MMDII-Core/outputs/time-frequency-smoke-optimized/smoke-raw_plus_stft-resnet2d_small-gated_attention samples=20
OK /home/user/PROJECT/MMDII/MMDII-Core/outputs/time-frequency-smoke-optimized/smoke-raw_plus_stft-separable_cnn2d-gated_attention samples=20
OK /home/user/PROJECT/MMDII/MMDII-Core/outputs/time-frequency-smoke-optimized/smoke-stft_256-cnn2d-gated_attention samples=20
OK /home/user/PROJECT/MMDII/MMDII-Core/outputs/time-frequency-smoke-optimized/smoke-stft_256-convnext2d_lite-gated_attention samples=20
OK /home/user/PROJECT/MMDII/MMDII-Core/outputs/time-frequency-smoke-optimized/smoke-stft_256-resnet2d_small-gated_attention samples=20
OK /home/user/PROJECT/MMDII/MMDII-Core/outputs/time-frequency-smoke-optimized/smoke-stft_256-separable_cnn2d-gated_attention samples=20
OK /home/user/PROJECT/MMDII/MMDII-Core/outputs/time-frequency-smoke-optimized/smoke-stft_512-cnn2d-gated_attention samples=20
OK /home/user/PROJECT/MMDII/MMDII-Core/outputs/time-frequency-smoke-optimized/smoke-stft_512-convnext2d_lite-gated_attention samples=20
OK /home/user/PROJECT/MMDII/MMDII-Core/outputs/time-frequency-smoke-optimized/smoke-stft_512-resnet2d_small-gated_attention samples=20
OK /home/user/PROJECT/MMDII/MMDII-Core/outputs/time-frequency-smoke-optimized/smoke-stft_512-separable_cnn2d-gated_attention samples=20
