[2026-09-08T08:10:44+00:00] start experiment: b0-statistical
{
  "aggregator": "mean",
  "fold_count": 5,
  "fold_metrics": [
    {
      "fold": 0,
      "macro_f1": 0.7808460634547592,
      "macro_pr_auc": 0.9625759762123399,
      "macro_recall": 0.9696969696969697,
      "per_code": {
        "blur": {
          "f1": 0.8695652173913043,
          "pr_auc": 0.8877279286370197,
          "recall": 0.9090909090909091,
          "valid_positive_count": 11
        },
        "flash": {
          "f1": 0.972972972972973,
          "pr_auc": 1.0,
          "recall": 1.0,
          "valid_positive_count": 18
        },
        "tunnel": {
          "f1": 0.5,
          "pr_auc": 1.0,
          "recall": 1.0,
          "valid_positive_count": 2
        }
      },
      "threshold": 0.5,
      "valid_code_count": 3
    },
    {
      "fold": 1,
      "macro_f1": 0.7057280883367839,
      "macro_pr_auc": 0.8315129989021955,
      "macro_recall": 0.7807017543859649,
      "per_code": {
        "blur": {
          "f1": 0.8695652173913043,
          "pr_auc": 0.8361979686979686,
          "recall": 1.0,
          "valid_positive_count": 10
        },
        "flash": {
          "f1": 0.9142857142857143,
          "pr_auc": 0.9916743613419512,
          "recall": 0.8421052631578947,
          "valid_positive_count": 19
        },
        "tunnel": {
          "f1": 0.3333333333333333,
          "pr_auc": 0.6666666666666666,
          "recall": 0.5,
          "valid_positive_count": 2
        }
      },
      "threshold": 0.5,
      "valid_code_count": 3
    },
    {
      "fold": 2,
      "macro_f1": 0.67987012987013,
      "macro_pr_auc": 0.8609728234728236,
      "macro_recall": 0.7542087542087542,
      "per_code": {
        "blur": {
          "f1": 0.8181818181818182,
          "pr_auc": 0.9456168831168832,
          "recall": 0.8181818181818182,
          "valid_positive_count": 11
        },
        "flash": {
          "f1": 0.9714285714285714,
          "pr_auc": 0.9944444444444446,
          "recall": 0.9444444444444444,
          "valid_positive_count": 18
        },
        "tunnel": {
          "f1": 0.25,
          "pr_auc": 0.6428571428571428,
          "recall": 0.5,
          "valid_positive_count": 2
        }
      },
      "threshold": 0.5,
      "valid_code_count": 3
    },
    {
      "fold": 3,
      "macro_f1": 0.6670653907496013,
      "macro_pr_auc": 0.8458333333333333,
      "macro_recall": 0.7111111111111111,
      "per_code": {
        "blur": {
          "f1": 0.8421052631578947,
          "pr_auc": 0.9263888888888888,
          "recall": 0.8,
          "valid_positive_count": 10
        },
        "flash": {
          "f1": 0.9090909090909091,
          "pr_auc": 1.0,
          "recall": 0.8333333333333334,
          "valid_positive_count": 18
        },
        "tunnel": {
          "f1": 0.25,
          "pr_auc": 0.6111111111111112,
          "recall": 0.5,
          "valid_positive_count": 2
        }
      },
      "threshold": 0.5,
      "valid_code_count": 3
    },
    {
      "fold": 4,
      "macro_f1": 0.7542087542087542,
      "macro_pr_auc": 0.8378171093482099,
      "macro_recall": 0.7376395534290271,
      "per_code": {
        "blur": {
          "f1": 0.8181818181818182,
          "pr_auc": 0.8160829069919979,
          "recall": 0.8181818181818182,
          "valid_positive_count": 11
        },
        "flash": {
          "f1": 0.9444444444444444,
          "pr_auc": 0.9973684210526315,
          "recall": 0.8947368421052632,
          "valid_positive_count": 19
        },
        "tunnel": {
          "f1": 0.5,
          "pr_auc": 0.7,
          "recall": 0.5,
          "valid_positive_count": 2
        }
      },
      "threshold": 0.5,
      "valid_code_count": 3
    }
  ],
  "fold_scheme": "weld_independent",
  "mode": "statistical",
  "sample_count": 101
}
[2026-09-08T08:11:04+00:00] complete experiment: b0-statistical
[2026-09-08T08:11:04+00:00] start experiment: e0-full-signal
{
  "aggregator": "mean",
  "fold_count": 5,
  "fold_metrics": [
    {
      "best_epoch": 20,
      "early_stopping_monitor": null,
      "epochs_ran": 20,
      "fold": 0,
      "macro_f1": 0.8595520421607379,
      "macro_pr_auc": 0.9264739095547175,
      "macro_recall": 0.914141414141414,
      "per_code": {
        "blur": {
          "f1": 0.8695652173913043,
          "pr_auc": 0.7880637039727947,
          "recall": 0.9090909090909091,
          "valid_positive_count": 11
        },
        "flash": {
          "f1": 0.9090909090909091,
          "pr_auc": 0.9913580246913581,
          "recall": 0.8333333333333334,
          "valid_positive_count": 18
        },
        "tunnel": {
          "f1": 0.8,
          "pr_auc": 1.0,
          "recall": 1.0,
          "valid_positive_count": 2
        }
      },
      "threshold": 0.5,
      "valid_code_count": 3
    },
    {
      "best_epoch": 20,
      "early_stopping_monitor": null,
      "epochs_ran": 20,
      "fold": 1,
      "macro_f1": 0.7549603174603176,
      "macro_pr_auc": 0.882990780379977,
      "macro_recall": 0.7280701754385964,
      "per_code": {
        "blur": {
          "f1": 0.9523809523809523,
          "pr_auc": 0.9572979797979798,
          "recall": 1.0,
          "valid_positive_count": 10
        },
        "flash": {
          "f1": 0.8125,
          "pr_auc": 0.9916743613419512,
          "recall": 0.6842105263157895,
          "valid_positive_count": 19
        },
        "tunnel": {
          "f1": 0.5,
          "pr_auc": 0.7,
          "recall": 0.5,
          "valid_positive_count": 2
        }
      },
      "threshold": 0.5,
      "valid_code_count": 3
    },
    {
      "best_epoch": 20,
      "early_stopping_monitor": null,
      "epochs_ran": 20,
      "fold": 2,
      "macro_f1": 0.6467731829573934,
      "macro_pr_auc": 0.859744449848079,
      "macro_recall": 0.6498316498316498,
      "per_code": {
        "blur": {
          "f1": 0.8421052631578947,
          "pr_auc": 0.9316525579683475,
          "recall": 0.7272727272727273,
          "valid_positive_count": 11
        },
        "flash": {
          "f1": 0.8125,
          "pr_auc": 0.980914124909223,
          "recall": 0.7222222222222222,
          "valid_positive_count": 18
        },
        "tunnel": {
          "f1": 0.2857142857142857,
          "pr_auc": 0.6666666666666666,
          "recall": 0.5,
          "valid_positive_count": 2
        }
      },
      "threshold": 0.5,
      "valid_code_count": 3
    },
    {
      "best_epoch": 20,
      "early_stopping_monitor": null,
      "epochs_ran": 20,
      "fold": 3,
      "macro_f1": 0.6896653398201386,
      "macro_pr_auc": 0.7062806321358953,
      "macro_recall": 0.7296296296296297,
      "per_code": {
        "blur": {
          "f1": 0.8421052631578947,
          "pr_auc": 0.725984753550543,
          "recall": 0.8,
          "valid_positive_count": 10
        },
        "flash": {
          "f1": 0.9411764705882353,
          "pr_auc": 1.0,
          "recall": 0.8888888888888888,
          "valid_positive_count": 18
        },
        "tunnel": {
          "f1": 0.2857142857142857,
          "pr_auc": 0.39285714285714285,
          "recall": 0.5,
          "valid_positive_count": 2
        }
      },
      "threshold": 0.5,
      "valid_code_count": 3
    },
    {
      "best_epoch": 20,
      "early_stopping_monitor": null,
      "epochs_ran": 20,
      "fold": 4,
      "macro_f1": 0.8393500219587177,
      "macro_pr_auc": 0.9555990826540547,
      "macro_recall": 0.8819776714513555,
      "per_code": {
        "blur": {
          "f1": 0.8695652173913043,
          "pr_auc": 0.875122886620213,
          "recall": 0.9090909090909091,
          "valid_positive_count": 11
        },
        "flash": {
          "f1": 0.8484848484848485,
          "pr_auc": 0.9916743613419512,
          "recall": 0.7368421052631579,
          "valid_positive_count": 19
        },
        "tunnel": {
          "f1": 0.8,
          "pr_auc": 1.0,
          "recall": 1.0,
          "valid_positive_count": 2
        }
      },
      "threshold": 0.5,
      "valid_code_count": 3
    }
  ],
  "fold_scheme": "weld_independent",
  "mode": "full_signal",
  "sample_count": 101
}
[2026-09-08T08:18:06+00:00] complete experiment: e0-full-signal
[2026-09-08T08:18:06+00:00] start experiment: e1a-mean
{
  "aggregator": "mean",
  "fold_count": 5,
  "fold_metrics": [
    {
      "best_epoch": 20,
      "early_stopping_monitor": null,
      "epochs_ran": 20,
      "fold": 0,
      "macro_f1": 0.8080808080808081,
      "macro_pr_auc": 0.7615622444210178,
      "macro_recall": 0.8956228956228957,
      "per_code": {
        "blur": {
          "f1": 0.9090909090909091,
          "pr_auc": 0.8087990292535745,
          "recall": 0.9090909090909091,
          "valid_positive_count": 11
        },
        "flash": {
          "f1": 0.8484848484848485,
          "pr_auc": 0.9758877040094791,
          "recall": 0.7777777777777778,
          "valid_positive_count": 18
        },
        "tunnel": {
          "f1": 0.6666666666666666,
          "pr_auc": 0.5,
          "recall": 1.0,
          "valid_positive_count": 2
        }
      },
      "threshold": 0.5,
      "valid_code_count": 3
    },
    {
      "best_epoch": 20,
      "early_stopping_monitor": null,
      "epochs_ran": 20,
      "fold": 1,
      "macro_f1": 0.810515873015873,
      "macro_pr_auc": 0.8642035344874679,
      "macro_recall": 0.8947368421052632,
      "per_code": {
        "blur": {
          "f1": 0.9523809523809523,
          "pr_auc": 0.8480122655122654,
          "recall": 1.0,
          "valid_positive_count": 10
        },
        "flash": {
          "f1": 0.8125,
          "pr_auc": 0.9945983379501384,
          "recall": 0.6842105263157895,
          "valid_positive_count": 19
        },
        "tunnel": {
          "f1": 0.6666666666666666,
          "pr_auc": 0.75,
          "recall": 1.0,
          "valid_positive_count": 2
        }
      },
      "threshold": 0.5,
      "valid_code_count": 3
    },
    {
      "best_epoch": 20,
      "early_stopping_monitor": null,
      "epochs_ran": 20,
      "fold": 2,
      "macro_f1": 0.6976430976430977,
      "macro_pr_auc": 0.8464857831205128,
      "macro_recall": 0.8350168350168351,
      "per_code": {
        "blur": {
          "f1": 0.8,
          "pr_auc": 0.9001183160274071,
          "recall": 0.7272727272727273,
          "valid_positive_count": 11
        },
        "flash": {
          "f1": 0.8484848484848485,
          "pr_auc": 0.9726723666674648,
          "recall": 0.7777777777777778,
          "valid_positive_count": 18
        },
        "tunnel": {
          "f1": 0.4444444444444444,
          "pr_auc": 0.6666666666666666,
          "recall": 1.0,
          "valid_positive_count": 2
        }
      },
      "threshold": 0.5,
      "valid_code_count": 3
    },
    {
      "best_epoch": 20,
      "early_stopping_monitor": null,
      "epochs_ran": 20,
      "fold": 3,
      "macro_f1": 0.7378446115288221,
      "macro_pr_auc": 0.8484788359788359,
      "macro_recall": 0.8222222222222223,
      "per_code": {
        "blur": {
          "f1": 0.8421052631578947,
          "pr_auc": 0.8454365079365079,
          "recall": 0.8,
          "valid_positive_count": 10
        },
        "flash": {
          "f1": 0.8,
          "pr_auc": 1.0,
          "recall": 0.6666666666666666,
          "valid_positive_count": 18
        },
        "tunnel": {
          "f1": 0.5714285714285714,
          "pr_auc": 0.7,
          "recall": 1.0,
          "valid_positive_count": 2
        }
      },
      "threshold": 0.5,
      "valid_code_count": 3
    },
    {
      "best_epoch": 20,
      "early_stopping_monitor": null,
      "epochs_ran": 20,
      "fold": 4,
      "macro_f1": 0.7272727272727272,
      "macro_pr_auc": 0.8817704044523115,
      "macro_recall": 0.7153110047846889,
      "per_code": {
        "blur": {
          "f1": 0.8333333333333334,
          "pr_auc": 0.8266889675980584,
          "recall": 0.9090909090909091,
          "valid_positive_count": 11
        },
        "flash": {
          "f1": 0.8484848484848485,
          "pr_auc": 0.9852889124255426,
          "recall": 0.7368421052631579,
          "valid_positive_count": 19
        },
        "tunnel": {
          "f1": 0.5,
          "pr_auc": 0.8333333333333333,
          "recall": 0.5,
          "valid_positive_count": 2
        }
      },
      "threshold": 0.5,
      "valid_code_count": 3
    }
  ],
  "fold_scheme": "weld_independent",
  "mode": "window_mil",
  "sample_count": 101
}
[2026-09-08T08:27:41+00:00] complete experiment: e1a-mean
[2026-09-08T08:27:41+00:00] start experiment: e1b-max
{
  "aggregator": "max",
  "fold_count": 5,
  "fold_metrics": [
    {
      "best_epoch": 20,
      "early_stopping_monitor": null,
      "epochs_ran": 20,
      "fold": 0,
      "macro_f1": 0.7444444444444445,
      "macro_pr_auc": 0.8985917488561969,
      "macro_recall": 0.7727272727272728,
      "per_code": {
        "blur": {
          "f1": 0.9,
          "pr_auc": 0.9715909090909092,
          "recall": 0.8181818181818182,
          "valid_positive_count": 11
        },
        "flash": {
          "f1": 0.6666666666666666,
          "pr_auc": 0.9741843374776813,
          "recall": 0.5,
          "valid_positive_count": 18
        },
        "tunnel": {
          "f1": 0.6666666666666666,
          "pr_auc": 0.75,
          "recall": 1.0,
          "valid_positive_count": 2
        }
      },
      "threshold": 0.5,
      "valid_code_count": 3
    },
    {
      "best_epoch": 20,
      "early_stopping_monitor": null,
      "epochs_ran": 20,
      "fold": 1,
      "macro_f1": 0.514336917562724,
      "macro_pr_auc": 0.6673388374370123,
      "macro_recall": 0.5263157894736842,
      "per_code": {
        "blur": {
          "f1": 0.8333333333333334,
          "pr_auc": 0.811024531024531,
          "recall": 1.0,
          "valid_positive_count": 10
        },
        "flash": {
          "f1": 0.7096774193548387,
          "pr_auc": 0.9648015050960299,
          "recall": 0.5789473684210527,
          "valid_positive_count": 19
        },
        "tunnel": {
          "f1": 0.0,
          "pr_auc": 0.22619047619047616,
          "recall": 0.0,
          "valid_positive_count": 2
        }
      },
      "threshold": 0.5,
      "valid_code_count": 3
    },
    {
      "best_epoch": 20,
      "early_stopping_monitor": null,
      "epochs_ran": 20,
      "fold": 2,
      "macro_f1": 0.7089232089232089,
      "macro_pr_auc": 0.8699253682108546,
      "macro_recall": 0.7053872053872053,
      "per_code": {
        "blur": {
          "f1": 0.7619047619047619,
          "pr_auc": 0.944077134986226,
          "recall": 0.7272727272727273,
          "valid_positive_count": 11
        },
        "flash": {
          "f1": 0.8648648648648649,
          "pr_auc": 0.9656989696463382,
          "recall": 0.8888888888888888,
          "valid_positive_count": 18
        },
        "tunnel": {
          "f1": 0.5,
          "pr_auc": 0.7,
          "recall": 0.5,
          "valid_positive_count": 2
        }
      },
      "threshold": 0.5,
      "valid_code_count": 3
    },
    {
      "best_epoch": 20,
      "early_stopping_monitor": null,
      "epochs_ran": 20,
      "fold": 3,
      "macro_f1": 0.6106286186931348,
      "macro_pr_auc": 0.7275610638549236,
      "macro_recall": 0.7555555555555555,
      "per_code": {
        "blur": {
          "f1": 0.75,
          "pr_auc": 0.9406417112299464,
          "recall": 0.6,
          "valid_positive_count": 10
        },
        "flash": {
          "f1": 0.7741935483870968,
          "pr_auc": 0.9741843374776813,
          "recall": 0.6666666666666666,
          "valid_positive_count": 18
        },
        "tunnel": {
          "f1": 0.3076923076923077,
          "pr_auc": 0.26785714285714285,
          "recall": 1.0,
          "valid_positive_count": 2
        }
      },
      "threshold": 0.5,
      "valid_code_count": 3
    },
    {
      "best_epoch": 20,
      "early_stopping_monitor": null,
      "epochs_ran": 20,
      "fold": 4,
      "macro_f1": 0.7025089605734767,
      "macro_pr_auc": 0.8079375193578165,
      "macro_recall": 0.7862838915470495,
      "per_code": {
        "blur": {
          "f1": 0.7619047619047619,
          "pr_auc": 0.8458808867899776,
          "recall": 0.7272727272727273,
          "valid_positive_count": 11
        },
        "flash": {
          "f1": 0.7741935483870968,
          "pr_auc": 0.9945983379501384,
          "recall": 0.631578947368421,
          "valid_positive_count": 19
        },
        "tunnel": {
          "f1": 0.5714285714285714,
          "pr_auc": 0.5833333333333333,
          "recall": 1.0,
          "valid_positive_count": 2
        }
      },
      "threshold": 0.5,
      "valid_code_count": 3
    }
  ],
  "fold_scheme": "weld_independent",
  "mode": "window_mil",
  "sample_count": 101
}
[2026-09-08T08:37:16+00:00] complete experiment: e1b-max
[2026-09-08T08:37:16+00:00] start experiment: e1b-topk-mean
{
  "aggregator": "topk_mean",
  "fold_count": 5,
  "fold_metrics": [
    {
      "best_epoch": 20,
      "early_stopping_monitor": null,
      "epochs_ran": 20,
      "fold": 0,
      "macro_f1": 0.7777777777777777,
      "macro_pr_auc": 0.8513033890678369,
      "macro_recall": 0.8215488215488215,
      "per_code": {
        "blur": {
          "f1": 0.9523809523809523,
          "pr_auc": 0.9924242424242424,
          "recall": 0.9090909090909091,
          "valid_positive_count": 11
        },
        "flash": {
          "f1": 0.7142857142857143,
          "pr_auc": 0.9781525914459352,
          "recall": 0.5555555555555556,
          "valid_positive_count": 18
        },
        "tunnel": {
          "f1": 0.6666666666666666,
          "pr_auc": 0.5833333333333333,
          "recall": 1.0,
          "valid_positive_count": 2
        }
      },
      "threshold": 0.5,
      "valid_code_count": 3
    },
    {
      "best_epoch": 20,
      "early_stopping_monitor": null,
      "epochs_ran": 20,
      "fold": 1,
      "macro_f1": 0.5041407867494824,
      "macro_pr_auc": 0.6652020853002601,
      "macro_recall": 0.49122807017543857,
      "per_code": {
        "blur": {
          "f1": 0.8695652173913043,
          "pr_auc": 0.8046142746142746,
          "recall": 1.0,
          "valid_positive_count": 10
        },
        "flash": {
          "f1": 0.6428571428571429,
          "pr_auc": 0.9648015050960299,
          "recall": 0.47368421052631576,
          "valid_positive_count": 19
        },
        "tunnel": {
          "f1": 0.0,
          "pr_auc": 0.22619047619047616,
          "recall": 0.0,
          "valid_positive_count": 2
        }
      },
      "threshold": 0.5,
      "valid_code_count": 3
    },
    {
      "best_epoch": 20,
      "early_stopping_monitor": null,
      "epochs_ran": 20,
      "fold": 2,
      "macro_f1": 0.6632183908045978,
      "macro_pr_auc": 0.8353776730410717,
      "macro_recall": 0.5942760942760943,
      "per_code": {
        "blur": {
          "f1": 0.8,
          "pr_auc": 0.9242229992229993,
          "recall": 0.7272727272727273,
          "valid_positive_count": 11
        },
        "flash": {
          "f1": 0.6896551724137931,
          "pr_auc": 0.9390528770430732,
          "recall": 0.5555555555555556,
          "valid_positive_count": 18
        },
        "tunnel": {
          "f1": 0.5,
          "pr_auc": 0.6428571428571428,
          "recall": 0.5,
          "valid_positive_count": 2
        }
      },
      "threshold": 0.5,
      "valid_code_count": 3
    },
    {
      "best_epoch": 20,
      "early_stopping_monitor": null,
      "epochs_ran": 20,
      "fold": 3,
      "macro_f1": 0.6,
      "macro_pr_auc": 0.6956883061866721,
      "macro_recall": 0.6555555555555556,
      "per_code": {
        "blur": {
          "f1": 0.8,
          "pr_auc": 0.9156746031746031,
          "recall": 0.8,
          "valid_positive_count": 10
        },
        "flash": {
          "f1": 0.8,
          "pr_auc": 0.9769458709409691,
          "recall": 0.6666666666666666,
          "valid_positive_count": 18
        },
        "tunnel": {
          "f1": 0.2,
          "pr_auc": 0.19444444444444442,
          "recall": 0.5,
          "valid_positive_count": 2
        }
      },
      "threshold": 0.5,
      "valid_code_count": 3
    },
    {
      "best_epoch": 20,
      "early_stopping_monitor": null,
      "epochs_ran": 20,
      "fold": 4,
      "macro_f1": 0.7340367965367965,
      "macro_pr_auc": 0.8252606102103192,
      "macro_recall": 0.8341307814992026,
      "per_code": {
        "blur": {
          "f1": 0.8181818181818182,
          "pr_auc": 0.8978501593474857,
          "recall": 0.8181818181818182,
          "valid_positive_count": 11
        },
        "flash": {
          "f1": 0.8125,
          "pr_auc": 0.9945983379501384,
          "recall": 0.6842105263157895,
          "valid_positive_count": 19
        },
        "tunnel": {
          "f1": 0.5714285714285714,
          "pr_auc": 0.5833333333333333,
          "recall": 1.0,
          "valid_positive_count": 2
        }
      },
      "threshold": 0.5,
      "valid_code_count": 3
    }
  ],
  "fold_scheme": "weld_independent",
  "mode": "window_mil",
  "sample_count": 101
}
[2026-09-08T08:46:11+00:00] complete experiment: e1b-topk-mean
[2026-09-08T08:46:11+00:00] start experiment: e1c-gated-attention
{
  "aggregator": "gated_attention",
  "fold_count": 5,
  "fold_metrics": [
    {
      "best_epoch": 20,
      "early_stopping_monitor": null,
      "epochs_ran": 20,
      "fold": 0,
      "macro_f1": 0.8834224598930481,
      "macro_pr_auc": 0.9018230951909846,
      "macro_recall": 0.9326599326599326,
      "per_code": {
        "blur": {
          "f1": 0.9090909090909091,
          "pr_auc": 0.878146348600894,
          "recall": 0.9090909090909091,
          "valid_positive_count": 11
        },
        "flash": {
          "f1": 0.9411764705882353,
          "pr_auc": 0.9939896036387266,
          "recall": 0.8888888888888888,
          "valid_positive_count": 18
        },
        "tunnel": {
          "f1": 0.8,
          "pr_auc": 0.8333333333333333,
          "recall": 1.0,
          "valid_positive_count": 2
        }
      },
      "threshold": 0.5,
      "valid_code_count": 3
    },
    {
      "best_epoch": 20,
      "early_stopping_monitor": null,
      "epochs_ran": 20,
      "fold": 1,
      "macro_f1": 0.6671554252199413,
      "macro_pr_auc": 0.7877955377955378,
      "macro_recall": 0.643859649122807,
      "per_code": {
        "blur": {
          "f1": 0.7272727272727273,
          "pr_auc": 0.9133866133866132,
          "recall": 0.8,
          "valid_positive_count": 10
        },
        "flash": {
          "f1": 0.7741935483870968,
          "pr_auc": 0.9999999999999998,
          "recall": 0.631578947368421,
          "valid_positive_count": 19
        },
        "tunnel": {
          "f1": 0.5,
          "pr_auc": 0.45,
          "recall": 0.5,
          "valid_positive_count": 2
        }
      },
      "threshold": 0.5,
      "valid_code_count": 3
    },
    {
      "best_epoch": 20,
      "early_stopping_monitor": null,
      "epochs_ran": 20,
      "fold": 2,
      "macro_f1": 0.6441176470588236,
      "macro_pr_auc": 0.8399002678607942,
      "macro_recall": 0.6868686868686869,
      "per_code": {
        "blur": {
          "f1": 0.8,
          "pr_auc": 0.9378445084327438,
          "recall": 0.7272727272727273,
          "valid_positive_count": 11
        },
        "flash": {
          "f1": 0.8823529411764706,
          "pr_auc": 0.9818562951496389,
          "recall": 0.8333333333333334,
          "valid_positive_count": 18
        },
        "tunnel": {
          "f1": 0.25,
          "pr_auc": 0.6,
          "recall": 0.5,
          "valid_positive_count": 2
        }
      },
      "threshold": 0.5,
      "valid_code_count": 3
    },
    {
      "best_epoch": 20,
      "early_stopping_monitor": null,
      "epochs_ran": 20,
      "fold": 3,
      "macro_f1": 0.7039473684210527,
      "macro_pr_auc": 0.8162099098648806,
      "macro_recall": 0.6592592592592593,
      "per_code": {
        "blur": {
          "f1": 0.7368421052631579,
          "pr_auc": 0.8546401259559154,
          "recall": 0.7,
          "valid_positive_count": 10
        },
        "flash": {
          "f1": 0.875,
          "pr_auc": 0.9939896036387266,
          "recall": 0.7777777777777778,
          "valid_positive_count": 18
        },
        "tunnel": {
          "f1": 0.5,
          "pr_auc": 0.6,
          "recall": 0.5,
          "valid_positive_count": 2
        }
      },
      "threshold": 0.5,
      "valid_code_count": 3
    },
    {
      "best_epoch": 20,
      "early_stopping_monitor": null,
      "epochs_ran": 20,
      "fold": 4,
      "macro_f1": 0.6590306997039115,
      "macro_pr_auc": 0.8063874279185282,
      "macro_recall": 0.6802232854864433,
      "per_code": {
        "blur": {
          "f1": 0.8695652173913043,
          "pr_auc": 0.755127196036287,
          "recall": 0.9090909090909091,
          "valid_positive_count": 11
        },
        "flash": {
          "f1": 0.7741935483870968,
          "pr_auc": 0.9973684210526315,
          "recall": 0.631578947368421,
          "valid_positive_count": 19
        },
        "tunnel": {
          "f1": 0.3333333333333333,
          "pr_auc": 0.6666666666666666,
          "recall": 0.5,
          "valid_positive_count": 2
        }
      },
      "threshold": 0.5,
      "valid_code_count": 3
    }
  ],
  "fold_scheme": "weld_independent",
  "mode": "window_mil",
  "sample_count": 101
}
[2026-09-08T08:55:54+00:00] complete experiment: e1c-gated-attention
