{
  "aggregator": "mean",
  "completed_fold_count": 5,
  "fold_count": 5,
  "fold_metrics": [
    {
      "best_epoch": 20,
      "early_stopping_monitor": null,
      "epochs_ran": 20,
      "fold": 0,
      "macro_f1": 0.4685908319185059,
      "macro_pr_auc": 0.6288617685268013,
      "macro_recall": 0.404040404040404,
      "per_code": {
        "blur": {
          "f1": 0.631578947368421,
          "pr_auc": 0.8143759018759018,
          "recall": 0.5454545454545454,
          "valid_positive_count": 11
        },
        "flash": {
          "f1": 0.7741935483870968,
          "pr_auc": 0.9680427370378353,
          "recall": 0.6666666666666666,
          "valid_positive_count": 18
        },
        "tunnel": {
          "f1": 0.0,
          "pr_auc": 0.10416666666666666,
          "recall": 0.0,
          "valid_positive_count": 2
        }
      },
      "threshold": 0.5,
      "valid_code_count": 3
    },
    {
      "best_epoch": 20,
      "early_stopping_monitor": null,
      "epochs_ran": 20,
      "fold": 1,
      "macro_f1": 0.5526695526695526,
      "macro_pr_auc": 0.5848422940194163,
      "macro_recall": 0.6614035087719299,
      "per_code": {
        "blur": {
          "f1": 0.7272727272727273,
          "pr_auc": 0.7607675657675657,
          "recall": 0.8,
          "valid_positive_count": 10
        },
        "flash": {
          "f1": 0.7878787878787878,
          "pr_auc": 0.8895926496240167,
          "recall": 0.6842105263157895,
          "valid_positive_count": 19
        },
        "tunnel": {
          "f1": 0.14285714285714285,
          "pr_auc": 0.10416666666666666,
          "recall": 0.5,
          "valid_positive_count": 2
        }
      },
      "threshold": 0.5,
      "valid_code_count": 3
    },
    {
      "best_epoch": 20,
      "early_stopping_monitor": null,
      "epochs_ran": 20,
      "fold": 2,
      "macro_f1": 0.4486673072132665,
      "macro_pr_auc": 0.7217516101102351,
      "macro_recall": 0.6397306397306397,
      "per_code": {
        "blur": {
          "f1": 0.42105263157894735,
          "pr_auc": 0.7196573925183551,
          "recall": 0.36363636363636365,
          "valid_positive_count": 11
        },
        "flash": {
          "f1": 0.6896551724137931,
          "pr_auc": 0.9455974378123502,
          "recall": 0.5555555555555556,
          "valid_positive_count": 18
        },
        "tunnel": {
          "f1": 0.23529411764705882,
          "pr_auc": 0.5,
          "recall": 1.0,
          "valid_positive_count": 2
        }
      },
      "threshold": 0.5,
      "valid_code_count": 3
    },
    {
      "best_epoch": 20,
      "early_stopping_monitor": null,
      "epochs_ran": 20,
      "fold": 3,
      "macro_f1": 0.6586744639376217,
      "macro_pr_auc": 0.6393883861586821,
      "macro_recall": 0.8481481481481481,
      "per_code": {
        "blur": {
          "f1": 0.631578947368421,
          "pr_auc": 0.6974908424908425,
          "recall": 0.6,
          "valid_positive_count": 10
        },
        "flash": {
          "f1": 0.9444444444444444,
          "pr_auc": 0.9706743159852036,
          "recall": 0.9444444444444444,
          "valid_positive_count": 18
        },
        "tunnel": {
          "f1": 0.4,
          "pr_auc": 0.25,
          "recall": 1.0,
          "valid_positive_count": 2
        }
      },
      "threshold": 0.5,
      "valid_code_count": 3
    },
    {
      "best_epoch": 20,
      "early_stopping_monitor": null,
      "epochs_ran": 20,
      "fold": 4,
      "macro_f1": 0.5395127748068925,
      "macro_pr_auc": 0.6496166154803407,
      "macro_recall": 0.5637958532695374,
      "per_code": {
        "blur": {
          "f1": 0.5882352941176471,
          "pr_auc": 0.7921323625869079,
          "recall": 0.45454545454545453,
          "valid_positive_count": 11
        },
        "flash": {
          "f1": 0.8484848484848485,
          "pr_auc": 0.9852889124255426,
          "recall": 0.7368421052631579,
          "valid_positive_count": 19
        },
        "tunnel": {
          "f1": 0.18181818181818182,
          "pr_auc": 0.17142857142857143,
          "recall": 0.5,
          "valid_positive_count": 2
        }
      },
      "threshold": 0.5,
      "valid_code_count": 3
    }
  ],
  "fold_scheme": "weld_independent",
  "mode": "window_mil",
  "run_folds": [
    0,
    1,
    2,
    3,
    4
  ],
  "sample_count": 101
}
