{
  "aggregator": "mean",
  "completed_fold_count": 5,
  "fold_count": 5,
  "fold_metrics": [
    {
      "best_epoch": 20,
      "early_stopping_monitor": null,
      "epochs_ran": 20,
      "fold": 0,
      "macro_f1": 0.4930555555555555,
      "macro_pr_auc": 0.6399785255367002,
      "macro_recall": 0.45286195286195285,
      "per_code": {
        "blur": {
          "f1": 0.6666666666666666,
          "pr_auc": 0.8057427421063785,
          "recall": 0.6363636363636364,
          "valid_positive_count": 11
        },
        "flash": {
          "f1": 0.8125,
          "pr_auc": 0.9753039456148334,
          "recall": 0.7222222222222222,
          "valid_positive_count": 18
        },
        "tunnel": {
          "f1": 0.0,
          "pr_auc": 0.1388888888888889,
          "recall": 0.0,
          "valid_positive_count": 2
        }
      },
      "threshold": 0.5,
      "valid_code_count": 3
    },
    {
      "best_epoch": 20,
      "early_stopping_monitor": null,
      "epochs_ran": 20,
      "fold": 1,
      "macro_f1": 0.39999999999999997,
      "macro_pr_auc": 0.577943729048096,
      "macro_recall": 0.3087719298245614,
      "per_code": {
        "blur": {
          "f1": 0.5333333333333333,
          "pr_auc": 0.7294096099978452,
          "recall": 0.4,
          "valid_positive_count": 10
        },
        "flash": {
          "f1": 0.6666666666666666,
          "pr_auc": 0.9071365092731394,
          "recall": 0.5263157894736842,
          "valid_positive_count": 19
        },
        "tunnel": {
          "f1": 0.0,
          "pr_auc": 0.09728506787330317,
          "recall": 0.0,
          "valid_positive_count": 2
        }
      },
      "threshold": 0.5,
      "valid_code_count": 3
    },
    {
      "best_epoch": 20,
      "early_stopping_monitor": null,
      "epochs_ran": 20,
      "fold": 2,
      "macro_f1": 0.5308641975308641,
      "macro_pr_auc": 0.6326018804268796,
      "macro_recall": 0.7239057239057239,
      "per_code": {
        "blur": {
          "f1": 0.6666666666666666,
          "pr_auc": 0.7046141024750651,
          "recall": 0.7272727272727273,
          "valid_positive_count": 11
        },
        "flash": {
          "f1": 0.5925925925925926,
          "pr_auc": 0.9015248721389073,
          "recall": 0.4444444444444444,
          "valid_positive_count": 18
        },
        "tunnel": {
          "f1": 0.3333333333333333,
          "pr_auc": 0.29166666666666663,
          "recall": 1.0,
          "valid_positive_count": 2
        }
      },
      "threshold": 0.5,
      "valid_code_count": 3
    },
    {
      "best_epoch": 20,
      "early_stopping_monitor": null,
      "epochs_ran": 20,
      "fold": 3,
      "macro_f1": 0.4741554741554741,
      "macro_pr_auc": 0.6858624668213591,
      "macro_recall": 0.6888888888888888,
      "per_code": {
        "blur": {
          "f1": 0.6923076923076923,
          "pr_auc": 0.8382679738562091,
          "recall": 0.9,
          "valid_positive_count": 10
        },
        "flash": {
          "f1": 0.2857142857142857,
          "pr_auc": 0.9276527599412017,
          "recall": 0.16666666666666666,
          "valid_positive_count": 18
        },
        "tunnel": {
          "f1": 0.4444444444444444,
          "pr_auc": 0.29166666666666663,
          "recall": 1.0,
          "valid_positive_count": 2
        }
      },
      "threshold": 0.5,
      "valid_code_count": 3
    },
    {
      "best_epoch": 20,
      "early_stopping_monitor": null,
      "epochs_ran": 20,
      "fold": 4,
      "macro_f1": 0.5530158730158731,
      "macro_pr_auc": 0.6667577051763135,
      "macro_recall": 0.7687400318979266,
      "per_code": {
        "blur": {
          "f1": 0.64,
          "pr_auc": 0.814154309742545,
          "recall": 0.7272727272727273,
          "valid_positive_count": 11
        },
        "flash": {
          "f1": 0.7333333333333333,
          "pr_auc": 0.9916743613419512,
          "recall": 0.5789473684210527,
          "valid_positive_count": 19
        },
        "tunnel": {
          "f1": 0.2857142857142857,
          "pr_auc": 0.19444444444444442,
          "recall": 1.0,
          "valid_positive_count": 2
        }
      },
      "threshold": 0.5,
      "valid_code_count": 3
    }
  ],
  "fold_scheme": "weld_independent",
  "mode": "window_mil",
  "run_folds": [
    0,
    1,
    2,
    3,
    4
  ],
  "sample_count": 101
}
