{
  "aggregator": "gated_attention",
  "completed_fold_count": 1,
  "fold_count": 5,
  "fold_metrics": [
    {
      "best_epoch": 20,
      "early_stopping_monitor": null,
      "epochs_ran": 20,
      "fold": 0,
      "macro_f1": 0.7391391391391391,
      "macro_pr_auc": 0.7896279782164558,
      "macro_recall": 0.9090909090909092,
      "per_code": {
        "blur": {
          "f1": 0.8,
          "pr_auc": 0.9649678604224059,
          "recall": 0.7272727272727273,
          "valid_positive_count": 11
        },
        "flash": {
          "f1": 0.972972972972973,
          "pr_auc": 0.9872494075602952,
          "recall": 1.0,
          "valid_positive_count": 18
        },
        "tunnel": {
          "f1": 0.4444444444444444,
          "pr_auc": 0.41666666666666663,
          "recall": 1.0,
          "valid_positive_count": 2
        }
      },
      "threshold": 0.5,
      "valid_code_count": 3
    }
  ],
  "fold_scheme": "weld_independent",
  "mode": "window_mil",
  "run_folds": [
    0
  ],
  "sample_count": 20
}
