{
  "aggregator": "mean",
  "completed_fold_count": 5,
  "fold_count": 5,
  "fold_metrics": [
    {
      "best_epoch": 20,
      "early_stopping_monitor": null,
      "epochs_ran": 20,
      "fold": 0,
      "macro_f1": 0.5968253968253968,
      "macro_pr_auc": 0.6504803969755342,
      "macro_recall": 0.7929292929292929,
      "per_code": {
        "blur": {
          "f1": 0.6,
          "pr_auc": 0.8019423758060122,
          "recall": 0.5454545454545454,
          "valid_positive_count": 11
        },
        "flash": {
          "f1": 0.8571428571428571,
          "pr_auc": 0.9758877040094791,
          "recall": 0.8333333333333334,
          "valid_positive_count": 18
        },
        "tunnel": {
          "f1": 0.3333333333333333,
          "pr_auc": 0.1736111111111111,
          "recall": 1.0,
          "valid_positive_count": 2
        }
      },
      "threshold": 0.5,
      "valid_code_count": 3
    },
    {
      "best_epoch": 20,
      "early_stopping_monitor": null,
      "epochs_ran": 20,
      "fold": 1,
      "macro_f1": 0.6063492063492063,
      "macro_pr_auc": 0.7034386763334132,
      "macro_recall": 0.6263157894736843,
      "per_code": {
        "blur": {
          "f1": 0.8,
          "pr_auc": 0.911024531024531,
          "recall": 0.8,
          "valid_positive_count": 10
        },
        "flash": {
          "f1": 0.7333333333333333,
          "pr_auc": 0.9973684210526315,
          "recall": 0.5789473684210527,
          "valid_positive_count": 19
        },
        "tunnel": {
          "f1": 0.2857142857142857,
          "pr_auc": 0.20192307692307693,
          "recall": 0.5,
          "valid_positive_count": 2
        }
      },
      "threshold": 0.5,
      "valid_code_count": 3
    },
    {
      "best_epoch": 20,
      "early_stopping_monitor": null,
      "epochs_ran": 20,
      "fold": 2,
      "macro_f1": 0.543859649122807,
      "macro_pr_auc": 0.8130078512022957,
      "macro_recall": 0.5151515151515151,
      "per_code": {
        "blur": {
          "f1": 0.631578947368421,
          "pr_auc": 0.7733617689500043,
          "recall": 0.5454545454545454,
          "valid_positive_count": 11
        },
        "flash": {
          "f1": 0.6666666666666666,
          "pr_auc": 0.9656617846568829,
          "recall": 0.5,
          "valid_positive_count": 18
        },
        "tunnel": {
          "f1": 0.3333333333333333,
          "pr_auc": 0.7,
          "recall": 0.5,
          "valid_positive_count": 2
        }
      },
      "threshold": 0.5,
      "valid_code_count": 3
    },
    {
      "best_epoch": 20,
      "early_stopping_monitor": null,
      "epochs_ran": 20,
      "fold": 3,
      "macro_f1": 0.6222222222222222,
      "macro_pr_auc": 0.7322618988116064,
      "macro_recall": 0.7555555555555555,
      "per_code": {
        "blur": {
          "f1": 0.6666666666666666,
          "pr_auc": 0.8361294261294261,
          "recall": 0.6,
          "valid_positive_count": 10
        },
        "flash": {
          "f1": 0.8,
          "pr_auc": 0.9939896036387266,
          "recall": 0.6666666666666666,
          "valid_positive_count": 18
        },
        "tunnel": {
          "f1": 0.4,
          "pr_auc": 0.3666666666666667,
          "recall": 1.0,
          "valid_positive_count": 2
        }
      },
      "threshold": 0.5,
      "valid_code_count": 3
    },
    {
      "best_epoch": 20,
      "early_stopping_monitor": null,
      "epochs_ran": 20,
      "fold": 4,
      "macro_f1": 0.6926683716965046,
      "macro_pr_auc": 0.878323488607422,
      "macro_recall": 0.8389154704944178,
      "per_code": {
        "blur": {
          "f1": 0.6956521739130435,
          "pr_auc": 0.8070387945387945,
          "recall": 0.7272727272727273,
          "valid_positive_count": 11
        },
        "flash": {
          "f1": 0.8823529411764706,
          "pr_auc": 0.9945983379501384,
          "recall": 0.7894736842105263,
          "valid_positive_count": 19
        },
        "tunnel": {
          "f1": 0.5,
          "pr_auc": 0.8333333333333333,
          "recall": 1.0,
          "valid_positive_count": 2
        }
      },
      "threshold": 0.5,
      "valid_code_count": 3
    }
  ],
  "fold_scheme": "weld_independent",
  "mode": "window_mil",
  "run_folds": [
    0,
    1,
    2,
    3,
    4
  ],
  "sample_count": 101
}
