{
  "aggregator": "topk_mean",
  "completed_fold_count": 5,
  "fold_count": 5,
  "fold_metrics": [
    {
      "best_epoch": 20,
      "early_stopping_monitor": null,
      "epochs_ran": 20,
      "fold": 0,
      "macro_f1": 0.5511334543592609,
      "macro_pr_auc": 0.6108634949848947,
      "macro_recall": 0.6127946127946128,
      "per_code": {
        "blur": {
          "f1": 0.7619047619047619,
          "pr_auc": 0.8752265411356321,
          "recall": 0.7272727272727273,
          "valid_positive_count": 11
        },
        "flash": {
          "f1": 0.7096774193548387,
          "pr_auc": 0.8039548529099613,
          "recall": 0.6111111111111112,
          "valid_positive_count": 18
        },
        "tunnel": {
          "f1": 0.18181818181818182,
          "pr_auc": 0.1534090909090909,
          "recall": 0.5,
          "valid_positive_count": 2
        }
      },
      "threshold": 0.5,
      "valid_code_count": 3
    },
    {
      "best_epoch": 20,
      "early_stopping_monitor": null,
      "epochs_ran": 20,
      "fold": 1,
      "macro_f1": 0.5052790346907994,
      "macro_pr_auc": 0.6091026143091484,
      "macro_recall": 0.5456140350877193,
      "per_code": {
        "blur": {
          "f1": 0.6923076923076923,
          "pr_auc": 0.7589273145155497,
          "recall": 0.9,
          "valid_positive_count": 10
        },
        "flash": {
          "f1": 0.8235294117647058,
          "pr_auc": 0.9395926496240166,
          "recall": 0.7368421052631579,
          "valid_positive_count": 19
        },
        "tunnel": {
          "f1": 0.0,
          "pr_auc": 0.12878787878787878,
          "recall": 0.0,
          "valid_positive_count": 2
        }
      },
      "threshold": 0.5,
      "valid_code_count": 3
    },
    {
      "best_epoch": 20,
      "early_stopping_monitor": null,
      "epochs_ran": 20,
      "fold": 2,
      "macro_f1": 0.40686274509803916,
      "macro_pr_auc": 0.7609026413743476,
      "macro_recall": 0.38047138047138046,
      "per_code": {
        "blur": {
          "f1": 0.47058823529411764,
          "pr_auc": 0.7875161388319283,
          "recall": 0.36363636363636365,
          "valid_positive_count": 11
        },
        "flash": {
          "f1": 0.4166666666666667,
          "pr_auc": 0.8523346424339716,
          "recall": 0.2777777777777778,
          "valid_positive_count": 18
        },
        "tunnel": {
          "f1": 0.3333333333333333,
          "pr_auc": 0.6428571428571428,
          "recall": 0.5,
          "valid_positive_count": 2
        }
      },
      "threshold": 0.5,
      "valid_code_count": 3
    },
    {
      "best_epoch": 20,
      "early_stopping_monitor": null,
      "epochs_ran": 20,
      "fold": 3,
      "macro_f1": 0.2203548085901027,
      "macro_pr_auc": 0.5885623203192863,
      "macro_recall": 0.17037037037037037,
      "per_code": {
        "blur": {
          "f1": 0.47058823529411764,
          "pr_auc": 0.6108061821219716,
          "recall": 0.4,
          "valid_positive_count": 10
        },
        "flash": {
          "f1": 0.19047619047619047,
          "pr_auc": 0.821547445502554,
          "recall": 0.1111111111111111,
          "valid_positive_count": 18
        },
        "tunnel": {
          "f1": 0.0,
          "pr_auc": 0.3333333333333333,
          "recall": 0.0,
          "valid_positive_count": 2
        }
      },
      "threshold": 0.5,
      "valid_code_count": 3
    },
    {
      "best_epoch": 20,
      "early_stopping_monitor": null,
      "epochs_ran": 20,
      "fold": 4,
      "macro_f1": 0.6257575757575758,
      "macro_pr_auc": 0.8533459005493387,
      "macro_recall": 0.7862838915470495,
      "per_code": {
        "blur": {
          "f1": 0.7272727272727273,
          "pr_auc": 0.8452361965519861,
          "recall": 0.7272727272727273,
          "valid_positive_count": 11
        },
        "flash": {
          "f1": 0.75,
          "pr_auc": 0.9648015050960299,
          "recall": 0.631578947368421,
          "valid_positive_count": 19
        },
        "tunnel": {
          "f1": 0.4,
          "pr_auc": 0.75,
          "recall": 1.0,
          "valid_positive_count": 2
        }
      },
      "threshold": 0.5,
      "valid_code_count": 3
    }
  ],
  "fold_scheme": "weld_independent",
  "mode": "window_mil",
  "run_folds": [
    0,
    1,
    2,
    3,
    4
  ],
  "sample_count": 101
}
